test_empty_pool (loom.tools.structure.retrieval_exploration_v1.test_explore.BM25Tests.test_empty_pool) ... ok
test_invalid_parameters (loom.tools.structure.retrieval_exploration_v1.test_explore.BM25Tests.test_invalid_parameters) ... ok
test_length_normalization_control (loom.tools.structure.retrieval_exploration_v1.test_explore.BM25Tests.test_length_normalization_control) ... ok
test_no_shared_vocabulary_keeps_zero_score_available (loom.tools.structure.retrieval_exploration_v1.test_explore.BM25Tests.test_no_shared_vocabulary_keeps_zero_score_available) ... ok
test_prefix_statistics_are_local_and_repeatable (loom.tools.structure.retrieval_exploration_v1.test_explore.BM25Tests.test_prefix_statistics_are_local_and_repeatable) ... ok
test_query_frequency_counts (loom.tools.structure.retrieval_exploration_v1.test_explore.BM25Tests.test_query_frequency_counts) ... ok
test_single_term_hand_calculation (loom.tools.structure.retrieval_exploration_v1.test_explore.BM25Tests.test_single_term_hand_calculation) ... ok
test_unicode_and_negation_retained (loom.tools.structure.retrieval_exploration_v1.test_explore.BM25Tests.test_unicode_and_negation_retained) ... ok
test_empty_pool_rank_abstains (loom.tools.structure.retrieval_exploration_v1.test_explore.FusionTests.test_empty_pool_rank_abstains) ... ok
test_rrf_duplicate_rejected (loom.tools.structure.retrieval_exploration_v1.test_explore.FusionTests.test_rrf_duplicate_rejected) ... ok
test_rrf_formula (loom.tools.structure.retrieval_exploration_v1.test_explore.FusionTests.test_rrf_formula) ... ok
test_rrf_no_channel_veto (loom.tools.structure.retrieval_exploration_v1.test_explore.FusionTests.test_rrf_no_channel_veto) ... ok
test_rrf_unknown_identity_rejected (loom.tools.structure.retrieval_exploration_v1.test_explore.FusionTests.test_rrf_unknown_identity_rejected) ... ok
test_ties_preserve_original_order_and_zero_availability (loom.tools.structure.retrieval_exploration_v1.test_explore.FusionTests.test_ties_preserve_original_order_and_zero_availability) ... ok
test_auc_ties_and_query_denominators (loom.tools.structure.retrieval_exploration_v1.test_explore.MetricTests.test_auc_ties_and_query_denominators) ... ok
test_empty_relevance_has_undefined_recall (loom.tools.structure.retrieval_exploration_v1.test_explore.MetricTests.test_empty_relevance_has_undefined_recall) ... ok
test_aliases_are_supplied_not_learned (loom.tools.structure.retrieval_exploration_v1.test_explore.RepresentationTests.test_aliases_are_supplied_not_learned) ... ok
test_case_insensitive_speaker_softness_keeps_other_sources (loom.tools.structure.retrieval_exploration_v1.test_explore.RepresentationTests.test_case_insensitive_speaker_softness_keeps_other_sources) ... ok
test_causes_relation_is_not_rendered_as_implication (loom.tools.structure.retrieval_exploration_v1.test_explore.RepresentationTests.test_causes_relation_is_not_rendered_as_implication) ... ok
test_empty_endpoint_does_not_create_direction (loom.tools.structure.retrieval_exploration_v1.test_explore.RepresentationTests.test_empty_endpoint_does_not_create_direction) ... ok
test_forward_reverse_preserve_direction (loom.tools.structure.retrieval_exploration_v1.test_explore.RepresentationTests.test_forward_reverse_preserve_direction) ... ok
test_operator_direction_bonus_only_contiguous_forward (loom.tools.structure.retrieval_exploration_v1.test_explore.RepresentationTests.test_operator_direction_bonus_only_contiguous_forward) ... ok
test_polish_negation_retained (loom.tools.structure.retrieval_exploration_v1.test_explore.RepresentationTests.test_polish_negation_retained) ... ok
test_duplicate_rank_rejected (loom.tools.structure.retrieval_exploration_v1.test_byte_budget.AllocationTests.test_duplicate_rank_rejected) ... ok
test_exact_budget_is_inclusive (loom.tools.structure.retrieval_exploration_v1.test_byte_budget.AllocationTests.test_exact_budget_is_inclusive) ... ok
test_full_source_bytes_no_partial_turn (loom.tools.structure.retrieval_exploration_v1.test_byte_budget.AllocationTests.test_full_source_bytes_no_partial_turn) ... ok
test_identity_drift_rejected (loom.tools.structure.retrieval_exploration_v1.test_byte_budget.AllocationTests.test_identity_drift_rejected) ... ok
test_negative_and_noninteger_cost_rejected (loom.tools.structure.retrieval_exploration_v1.test_byte_budget.AllocationTests.test_negative_and_noninteger_cost_rejected) ... ok
test_oversized_first_turn_retains_empty_selection (loom.tools.structure.retrieval_exploration_v1.test_byte_budget.AllocationTests.test_oversized_first_turn_retains_empty_selection) ... ok
test_prefix_preserves_ranking_and_stops (loom.tools.structure.retrieval_exploration_v1.test_byte_budget.AllocationTests.test_prefix_preserves_ranking_and_stops) ... ok
test_skip_is_explicit_budget_heuristic (loom.tools.structure.retrieval_exploration_v1.test_byte_budget.AllocationTests.test_skip_is_explicit_budget_heuristic) ... ok
test_ceiling_cannot_expand_to_undeclared_large_pool (loom.tools.structure.retrieval_exploration_v1.test_byte_budget.CeilingTests.test_ceiling_cannot_expand_to_undeclared_large_pool) ... ok
test_oracle_maximizes_annotated_spans_only (loom.tools.structure.retrieval_exploration_v1.test_byte_budget.CeilingTests.test_oracle_maximizes_annotated_spans_only) ... ok
test_oracle_unknown_selects_no_gold_evidence (loom.tools.structure.retrieval_exploration_v1.test_byte_budget.CeilingTests.test_oracle_unknown_selects_no_gold_evidence) ... ok
test_zero_byte_irrelevant_source_not_added_to_ceiling (loom.tools.structure.retrieval_exploration_v1.test_byte_budget.CeilingTests.test_zero_byte_irrelevant_source_not_added_to_ceiling) ... ok
test_exact_primary_rendering (loom.tools.structure.retrieval_exploration_v1.test_template_renderer_v2.DataRendererTests.test_exact_primary_rendering) ... ok
test_negation_and_aliases_preserved (loom.tools.structure.retrieval_exploration_v1.test_template_renderer_v2.DataRendererTests.test_negation_and_aliases_preserved) ... ok
test_policy_extension_needs_no_code_change (loom.tools.structure.retrieval_exploration_v1.test_template_renderer_v2.DataRendererTests.test_policy_extension_needs_no_code_change) ... ok
test_unknown_language_rejected (loom.tools.structure.retrieval_exploration_v1.test_template_renderer_v2.DataRendererTests.test_unknown_language_rejected) ... ok
test_unknown_operation_rejected (loom.tools.structure.retrieval_exploration_v1.test_template_renderer_v2.DataRendererTests.test_unknown_operation_rejected) ... ok
test_all_candidates_and_raw_scores_preserved (loom.tools.structure.retrieval_exploration_v1.cross_encoder_v1.test_cross_encoder.BindingTests.test_all_candidates_and_raw_scores_preserved) ... ok
test_candidate_drift_rejected (loom.tools.structure.retrieval_exploration_v1.cross_encoder_v1.test_cross_encoder.BindingTests.test_candidate_drift_rejected) ... ok
test_nonfinite_replay_score_rejected (loom.tools.structure.retrieval_exploration_v1.cross_encoder_v1.test_cross_encoder.BindingTests.test_nonfinite_replay_score_rejected) ... ok
test_pair_binding_drift_rejected (loom.tools.structure.retrieval_exploration_v1.cross_encoder_v1.test_cross_encoder.BindingTests.test_pair_binding_drift_rejected) ... ok
test_prefix_drift_rejected (loom.tools.structure.retrieval_exploration_v1.cross_encoder_v1.test_cross_encoder.BindingTests.test_prefix_drift_rejected) ... ok
test_nonfinite_output_rejected (loom.tools.structure.retrieval_exploration_v1.cross_encoder_v1.test_cross_encoder.PairAndOutputTests.test_nonfinite_output_rejected) ... ok
test_output_shape_rejected (loom.tools.structure.retrieval_exploration_v1.cross_encoder_v1.test_cross_encoder.PairAndOutputTests.test_output_shape_rejected) ... ok
test_pair_cache_prevents_separator_collision (loom.tools.structure.retrieval_exploration_v1.cross_encoder_v1.test_cross_encoder.PairAndOutputTests.test_pair_cache_prevents_separator_collision) ... ok
test_pair_cache_respects_order_and_cap (loom.tools.structure.retrieval_exploration_v1.cross_encoder_v1.test_cross_encoder.PairAndOutputTests.test_pair_cache_respects_order_and_cap) ... ok
test_raw_negative_logit_is_not_clamped_or_sigmoid (loom.tools.structure.retrieval_exploration_v1.cross_encoder_v1.test_cross_encoder.PairAndOutputTests.test_raw_negative_logit_is_not_clamped_or_sigmoid) ... ok
test_unicode_bytes_retained (loom.tools.structure.retrieval_exploration_v1.cross_encoder_v1.test_cross_encoder.PairAndOutputTests.test_unicode_bytes_retained) ... ok
test_exact_pointer_unicode_byte_grounding (loom.tools.structure.retrieval_exploration_v1.native_source_free_v1.test_native_panel_v3.NativeGroundingTests.test_exact_pointer_unicode_byte_grounding) ... ok
test_inside_unicode_codepoint_rejected (loom.tools.structure.retrieval_exploration_v1.native_source_free_v1.test_native_panel_v3.NativeGroundingTests.test_inside_unicode_codepoint_rejected) ... ok
test_rfc6901_escaping (loom.tools.structure.retrieval_exploration_v1.native_source_free_v1.test_native_panel_v3.NativeGroundingTests.test_rfc6901_escaping) ... ok
test_wrong_quote_rejected (loom.tools.structure.retrieval_exploration_v1.native_source_free_v1.test_native_panel_v3.NativeGroundingTests.test_wrong_quote_rejected) ... ok
test_child_failure_is_preserved_not_retry (loom.tools.structure.retrieval_exploration_v1.native_source_free_v1.test_native_panel_v3.NativeProcessMetricsTests.test_child_failure_is_preserved_not_retry) ... ok
test_exact_binary_streams_and_actual_single_child_usage (loom.tools.structure.retrieval_exploration_v1.native_source_free_v1.test_native_panel_v3.NativeProcessMetricsTests.test_exact_binary_streams_and_actual_single_child_usage) ... ok
test_duplicate_turn_identity_rejected (loom.tools.structure.retrieval_exploration_v1.native_source_free_v1.test_native_panel_v3.NativeWrapperTests.test_duplicate_turn_identity_rejected) ... ok
test_epoch_roundtrip_exact (loom.tools.structure.retrieval_exploration_v1.native_source_free_v1.test_native_panel_v3.NativeWrapperTests.test_epoch_roundtrip_exact) ... ok
test_exact_unicode_source_content_preserved (loom.tools.structure.retrieval_exploration_v1.native_source_free_v1.test_native_panel_v3.NativeWrapperTests.test_exact_unicode_source_content_preserved) ... ok
test_linear_parent_children_order (loom.tools.structure.retrieval_exploration_v1.native_source_free_v1.test_native_panel_v3.NativeWrapperTests.test_linear_parent_children_order) ... ok
test_literal_speaker_control_is_explicit_not_silent_repair (loom.tools.structure.retrieval_exploration_v1.native_source_free_v1.test_native_panel_v3.NativeWrapperTests.test_literal_speaker_control_is_explicit_not_silent_repair) ... ok
test_original_speaker_and_date_metadata_preserved (loom.tools.structure.retrieval_exploration_v1.native_source_free_v1.test_native_panel_v3.NativeWrapperTests.test_original_speaker_and_date_metadata_preserved) ... ok
test_source_only_strips_all_supplied_nodes_queries_gold (loom.tools.structure.retrieval_exploration_v1.native_source_free_v1.test_native_panel_v3.NativeWrapperTests.test_source_only_strips_all_supplied_nodes_queries_gold) ... ok
test_unknown_arm_rejected (loom.tools.structure.retrieval_exploration_v1.native_source_free_v1.test_native_panel_v3.NativeWrapperTests.test_unknown_arm_rejected) ... ok

----------------------------------------------------------------------
Ran 65 tests in 0.113s

OK
