Fetching distribution.
Downloading https://services.gradle.org/distributions/gradle-9.7.0-bin.zip
..............10%..............20%...............30%..............40%..............50%...............60%..............70%..............80%...............90%..............100%

Welcome to Gradle 9.7.0!

Here are the highlights of this release:
 - Isolated Projects graduates to incubating
 - Broader Configuration Cache compatibility
 - More source locations in problem reports

For more details see https://docs.gradle.org/9.7.0/release-notes.html


------------------------------------------------------------
Gradle 9.7.0
------------------------------------------------------------

Build time:    2026-08-06 14:07:35 UTC
Revision:      3defbfc59d757b873d787b2261de5c7f8a00970a

Kotlin:        2.4.0
Groovy:        4.0.32
Ant:           Apache Ant(TM) version 1.10.17 compiled on April 6 2026
Launcher JVM:  17.0.20.1 (Eclipse Adoptium 17.0.20.1+1)
Daemon JVM:    /workspace/scratch/1112e9e8a3c6/continuation/scratch/ckp/android-toolchain/jdk-17.0.20.1+1 (no Daemon JVM specified, using current Java home)
OS:            Linux 6.18.44 amd64

