test_ambiguous_overlapping_quote_is_rejected (test_graph_panel_live.GraphPanelMechanismTests.test_ambiguous_overlapping_quote_is_rejected) ... ok
test_compiled_quote_offsets_cannot_be_tampered_before_scoring (test_graph_panel_live.GraphPanelMechanismTests.test_compiled_quote_offsets_cannot_be_tampered_before_scoring) ... ok
test_confusion_keeps_unavailable_in_recall_denominators (test_graph_panel_live.GraphPanelMechanismTests.test_confusion_keeps_unavailable_in_recall_denominators) ... ok
test_duplicate_local_id_adds_fp_without_erasing_correct_edges (test_graph_panel_live.GraphPanelMechanismTests.test_duplicate_local_id_adds_fp_without_erasing_correct_edges) ... ok
test_duplicate_unknown_case_output_rejected (test_graph_panel_live.GraphPanelMechanismTests.test_duplicate_unknown_case_output_rejected) ... ok
test_exact_subspan_is_source_bound_with_explicit_review_count (test_graph_panel_live.GraphPanelMechanismTests.test_exact_subspan_is_source_bound_with_explicit_review_count) ... ok
test_extraction_payload_has_no_queries_gold_or_family (test_graph_panel_live.GraphPanelMechanismTests.test_extraction_payload_has_no_queries_gold_or_family) ... ok
test_first_output_no_overwrite (test_graph_panel_live.GraphPanelMechanismTests.test_first_output_no_overwrite) ... ok
test_formal_scope_is_not_silently_judged_as_explicit_source (test_graph_panel_live.GraphPanelMechanismTests.test_formal_scope_is_not_silently_judged_as_explicit_source) ... ok
test_gpt_exact_query_identity_and_ternary_only (test_graph_panel_live.GraphPanelMechanismTests.test_gpt_exact_query_identity_and_ternary_only) ... ok
test_jev_shape_must_have_exactly_two_valid_probabilities (test_graph_panel_live.GraphPanelMechanismTests.test_jev_shape_must_have_exactly_two_valid_probabilities) ... ok
test_known_at_mismatch_and_truth_promotion_are_invalid (test_graph_panel_live.GraphPanelMechanismTests.test_known_at_mismatch_and_truth_promotion_are_invalid) ... ok
test_missing_output_keeps_every_gold_denominator (test_graph_panel_live.GraphPanelMechanismTests.test_missing_output_keeps_every_gold_denominator) ... ok
test_nonexistent_quote_and_turn_are_rejected (test_graph_panel_live.GraphPanelMechanismTests.test_nonexistent_quote_and_turn_are_rejected) ... ok
test_noul_conflict_is_unavailable_and_no_positive_is_unknown (test_graph_panel_live.GraphPanelMechanismTests.test_noul_conflict_is_unavailable_and_no_positive_is_unknown) ... ok
test_oracle_shape_is_only_a_scorer_mechanism_check (test_graph_panel_live.GraphPanelMechanismTests.test_oracle_shape_is_only_a_scorer_mechanism_check) ... ok
test_physical_prefix_excludes_future_and_other_queries (test_graph_panel_live.GraphPanelMechanismTests.test_physical_prefix_excludes_future_and_other_queries) ... ok
test_prepare_shapes_and_no_retry_or_network_surface (test_graph_panel_live.GraphPanelMechanismTests.test_prepare_shapes_and_no_retry_or_network_surface) ... ok
test_quote_compiler_exact_unicode_and_utf8 (test_graph_panel_live.GraphPanelMechanismTests.test_quote_compiler_exact_unicode_and_utf8) ... ok
test_wrong_direction_and_attribution_count_fp_fn (test_graph_panel_live.GraphPanelMechanismTests.test_wrong_direction_and_attribution_count_fp_fn) ... ok
test_actual_validator_checks_ledger_and_first_response_hash (test_graph_panel_score_run.DriverIntegrityTests.test_actual_validator_checks_ledger_and_first_response_hash) ... ok
test_alternative_event_convention_does_not_mutate_primary_gold (test_graph_panel_score_run.DriverIntegrityTests.test_alternative_event_convention_does_not_mutate_primary_gold) ... ok
test_billing_mismatch_is_fatal_not_semantic_unavailable (test_graph_panel_score_run.DriverIntegrityTests.test_billing_mismatch_is_fatal_not_semantic_unavailable) ... ok
test_byok_cannot_be_promoted_to_valid_output (test_graph_panel_score_run.DriverIntegrityTests.test_byok_cannot_be_promoted_to_valid_output) ... ok
test_exact_response_identity_accepted_but_other_provider_rejected (test_graph_panel_score_run.DriverIntegrityTests.test_exact_response_identity_accepted_but_other_provider_rejected) ... ok
test_missing_planned_attempt_remains_explicit_unavailable (test_graph_panel_score_run.DriverIntegrityTests.test_missing_planned_attempt_remains_explicit_unavailable) ... ok
test_nonstop_rejected_without_discarding_provider_cost (test_graph_panel_score_run.DriverIntegrityTests.test_nonstop_rejected_without_discarding_provider_cost) ... ok
test_recipe_cannot_modify_extraction_track (test_graph_panel_score_run.DriverIntegrityTests.test_recipe_cannot_modify_extraction_track) ... ok
test_recipe_override_is_only_the_declared_json_mode_fix (test_graph_panel_score_run.DriverIntegrityTests.test_recipe_override_is_only_the_declared_json_mode_fix) ... ok
test_refused_response_still_needs_correct_provider_cost (test_graph_panel_score_run.DriverIntegrityTests.test_refused_response_still_needs_correct_provider_cost) ... ok
test_request_source_drift_refused_even_with_valid_manifest_ledger (test_graph_panel_score_run.DriverIntegrityTests.test_request_source_drift_refused_even_with_valid_manifest_ledger) ... ok
test_usage_and_cost_must_exist_and_ledger_must_agree (test_graph_panel_score_run.DriverIntegrityTests.test_usage_and_cost_must_exist_and_ledger_must_agree) ... ok

----------------------------------------------------------------------
Ran 32 tests in 0.012s

OK
