[0/2] Re-checking globbed directories...
[1/108] Building CXX object CMakeFiles/loom_core.dir/src/capi/capi_knowledge.cpp.o
[2/108] Building CXX object CMakeFiles/loom_core.dir/src/model/model_action.cpp.o
[3/108] Building CXX object CMakeFiles/loom_core.dir/src/model/model_core.cpp.o
[4/108] Building CXX object CMakeFiles/loom_core.dir/src/resolve/resolver.cpp.o
[5/108] Linking CXX static library libloom_core.a
[6/108] Linking CXX shared library libloom.so.0.1.0
[7/108] Building CXX object CMakeFiles/loom_tests.dir/tests/test_batch_api.cpp.o
[8/108] Building CXX object CMakeFiles/loom_tests.dir/tests/test_capi.cpp.o
[9/108] Building CXX object CMakeFiles/loom_tests.dir/tests/test_capi_knowledge.cpp.o
[10/108] Building CXX object CMakeFiles/loom_tests.dir/tests/test_capi_knowledge_latest_run.cpp.o
[11/108] Building CXX object CMakeFiles/loom_tests.dir/tests/test_catalog.cpp.o
[12/108] Building CXX object CMakeFiles/loom_tests.dir/tests/test_catalog_context.cpp.o
[13/108] Building CXX object CMakeFiles/loom_tests.dir/tests/test_catalog_eval.cpp.o
[14/108] Building CXX object CMakeFiles/loom_tests.dir/tests/test_catalog_links.cpp.o
[15/108] Building CXX object CMakeFiles/loom_tests.dir/tests/test_catalog_retention.cpp.o
[16/108] Building CXX object CMakeFiles/loom_tests.dir/tests/test_catalog_scale.cpp.o
[17/108] Building CXX object CMakeFiles/loom_tests.dir/tests/test_chat_active_task.cpp.o
[18/108] Building CXX object CMakeFiles/loom_tests.dir/tests/test_chat_active_task_acceptance_audit.cpp.o
[19/108] Building CXX object CMakeFiles/loom_tests.dir/tests/test_chat_active_task_acceptance_scale.cpp.o
[20/108] Building CXX object CMakeFiles/loom_tests.dir/tests/test_chat_active_task_acceptance_validation.cpp.o
[21/108] Building CXX object CMakeFiles/loom_tests.dir/tests/test_chat_active_task_concurrency.cpp.o
[22/108] Building CXX object CMakeFiles/loom_tests.dir/tests/test_chat_active_task_durability.cpp.o
[23/108] Building CXX object CMakeFiles/loom_tests.dir/tests/test_chat_active_task_durable_audit.cpp.o
[24/108] Building CXX object CMakeFiles/loom_tests.dir/tests/test_chat_active_task_exceptional.cpp.o
[25/108] Building CXX object CMakeFiles/loom_tests.dir/tests/test_chat_active_task_history_aba.cpp.o
[26/108] Building CXX object CMakeFiles/loom_tests.dir/tests/test_chat_active_task_reference.cpp.o
[27/108] Building CXX object CMakeFiles/loom_tests.dir/tests/test_chat_active_task_retention.cpp.o
[28/108] Building CXX object CMakeFiles/loom_tests.dir/tests/test_chat_active_task_revisions.cpp.o
[29/108] Building CXX object CMakeFiles/loom_tests.dir/tests/test_chat_active_task_scope_identity.cpp.o
[30/108] Building CXX object CMakeFiles/loom_tests.dir/tests/test_chat_engine.cpp.o
[31/108] Building CXX object CMakeFiles/loom_tests.dir/tests/test_chat_knowledge_context.cpp.o
[32/108] Building CXX object CMakeFiles/loom_tests.dir/tests/test_chat_retrieval_plan.cpp.o
[33/108] Building CXX object CMakeFiles/loom_tests.dir/tests/test_config.cpp.o
[34/108] Building CXX object CMakeFiles/loom_tests.dir/tests/test_context_channel_integration.cpp.o
[35/108] Building CXX object CMakeFiles/loom_tests.dir/tests/test_context_controls.cpp.o
[36/108] Building CXX object CMakeFiles/loom_tests.dir/tests/test_context_counter.cpp.o
[37/108] Building CXX object CMakeFiles/loom_tests.dir/tests/test_context_diagnostics.cpp.o
[38/108] Building CXX object CMakeFiles/loom_tests.dir/tests/test_context_engine.cpp.o
[39/108] Building CXX object CMakeFiles/loom_tests.dir/tests/test_context_eval.cpp.o
[40/108] Building CXX object CMakeFiles/loom_tests.dir/tests/test_context_native_consumer.cpp.o
[41/108] Building CXX object CMakeFiles/loom_tests.dir/tests/test_context_plan.cpp.o
[42/108] Building CXX object CMakeFiles/loom_tests.dir/tests/test_context_retrieval.cpp.o
[43/108] Building CXX object CMakeFiles/loom_tests.dir/tests/test_context_retrieval_dev.cpp.o
[44/108] Building CXX object CMakeFiles/loom_tests.dir/tests/test_context_tfidf_reuse.cpp.o
[45/108] Building CXX object CMakeFiles/loom_tests.dir/tests/test_crypto.cpp.o
[46/108] Building CXX object CMakeFiles/loom_tests.dir/tests/test_db.cpp.o
[47/108] Building CXX object CMakeFiles/loom_tests.dir/tests/test_event_bus.cpp.o
[48/108] Building CXX object CMakeFiles/loom_tests.dir/tests/test_extract.cpp.o
[49/108] Building CXX object CMakeFiles/loom_tests.dir/tests/test_extract_eval.cpp.o
[50/108] Building CXX object CMakeFiles/loom_tests.dir/tests/test_fts.cpp.o
[51/108] Building CXX object CMakeFiles/loom_tests.dir/tests/test_generalize.cpp.o
[52/108] Building CXX object CMakeFiles/loom_tests.dir/tests/test_generalize_eval.cpp.o
[53/108] Building CXX object CMakeFiles/loom_tests.dir/tests/test_github.cpp.o
[54/108] Building CXX object CMakeFiles/loom_tests.dir/tests/test_graph.cpp.o
[55/108] Building CXX object CMakeFiles/loom_tests.dir/tests/test_import.cpp.o
[56/108] Building CXX object CMakeFiles/loom_tests.dir/tests/test_import_export_fidelity.cpp.o
[57/108] Building CXX object CMakeFiles/loom_tests.dir/tests/test_import_exports.cpp.o
[58/108] Building CXX object CMakeFiles/loom_tests.dir/tests/test_import_source_materialization.cpp.o
[59/108] Building CXX object CMakeFiles/loom_tests.dir/tests/test_import_stream.cpp.o
[60/108] Building CXX object CMakeFiles/loom_tests.dir/tests/test_kb_pack.cpp.o
[61/108] Building CXX object CMakeFiles/loom_tests.dir/tests/test_knowledge.cpp.o
[62/108] Building CXX object CMakeFiles/loom_tests.dir/tests/test_knowledge_candidate_graph.cpp.o
[63/108] Building CXX object CMakeFiles/loom_tests.dir/tests/test_knowledge_candidates.cpp.o
[64/108] Building CXX object CMakeFiles/loom_tests.dir/tests/test_knowledge_flow.cpp.o
[65/108] Building CXX object CMakeFiles/loom_tests.dir/tests/test_knowledge_semantic.cpp.o
[66/108] Building CXX object CMakeFiles/loom_tests.dir/tests/test_knowledge_semantic_graph.cpp.o
[67/108] Building CXX object CMakeFiles/loom_tests.dir/tests/test_knowledge_store.cpp.o
[68/108] Building CXX object CMakeFiles/loom_tests.dir/tests/test_materialize.cpp.o
[69/108] Building CXX object CMakeFiles/loom_tests.dir/tests/test_media.cpp.o
[70/108] Building CXX object CMakeFiles/loom_tests.dir/tests/test_memory.cpp.o
[71/108] Building CXX object CMakeFiles/loom_tests.dir/tests/test_model.cpp.o
[72/108] Building CXX object CMakeFiles/loom_tests.dir/tests/test_net_sse.cpp.o
[73/108] Building CXX object CMakeFiles/loom_tests.dir/tests/test_pack_model.cpp.o
[74/108] Building CXX object CMakeFiles/loom_tests.dir/tests/test_provenance.cpp.o
[75/108] Building CXX object CMakeFiles/loom_tests.dir/tests/test_providers.cpp.o
[76/108] Building CXX object CMakeFiles/loom_tests.dir/tests/test_regex.cpp.o
[77/108] Building CXX object CMakeFiles/loom_tests.dir/tests/test_relations.cpp.o
[78/108] Building CXX object CMakeFiles/loom_tests.dir/tests/test_resolve.cpp.o
[79/108] Building CXX object CMakeFiles/loom_tests.dir/tests/test_resolve_attribution.cpp.o
[80/108] Building CXX object CMakeFiles/loom_tests.dir/tests/test_resolve_lineage.cpp.o
[81/108] Building CXX object CMakeFiles/loom_tests.dir/tests/test_runtime.cpp.o
[82/108] Building CXX object CMakeFiles/loom_tests.dir/tests/test_selector.cpp.o
[83/108] Building CXX object CMakeFiles/loom_tests.dir/tests/test_semantic_llm.cpp.o
[84/108] Building CXX object CMakeFiles/loom_tests.dir/tests/test_semantic_worker.cpp.o
[85/108] Building CXX object CMakeFiles/loom_tests.dir/tests/test_tasks.cpp.o
[86/108] Building CXX object CMakeFiles/loom_tests.dir/tests/test_util.cpp.o
[87/108] Building CXX object CMakeFiles/loom_compat_tool.dir/tests/compat/main.cpp.o
[88/108] Building CXX object CMakeFiles/loom_compat_tool.dir/tests/compat/tool_active_task.cpp.o
[89/108] Building CXX object CMakeFiles/loom_compat_tool.dir/tests/compat/tool_chat.cpp.o
[90/108] Building CXX object CMakeFiles/loom_compat_tool.dir/tests/compat/tool_core.cpp.o
[91/108] Building CXX object CMakeFiles/loom_compat_tool.dir/tests/compat/tool_crypto.cpp.o
[92/108] Building CXX object CMakeFiles/loom_compat_tool.dir/tests/compat/tool_db.cpp.o
[93/108] Building CXX object CMakeFiles/loom_compat_tool.dir/tests/compat/tool_graph.cpp.o
[94/108] Building CXX object CMakeFiles/loom_compat_tool.dir/tests/compat/tool_import.cpp.o
[95/108] Building CXX object CMakeFiles/loom_compat_tool.dir/tests/compat/tool_memory.cpp.o
[96/108] Building CXX object CMakeFiles/loom_compat_tool.dir/tests/compat/tool_selector.cpp.o
[97/108] Building CXX object CMakeFiles/loom_compat_tool.dir/tests/compat/tool_semantic.cpp.o
[98/108] Building CXX object CMakeFiles/loom_candidate_graph_native_tool.dir/tests/compat/candidate_graph_native_tool.cpp.o
[99/108] Building CXX object cli/CMakeFiles/loom_cli.dir/main.cpp.o
[100/108] Building CXX object server/CMakeFiles/loom-server.dir/src/main.cpp.o
[101/108] Building CXX object server/CMakeFiles/loom-server.dir/src/app.cpp.o
[102/108] Creating library symlink libloom.so.0 libloom.so
[103/108] Linking CXX executable loom_tests
[104/108] Linking CXX executable loom_compat_tool
[105/108] Linking CXX executable loom_candidate_graph_native_tool
[106/108] Linking CXX executable cli/loom
[107/108] Linking CXX executable server/loom-server
