[0/2] Re-checking globbed directories...
-- GLOB mismatch!
The following files were added:
  +/workspace/scratch/23947acf329f/chatadhd-w1/loom/tests/compat/test_chat_active_task_http.py
[1/2] Re-running CMake...
-- loom: SQLite = vendored amalgamation 3.47.2
-- loom: OpenSSL = ON
-- Configuring done (0.5s)
-- Generating done (0.0s)
-- Build files have been written to: /workspace/scratch/23947acf329f/verification/build
[0/4] Re-checking globbed directories...
[1/13] Building CXX object CMakeFiles/loom_tests.dir/tests/test_chat_active_task.cpp.o
[2/13] Building CXX object CMakeFiles/loom_core.dir/src/chat/chat_engine.cpp.o
[3/13] Linking CXX static library libloom_core.a
[4/13] Linking CXX executable loom_candidate_graph_native_tool
[5/13] Linking CXX shared library libloom.so.0.1.0
[6/13] Creating library symlink libloom.so.0 libloom.so
[7/13] Linking CXX executable cli/loom
[8/13] Linking CXX executable loom_compat_tool
[9/13] Linking CXX executable loom_tests
[10/13] Linking CXX executable server/loom-server
