[0/2] Re-checking globbed directories...
[1/76] Building CXX object CMakeFiles/loom_core.dir/src/semantic/semantic_llm.cpp.o
[2/76] Building CXX object CMakeFiles/loom_core.dir/src/semantic/analyzer.cpp.o
[3/76] Building CXX object CMakeFiles/loom_tests.dir/tests/test_catalog_links.cpp.o
[4/76] Building CXX object CMakeFiles/loom_tests.dir/tests/test_catalog_retention.cpp.o
[5/76] Building CXX object CMakeFiles/loom_tests.dir/tests/test_catalog_scale.cpp.o
[6/76] Building CXX object CMakeFiles/loom_core.dir/src/chat/chat_engine.cpp.o
[7/76] Building CXX object CMakeFiles/loom_tests.dir/tests/test_chat_engine.cpp.o
[8/76] Building CXX object CMakeFiles/loom_tests.dir/tests/test_chat_active_task.cpp.o
[9/76] Linking CXX static library libloom_core.a
[10/76] Building CXX object CMakeFiles/loom_tests.dir/tests/test_chat_knowledge_context.cpp.o
[11/76] Building CXX object CMakeFiles/loom_tests.dir/tests/test_config.cpp.o
[12/76] Linking CXX shared library libloom.so.0.1.0
[13/76] Building CXX object CMakeFiles/loom_tests.dir/tests/test_context_controls.cpp.o
[14/76] Building CXX object CMakeFiles/loom_tests.dir/tests/test_crypto.cpp.o
[15/76] Building CXX object CMakeFiles/loom_tests.dir/tests/test_context_engine.cpp.o
[16/76] Building CXX object CMakeFiles/loom_tests.dir/tests/test_context_eval.cpp.o
[17/76] Building CXX object CMakeFiles/loom_tests.dir/tests/test_db.cpp.o
[18/76] Building CXX object CMakeFiles/loom_tests.dir/tests/test_event_bus.cpp.o
[19/76] Building CXX object CMakeFiles/loom_tests.dir/tests/test_extract_eval.cpp.o
[20/76] Building CXX object CMakeFiles/loom_tests.dir/tests/test_fts.cpp.o
[21/76] Building CXX object CMakeFiles/loom_tests.dir/tests/test_extract.cpp.o
[22/76] Building CXX object CMakeFiles/loom_tests.dir/tests/test_generalize.cpp.o
[23/76] Building CXX object CMakeFiles/loom_tests.dir/tests/test_graph.cpp.o
[24/76] Building CXX object CMakeFiles/loom_tests.dir/tests/test_github.cpp.o
[25/76] Building CXX object CMakeFiles/loom_tests.dir/tests/test_generalize_eval.cpp.o
[26/76] Building CXX object CMakeFiles/loom_tests.dir/tests/test_import_stream.cpp.o
[27/76] Building CXX object CMakeFiles/loom_tests.dir/tests/test_import.cpp.o
[28/76] Building CXX object CMakeFiles/loom_tests.dir/tests/test_kb_pack.cpp.o
[29/76] Building CXX object CMakeFiles/loom_tests.dir/tests/test_import_exports.cpp.o
[30/76] Building CXX object CMakeFiles/loom_tests.dir/tests/test_knowledge_candidate_graph.cpp.o
[31/76] Building CXX object CMakeFiles/loom_tests.dir/tests/test_knowledge_candidates.cpp.o
[32/76] Building CXX object CMakeFiles/loom_tests.dir/tests/test_knowledge.cpp.o
[33/76] Building CXX object CMakeFiles/loom_tests.dir/tests/test_knowledge_flow.cpp.o
[34/76] Building CXX object CMakeFiles/loom_tests.dir/tests/test_knowledge_semantic_graph.cpp.o
[35/76] Building CXX object CMakeFiles/loom_tests.dir/tests/test_knowledge_semantic.cpp.o
[36/76] Building CXX object CMakeFiles/loom_tests.dir/tests/test_knowledge_store.cpp.o
[37/76] Building CXX object CMakeFiles/loom_tests.dir/tests/test_media.cpp.o
[38/76] Building CXX object CMakeFiles/loom_tests.dir/tests/test_memory.cpp.o
[39/76] Building CXX object CMakeFiles/loom_tests.dir/tests/test_net_sse.cpp.o
[40/76] Building CXX object CMakeFiles/loom_tests.dir/tests/test_materialize.cpp.o
[41/76] Building CXX object CMakeFiles/loom_tests.dir/tests/test_pack_model.cpp.o
[42/76] Building CXX object CMakeFiles/loom_tests.dir/tests/test_regex.cpp.o
[43/76] Building CXX object CMakeFiles/loom_tests.dir/tests/test_provenance.cpp.o
[44/76] Building CXX object CMakeFiles/loom_tests.dir/tests/test_model.cpp.o
[45/76] Building CXX object CMakeFiles/loom_tests.dir/tests/test_providers.cpp.o
[46/76] Building CXX object CMakeFiles/loom_tests.dir/tests/test_relations.cpp.o
[47/76] Building CXX object CMakeFiles/loom_tests.dir/tests/test_resolve.cpp.o
[48/76] Building CXX object CMakeFiles/loom_tests.dir/tests/test_resolve_lineage.cpp.o
[49/76] Building CXX object CMakeFiles/loom_tests.dir/tests/test_selector.cpp.o
[50/76] Building CXX object CMakeFiles/loom_tests.dir/tests/test_resolve_attribution.cpp.o
[51/76] Building CXX object CMakeFiles/loom_tests.dir/tests/test_runtime.cpp.o
[52/76] Building CXX object CMakeFiles/loom_tests.dir/tests/test_semantic_worker.cpp.o
[53/76] Building CXX object CMakeFiles/loom_tests.dir/tests/test_semantic_llm.cpp.o
[54/76] Building CXX object CMakeFiles/loom_tests.dir/tests/test_tasks.cpp.o
[55/76] Building CXX object CMakeFiles/loom_compat_tool.dir/tests/compat/main.cpp.o
[56/76] Building CXX object CMakeFiles/loom_compat_tool.dir/tests/compat/tool_chat.cpp.o
[57/76] Building CXX object CMakeFiles/loom_tests.dir/tests/test_util.cpp.o
[58/76] Building CXX object CMakeFiles/loom_compat_tool.dir/tests/compat/tool_core.cpp.o
[59/76] Building CXX object CMakeFiles/loom_compat_tool.dir/tests/compat/tool_crypto.cpp.o
[60/76] Building CXX object CMakeFiles/loom_compat_tool.dir/tests/compat/tool_db.cpp.o
[61/76] Building CXX object CMakeFiles/loom_compat_tool.dir/tests/compat/tool_graph.cpp.o
[62/76] Building CXX object CMakeFiles/loom_compat_tool.dir/tests/compat/tool_memory.cpp.o
[63/76] Building CXX object CMakeFiles/loom_compat_tool.dir/tests/compat/tool_import.cpp.o
[64/76] Building CXX object CMakeFiles/loom_candidate_graph_native_tool.dir/tests/compat/candidate_graph_native_tool.cpp.o
[65/76] Building CXX object CMakeFiles/loom_compat_tool.dir/tests/compat/tool_selector.cpp.o
[66/76] Building CXX object CMakeFiles/loom_compat_tool.dir/tests/compat/tool_semantic.cpp.o
[67/76] Creating library symlink libloom.so.0 libloom.so
[68/76] Building CXX object server/CMakeFiles/loom-server.dir/src/main.cpp.o
[69/76] Building CXX object cli/CMakeFiles/loom_cli.dir/main.cpp.o
[70/76] Linking CXX executable loom_candidate_graph_native_tool
[71/76] Linking CXX executable loom_compat_tool
[72/76] Linking CXX executable loom_tests
[73/76] Linking CXX executable cli/loom
[74/76] Building CXX object server/CMakeFiles/loom-server.dir/src/app.cpp.o
[75/76] Linking CXX executable server/loom-server
