test_actual_raw_response_compiles_without_reference_inventory (test_graph_free_schema_hint_v2.SchemaHintTests.test_actual_raw_response_compiles_without_reference_inventory) ... ok
test_billing_mismatch_is_fatal_instead_of_unavailable (test_graph_free_schema_hint_v2.SchemaHintTests.test_billing_mismatch_is_fatal_instead_of_unavailable) ... ok
test_deterministic_twenty_four_cases_form_two_capped_batches (test_graph_free_schema_hint_v2.SchemaHintTests.test_deterministic_twenty_four_cases_form_two_capped_batches) ... ok
test_duplicate_source_keys_become_unavailable_without_repair (test_graph_free_schema_hint_v2.SchemaHintTests.test_duplicate_source_keys_become_unavailable_without_repair) ... ok
test_first_compiled_and_summary_persist_before_gold_and_never_overwrite (test_graph_free_schema_hint_v2.SchemaHintTests.test_first_compiled_and_summary_persist_before_gold_and_never_overwrite) ... ok
test_freeze_rejects_attempt_or_response_before_any_fixture_read (test_graph_free_schema_hint_v2.SchemaHintTests.test_freeze_rejects_attempt_or_response_before_any_fixture_read) ... ok
test_hint_is_exact_parseable_symbolic_contract_example (test_graph_free_schema_hint_v2.SchemaHintTests.test_hint_is_exact_parseable_symbolic_contract_example) ... ok
test_malformed_evidence_strings_remain_invalid_record_false_positives (test_graph_free_schema_hint_v2.SchemaHintTests.test_malformed_evidence_strings_remain_invalid_record_false_positives) ... ok
test_manifest_drift_is_rejected_before_any_ledger_read (test_graph_free_schema_hint_v2.SchemaHintTests.test_manifest_drift_is_rejected_before_any_ledger_read) ... ok
test_only_system_suffix_changes_model_payload (test_graph_free_schema_hint_v2.SchemaHintTests.test_only_system_suffix_changes_model_payload) ... ok
test_original_module_remains_unmodified (test_graph_free_schema_hint_v2.SchemaHintTests.test_original_module_remains_unmodified) ... ok
test_actual_integrity_helpers_still_fail_hard_on_cost_mismatch (test_graph_free_extraction.FreeMechanismTests.test_actual_integrity_helpers_still_fail_hard_on_cost_mismatch) ... ok
test_aligned_reference_ids_enter_scoring_only_not_raw_graph (test_graph_free_extraction.FreeMechanismTests.test_aligned_reference_ids_enter_scoring_only_not_raw_graph) ... ok
test_compile_uses_model_nodes_and_full_exact_unicode_source (test_graph_free_extraction.FreeMechanismTests.test_compile_uses_model_nodes_and_full_exact_unicode_source) ... ok
test_duplicate_representation_is_node_diagnostic_but_duplicate_edge_fp (test_graph_free_extraction.FreeMechanismTests.test_duplicate_representation_is_node_diagnostic_but_duplicate_edge_fp) ... ok
test_duplicate_unknown_cases_and_compiled_mutation_rejected (test_graph_free_extraction.FreeMechanismTests.test_duplicate_unknown_cases_and_compiled_mutation_rejected) ... ok
test_fixed_alias_normalization_preserves_internal_negation_operators (test_graph_free_extraction.FreeMechanismTests.test_fixed_alias_normalization_preserves_internal_negation_operators) ... ok
test_frozen_batch_reservations_are_exact_and_maximum_twelve (test_graph_free_extraction.FreeMechanismTests.test_frozen_batch_reservations_are_exact_and_maximum_twelve) ... ok
test_invalid_node_and_evidence_records_keep_false_positive_counts (test_graph_free_extraction.FreeMechanismTests.test_invalid_node_and_evidence_records_keep_false_positive_counts) ... ok
test_missing_empty_output_and_unavailable_keep_gold_denominators (test_graph_free_extraction.FreeMechanismTests.test_missing_empty_output_and_unavailable_keep_gold_denominators) ... ok
test_payload_uses_only_raw_turns_and_identity (test_graph_free_extraction.FreeMechanismTests.test_payload_uses_only_raw_turns_and_identity) ... ok
test_unique_alias_matches_no_semantic_best_choice (test_graph_free_extraction.FreeMechanismTests.test_unique_alias_matches_no_semantic_best_choice) ... ok
test_unmatched_paraphrase_stays_unmatched_not_gold_selected (test_graph_free_extraction.FreeMechanismTests.test_unmatched_paraphrase_stays_unmatched_not_gold_selected) ... ok
test_unused_reference_control_nodes_do_not_inflate_gold_or_error (test_graph_free_extraction.FreeMechanismTests.test_unused_reference_control_nodes_do_not_inflate_gold_or_error) ... ok
test_wrong_direction_polarity_actor_and_known_at_do_not_match (test_graph_free_extraction.FreeMechanismTests.test_wrong_direction_polarity_actor_and_known_at_do_not_match) ... ok
test_ambiguous_overlapping_quote_is_rejected (test_graph_panel_live.GraphPanelMechanismTests.test_ambiguous_overlapping_quote_is_rejected) ... ok
test_compiled_quote_offsets_cannot_be_tampered_before_scoring (test_graph_panel_live.GraphPanelMechanismTests.test_compiled_quote_offsets_cannot_be_tampered_before_scoring) ... ok
test_confusion_keeps_unavailable_in_recall_denominators (test_graph_panel_live.GraphPanelMechanismTests.test_confusion_keeps_unavailable_in_recall_denominators) ... ok
test_duplicate_local_id_adds_fp_without_erasing_correct_edges (test_graph_panel_live.GraphPanelMechanismTests.test_duplicate_local_id_adds_fp_without_erasing_correct_edges) ... ok
test_duplicate_unknown_case_output_rejected (test_graph_panel_live.GraphPanelMechanismTests.test_duplicate_unknown_case_output_rejected) ... ok
test_exact_subspan_is_source_bound_with_explicit_review_count (test_graph_panel_live.GraphPanelMechanismTests.test_exact_subspan_is_source_bound_with_explicit_review_count) ... ok
test_extraction_payload_has_no_queries_gold_or_family (test_graph_panel_live.GraphPanelMechanismTests.test_extraction_payload_has_no_queries_gold_or_family) ... ok
test_first_output_no_overwrite (test_graph_panel_live.GraphPanelMechanismTests.test_first_output_no_overwrite) ... ok
test_formal_scope_is_not_silently_judged_as_explicit_source (test_graph_panel_live.GraphPanelMechanismTests.test_formal_scope_is_not_silently_judged_as_explicit_source) ... ok
test_gpt_exact_query_identity_and_ternary_only (test_graph_panel_live.GraphPanelMechanismTests.test_gpt_exact_query_identity_and_ternary_only) ... ok
test_jev_shape_must_have_exactly_two_valid_probabilities (test_graph_panel_live.GraphPanelMechanismTests.test_jev_shape_must_have_exactly_two_valid_probabilities) ... ok
test_known_at_mismatch_and_truth_promotion_are_invalid (test_graph_panel_live.GraphPanelMechanismTests.test_known_at_mismatch_and_truth_promotion_are_invalid) ... ok
test_missing_output_keeps_every_gold_denominator (test_graph_panel_live.GraphPanelMechanismTests.test_missing_output_keeps_every_gold_denominator) ... ok
test_nonexistent_quote_and_turn_are_rejected (test_graph_panel_live.GraphPanelMechanismTests.test_nonexistent_quote_and_turn_are_rejected) ... ok
test_noul_conflict_is_unavailable_and_no_positive_is_unknown (test_graph_panel_live.GraphPanelMechanismTests.test_noul_conflict_is_unavailable_and_no_positive_is_unknown) ... ok
test_oracle_shape_is_only_a_scorer_mechanism_check (test_graph_panel_live.GraphPanelMechanismTests.test_oracle_shape_is_only_a_scorer_mechanism_check) ... ok
test_physical_prefix_excludes_future_and_other_queries (test_graph_panel_live.GraphPanelMechanismTests.test_physical_prefix_excludes_future_and_other_queries) ... ok
test_prepare_shapes_and_no_retry_or_network_surface (test_graph_panel_live.GraphPanelMechanismTests.test_prepare_shapes_and_no_retry_or_network_surface) ... ok
test_quote_compiler_exact_unicode_and_utf8 (test_graph_panel_live.GraphPanelMechanismTests.test_quote_compiler_exact_unicode_and_utf8) ... ok
test_wrong_direction_and_attribution_count_fp_fn (test_graph_panel_live.GraphPanelMechanismTests.test_wrong_direction_and_attribution_count_fp_fn) ... ok
test_actual_validator_checks_ledger_and_first_response_hash (test_graph_panel_score_run.DriverIntegrityTests.test_actual_validator_checks_ledger_and_first_response_hash) ... ok
test_alternative_event_convention_does_not_mutate_primary_gold (test_graph_panel_score_run.DriverIntegrityTests.test_alternative_event_convention_does_not_mutate_primary_gold) ... ok
test_billing_mismatch_is_fatal_not_semantic_unavailable (test_graph_panel_score_run.DriverIntegrityTests.test_billing_mismatch_is_fatal_not_semantic_unavailable) ... ok
test_byok_cannot_be_promoted_to_valid_output (test_graph_panel_score_run.DriverIntegrityTests.test_byok_cannot_be_promoted_to_valid_output) ... ok
test_exact_response_identity_accepted_but_other_provider_rejected (test_graph_panel_score_run.DriverIntegrityTests.test_exact_response_identity_accepted_but_other_provider_rejected) ... ok
test_missing_planned_attempt_remains_explicit_unavailable (test_graph_panel_score_run.DriverIntegrityTests.test_missing_planned_attempt_remains_explicit_unavailable) ... ok
test_nonstop_rejected_without_discarding_provider_cost (test_graph_panel_score_run.DriverIntegrityTests.test_nonstop_rejected_without_discarding_provider_cost) ... ok
test_recipe_cannot_modify_extraction_track (test_graph_panel_score_run.DriverIntegrityTests.test_recipe_cannot_modify_extraction_track) ... ok
test_recipe_override_is_only_the_declared_json_mode_fix (test_graph_panel_score_run.DriverIntegrityTests.test_recipe_override_is_only_the_declared_json_mode_fix) ... ok
test_refused_response_still_needs_correct_provider_cost (test_graph_panel_score_run.DriverIntegrityTests.test_refused_response_still_needs_correct_provider_cost) ... ok
test_request_source_drift_refused_even_with_valid_manifest_ledger (test_graph_panel_score_run.DriverIntegrityTests.test_request_source_drift_refused_even_with_valid_manifest_ledger) ... ok
test_usage_and_cost_must_exist_and_ledger_must_agree (test_graph_panel_score_run.DriverIntegrityTests.test_usage_and_cost_must_exist_and_ledger_must_agree) ... ok

----------------------------------------------------------------------
Ran 57 tests in 0.109s

OK
