[0/2] Re-checking globbed directories...
-- GLOB mismatch!
The following files were added:
  +/workspace/scratch/6a857f5e4336/chatadhd-w2/loom/tests/test_context_channel_integration.cpp
[1/2] Re-running CMake...
-- loom: SQLite = vendored amalgamation 3.47.2
-- loom: OpenSSL = ON
-- Configuring done (1.0s)
-- Generating done (0.1s)
-- Build files have been written to: /workspace/scratch/6a857f5e4336/build-w2
[0/4] Re-checking globbed directories...
[1/16] Building CXX object CMakeFiles/loom_core.dir/src/context/retrieval.cpp.o
[2/16] Building CXX object CMakeFiles/loom_tests.dir/tests/test_context_retrieval.cpp.o
[3/16] Building CXX object CMakeFiles/loom_tests.dir/tests/test_context_channel_integration.cpp.o
[4/16] Building CXX object CMakeFiles/loom_tests.dir/tests/test_context_diagnostics.cpp.o
[5/16] Building CXX object CMakeFiles/loom_core.dir/src/context/context_engine.cpp.o
[6/16] Linking CXX static library libloom_core.a
[7/16] Linking CXX executable loom_candidate_graph_native_tool
[8/16] Linking CXX shared library libloom.so.0.1.0
[9/16] Creating library symlink libloom.so.0 libloom.so
[10/16] Linking CXX executable loom_compat_tool
[11/16] Linking CXX executable cli/loom
[12/16] Linking CXX executable server/loom-server
[13/16] Linking CXX executable loom_tests
