Test project /workspace/scratch/23947acf329f/verification/build
      Start 33: unit.test_import_stream
      Start 76: research.structure
      Start 66: compat.test_crypto_compat
      Start 19: unit.test_context_engine
 1/83 Test #19: unit.test_context_engine .................   Passed   18.25 sec
      Start 34: unit.test_kb_pack
 2/83 Test #66: compat.test_crypto_compat ................   Passed   19.96 sec
      Start 35: unit.test_knowledge
 3/83 Test #34: unit.test_kb_pack ........................   Passed    8.84 sec
      Start  8: unit.test_catalog_links
 4/83 Test #35: unit.test_knowledge ......................   Passed   10.42 sec
      Start 73: compat.test_semantic_compat
 5/83 Test #73: compat.test_semantic_compat ..............   Passed    7.17 sec
      Start 21: unit.test_crypto
 6/83 Test  #8: unit.test_catalog_links ..................   Passed   11.48 sec
      Start 53: unit.test_resolve_attribution
 7/83 Test #76: research.structure .......................   Passed   43.08 sec
      Start 64: compat.test_chat_compat
 8/83 Test #21: unit.test_crypto .........................   Passed    5.57 sec
      Start 40: unit.test_knowledge_semantic_graph
 9/83 Test #53: unit.test_resolve_attribution ............   Passed    5.74 sec
      Start 27: unit.test_generalize
10/83 Test #40: unit.test_knowledge_semantic_graph .......   Passed    4.64 sec
      Start 39: unit.test_knowledge_semantic
11/83 Test #27: unit.test_generalize .....................   Passed    3.52 sec
      Start 71: compat.test_memory_compat
12/83 Test #64: compat.test_chat_compat ..................   Passed    5.38 sec
      Start 75: compat.test_util_compat
13/83 Test #33: unit.test_import_stream ..................   Passed   51.63 sec
      Start 69: compat.test_graph_compat
14/83 Test #75: compat.test_util_compat ..................   Passed    4.56 sec
      Start 16: unit.test_chat_knowledge_context
15/83 Test #71: compat.test_memory_compat ................   Passed    6.05 sec
      Start 74: compat.test_semantic_recovery
16/83 Test #39: unit.test_knowledge_semantic .............   Passed    6.78 sec
      Start 24: unit.test_extract
17/83 Test #69: compat.test_graph_compat .................   Passed    3.62 sec
      Start  3: unit.test_capi
18/83 Test #16: unit.test_chat_knowledge_context .........   Passed    3.30 sec
      Start 82: cli.smoke
19/83 Test #74: compat.test_semantic_recovery ............   Passed    3.45 sec
      Start 18: unit.test_context_controls
20/83 Test  #3: unit.test_capi ...........................   Passed    4.03 sec
      Start 25: unit.test_extract_eval
21/83 Test #24: unit.test_extract ........................   Passed    4.80 sec
      Start  6: unit.test_catalog_context
22/83 Test #82: cli.smoke ................................   Passed    3.49 sec
      Start 38: unit.test_knowledge_flow
23/83 Test #18: unit.test_context_controls ...............   Passed    2.86 sec
      Start 80: server.smoke
24/83 Test #38: unit.test_knowledge_flow .................   Passed    1.55 sec
      Start  9: unit.test_catalog_retention
25/83 Test  #6: unit.test_catalog_context ................   Passed    2.66 sec
      Start  5: unit.test_catalog
26/83 Test #25: unit.test_extract_eval ...................   Passed    3.09 sec
      Start 28: unit.test_generalize_eval
27/83 Test #80: server.smoke .............................   Passed    3.33 sec
      Start 42: unit.test_materialize
28/83 Test #28: unit.test_generalize_eval ................   Passed    2.03 sec
      Start  1: unit.test_archive
29/83 Test  #9: unit.test_catalog_retention ..............   Passed    3.05 sec
      Start 67: compat.test_db_compat
30/83 Test  #5: unit.test_catalog ........................   Passed    2.82 sec
      Start  7: unit.test_catalog_eval
31/83 Test #42: unit.test_materialize ....................   Passed    1.41 sec
      Start 47: unit.test_pack_model
32/83 Test  #1: unit.test_archive ........................   Passed    1.47 sec
      Start 62: compat.test_candidate_graph_native
33/83 Test  #7: unit.test_catalog_eval ...................   Passed    1.16 sec
      Start 70: compat.test_import_compat
34/83 Test #67: compat.test_db_compat ....................   Passed    1.79 sec
      Start 83: eval.harness
35/83 Test #70: compat.test_import_compat ................   Passed    0.98 sec
      Start 14: unit.test_chat_active_task_revisions
36/83 Test #47: unit.test_pack_model .....................   Passed    2.15 sec
      Start 78: research.graph_native_protocol
37/83 Test #62: compat.test_candidate_graph_native .......   Passed    1.27 sec
      Start 20: unit.test_context_eval
38/83 Test #83: eval.harness .............................   Passed    1.11 sec
      Start 11: unit.test_chat_active_task
39/83 Test #14: unit.test_chat_active_task_revisions .....   Passed    0.71 sec
      Start 13: unit.test_chat_active_task_retention
40/83 Test #78: research.graph_native_protocol ...........   Passed    0.77 sec
      Start 63: compat.test_chat_active_task_http
41/83 Test #20: unit.test_context_eval ...................   Passed    1.15 sec
      Start 79: research.candidate_graph_protocol
42/83 Test #11: unit.test_chat_active_task ...............   Passed    1.08 sec
      Start 36: unit.test_knowledge_candidate_graph
43/83 Test #13: unit.test_chat_active_task_retention .....   Passed    0.79 sec
      Start  4: unit.test_capi_knowledge
44/83 Test #36: unit.test_knowledge_candidate_graph ......   Passed    0.38 sec
      Start 61: compat.test_abi_compat
45/83 Test  #4: unit.test_capi_knowledge .................   Passed    0.50 sec
      Start 52: unit.test_resolve
46/83 Test #52: unit.test_resolve ........................   Passed    0.28 sec
      Start 22: unit.test_db
47/83 Test #79: research.candidate_graph_protocol ........   Passed    1.13 sec
      Start 68: compat.test_github_sync_defaults
48/83 Test #61: compat.test_abi_compat ...................   Passed    0.70 sec
      Start 65: compat.test_config_compat
49/83 Test #22: unit.test_db .............................   Passed    0.35 sec
      Start 41: unit.test_knowledge_store
50/83 Test #68: compat.test_github_sync_defaults .........   Passed    0.33 sec
      Start 12: unit.test_chat_active_task_concurrency
51/83 Test #65: compat.test_config_compat ................   Passed    0.27 sec
      Start 77: research.independent_protocol
52/83 Test #41: unit.test_knowledge_store ................   Passed    0.33 sec
      Start 31: unit.test_import
53/83 Test #12: unit.test_chat_active_task_concurrency ...   Passed    0.18 sec
      Start 72: compat.test_selector_compat
54/83 Test #77: research.independent_protocol ............   Passed    0.25 sec
      Start 15: unit.test_chat_engine
55/83 Test #72: compat.test_selector_compat ..............   Passed    0.16 sec
      Start 26: unit.test_fts
56/83 Test #15: unit.test_chat_engine ....................   Passed    0.14 sec
      Start 59: unit.test_tasks
57/83 Test #31: unit.test_import .........................   Passed    0.22 sec
      Start 30: unit.test_graph
58/83 Test #26: unit.test_fts ............................   Passed    0.14 sec
      Start  2: unit.test_batch_api
59/83 Test #59: unit.test_tasks ..........................   Passed    0.12 sec
      Start 48: unit.test_provenance
60/83 Test #30: unit.test_graph ..........................   Passed    0.12 sec
      Start 57: unit.test_semantic_llm
61/83 Test  #2: unit.test_batch_api ......................   Passed    0.08 sec
      Start 60: unit.test_util
62/83 Test #48: unit.test_provenance .....................   Passed    0.07 sec
      Start 51: unit.test_relations
63/83 Test #57: unit.test_semantic_llm ...................   Passed    0.08 sec
      Start 45: unit.test_model
64/83 Test #51: unit.test_relations ......................   Passed    0.02 sec
      Start 29: unit.test_github
65/83 Test #45: unit.test_model ..........................   Passed    0.02 sec
      Start 23: unit.test_event_bus
66/83 Test #60: unit.test_util ...........................   Passed    0.06 sec
      Start 55: unit.test_runtime
67/83 Test #29: unit.test_github .........................   Passed    0.04 sec
      Start 37: unit.test_knowledge_candidates
68/83 Test #55: unit.test_runtime ........................   Passed    0.04 sec
      Start 32: unit.test_import_exports
69/83 Test #23: unit.test_event_bus ......................   Passed    0.06 sec
      Start 46: unit.test_net_sse
70/83 Test #32: unit.test_import_exports .................   Passed    0.01 sec
      Start 50: unit.test_regex
71/83 Test #46: unit.test_net_sse ........................   Passed    0.01 sec
      Start 17: unit.test_config
72/83 Test #50: unit.test_regex ..........................   Passed    0.01 sec
      Start 43: unit.test_media
73/83 Test #37: unit.test_knowledge_candidates ...........   Passed    0.05 sec
      Start 56: unit.test_selector
74/83 Test #43: unit.test_media ..........................   Passed    0.01 sec
      Start 49: unit.test_providers
75/83 Test #17: unit.test_config .........................   Passed    0.02 sec
      Start 58: unit.test_semantic_worker
76/83 Test #49: unit.test_providers ......................   Passed    0.01 sec
      Start 44: unit.test_memory
77/83 Test #58: unit.test_semantic_worker ................   Passed    0.01 sec
      Start 54: unit.test_resolve_lineage
78/83 Test #56: unit.test_selector .......................   Passed    0.01 sec
      Start 10: unit.test_catalog_scale
79/83 Test #44: unit.test_memory .........................   Passed    0.01 sec
      Start 81: server.chat_active_task
80/83 Test #54: unit.test_resolve_lineage ................   Passed    0.01 sec
81/83 Test #10: unit.test_catalog_scale ..................   Passed    0.01 sec
82/83 Test #63: compat.test_chat_active_task_http ........   Passed    2.90 sec
83/83 Test #81: server.chat_active_task ..................   Passed    1.12 sec

100% tests passed out of 83

Total Test time (real) =  71.59 sec
