browserType.launch: Target page, context or browser has been closed
Browser logs:

<launching> /workspace/scratch/1112e9e8a3c6/audit-work/continuation/deps/browsers/chromium-1194/chrome-linux/chrome --disable-field-trial-config --disable-background-networking --disable-background-timer-throttling --disable-backgrounding-occluded-windows --disable-back-forward-cache --disable-breakpad --disable-client-side-phishing-detection --disable-component-extensions-with-background-pages --disable-component-update --no-default-browser-check --disable-default-apps --disable-dev-shm-usage --disable-extensions --disable-features=AcceptCHFrame,AvoidUnnecessaryBeforeUnloadCheckSync,DestroyProfileOnBrowserClose,DialMediaRouteProvider,GlobalMediaControls,HttpsUpgrades,LensOverlay,MediaRouter,PaintHolding,ThirdPartyStoragePartitioning,Translate,AutoDeElevate,RenderDocument --enable-features=CDPScreenshotNewSurface --allow-pre-commit-input --disable-hang-monitor --disable-ipc-flooding-protection --disable-popup-blocking --disable-prompt-on-repost --disable-renderer-backgrounding --force-color-profile=srgb --metrics-recording-only --no-first-run --password-store=basic --use-mock-keychain --no-service-autorun --export-tagged-pdf --disable-search-engine-choice-screen --unsafely-disable-devtools-self-xss-warnings --edge-skip-compat-layer-relaunch --enable-automation --headless --hide-scrollbars --mute-audio --blink-settings=primaryHoverType=2,availableHoverTypes=2,primaryPointerType=4,availablePointerTypes=4 --no-sandbox --no-sandbox --user-data-dir=/tmp/playwright_chromiumdev_profile-69l7RO --remote-debugging-pipe --no-startup-window
<launched> pid=24
[pid=24][err] [24:24:1009/141319.945364:FATAL:chrome/browser/process_singleton_posix.cc:292] Check failed: . socket() failed: Operation not permitted (1)
[pid=24][err] [1009/141319.946107:ERROR:third_party/crashpad/crashpad/util/linux/scoped_ptrace_attach.cc:27] ptrace: Operation not permitted (1)
[pid=24][err] [1009/141319.946261:ERROR:third_party/crashpad/crashpad/util/file/directory_reader_posix.cc:43] opendir /proc/24/task: No such file or directory (2)
Call log:
[2m  - <launching> /workspace/scratch/1112e9e8a3c6/audit-work/continuation/deps/browsers/chromium-1194/chrome-linux/chrome --disable-field-trial-config --disable-background-networking --disable-background-timer-throttling --disable-backgrounding-occluded-windows --disable-back-forward-cache --disable-breakpad --disable-client-side-phishing-detection --disable-component-extensions-with-background-pages --disable-component-update --no-default-browser-check --disable-default-apps --disable-dev-shm-usage --disable-extensions --disable-features=AcceptCHFrame,AvoidUnnecessaryBeforeUnloadCheckSync,DestroyProfileOnBrowserClose,DialMediaRouteProvider,GlobalMediaControls,HttpsUpgrades,LensOverlay,MediaRouter,PaintHolding,ThirdPartyStoragePartitioning,Translate,AutoDeElevate,RenderDocument --enable-features=CDPScreenshotNewSurface --allow-pre-commit-input --disable-hang-monitor --disable-ipc-flooding-protection --disable-popup-blocking --disable-prompt-on-repost --disable-renderer-backgrounding --force-color-profile=srgb --metrics-recording-only --no-first-run --password-store=basic --use-mock-keychain --no-service-autorun --export-tagged-pdf --disable-search-engine-choice-screen --unsafely-disable-devtools-self-xss-warnings --edge-skip-compat-layer-relaunch --enable-automation --headless --hide-scrollbars --mute-audio --blink-settings=primaryHoverType=2,availableHoverTypes=2,primaryPointerType=4,availablePointerTypes=4 --no-sandbox --no-sandbox --user-data-dir=/tmp/playwright_chromiumdev_profile-69l7RO --remote-debugging-pipe --no-startup-window[22m
[2m  - <launched> pid=24[22m
[2m  - [pid=24][err] [24:24:1009/141319.945364:FATAL:chrome/browser/process_singleton_posix.cc:292] Check failed: . socket() failed: Operation not permitted (1)[22m
[2m  - [pid=24][err] [1009/141319.946107:ERROR:third_party/crashpad/crashpad/util/linux/scoped_ptrace_attach.cc:27] ptrace: Operation not permitted (1)[22m
[2m  - [pid=24][err] [1009/141319.946261:ERROR:third_party/crashpad/crashpad/util/file/directory_reader_posix.cc:43] opendir /proc/24/task: No such file or directory (2)[22m
[2m  - [pid=24] <gracefully close start>[22m
[2m  - [pid=24] <kill>[22m
[2m  - [pid=24] <will force kill>[22m
[2m  - [pid=24] <process did exit: exitCode=null, signal=SIGABRT>[22m
[2m  - [pid=24] starting temporary directories cleanup[22m
[2m  - [pid=24] finished temporary directories cleanup[22m
[2m  - [pid=24] <gracefully close end>[22m

    at /workspace/scratch/1112e9e8a3c6/audit-work/repos/AGEDS/server/tests/browser/acceptance.cjs:28:30
