✔ browser milliseconds agree with actual Python projection at 3008 seeded IEEE-754 boundaries (7.374075ms)
✔ browser segments snapshot agrees with actual Python canonical projection (2.767788ms)
✔ browser words snapshot agrees with actual Python canonical projection (0.414114ms)
✔ create words: positive exact raw quote, range, identity and canonical selector (2.453425ms)
✔ create words: same text and interval at another occurrence is refused (0.43827ms)
✔ create words: ordered selection cannot be reversed, duplicated, shortened or extended (0.41171ms)
✔ create words: canonical metadata is exact including missing and extra keys (1.054117ms)
✔ create words: response identities, exact raw text and range cannot change (1.916446ms)
✔ create words: JSON object key order is irrelevant (0.222335ms)
✔ create words: defensive snapshot does not alias mutable selection (0.450117ms)
✔ create segments: positive exact raw quote, range, identity and canonical selector (0.217248ms)
✔ create segments: same text and interval at another occurrence is refused (0.284037ms)
✔ create segments: ordered selection cannot be reversed, duplicated, shortened or extended (0.696589ms)
✔ create segments: canonical metadata is exact including missing and extra keys (0.453142ms)
✔ create segments: response identities, exact raw text and range cannot change (0.556699ms)
✔ create segments: JSON object key order is irrelevant (0.07982ms)
✔ create segments: defensive snapshot does not alias mutable selection (0.142495ms)
✔ word references reject booleans, numeric strings and extra fields without coercion (0.502116ms)
✔ segment indices reject booleans and numeric strings without coercion (0.240061ms)
✔ word source bounds and alignment status remain part of exact response contract (0.347233ms)
✔ numeric JSON zero and zero-point-zero are equivalent but quoted zero is not (0.18588ms)
✔ milliseconds use Python ties-to-even, not JavaScript Math.round (0.237488ms)
✔ time conversion refuses unsafe milliseconds and invalid numeric inputs (0.241924ms)
✔ half-millisecond selection validates rounded times and preserves raw bounds (0.154493ms)
✔ create selection refuses bad kinds, empty picks and unsafe source numbers (0.287693ms)
✔ history identity remains compatible with historical minimal selector rows (0.288164ms)
✔ handler rejects other words occurrence before history or links; same ID remains admissible (7.863372ms)
✔ handler rejects other segments occurrence before history or links; same ID remains admissible (4.178173ms)
✔ handler rejects changed response range despite identical version, selector and text (7.544962ms)
✔ pending save compares immutable pre-request selection while controls and source objects mutate (6.122259ms)
✔ late valid save preserves new version status and retains pinned history (3.992032ms)
✔ late mismatched save preserves new version status and does not publish history (4.022267ms)
✔ request and exact word projection are copied before source units change (3.736347ms)
✔ segment occurrence cannot be replaced by repeated raw text at the same interval (1.040397ms)
✔ millisecond projection rounds the actual binary product to even without epsilon (0.520023ms)
✔ snapshot rejects malformed selected unit identity and noncontiguous segment order (0.295445ms)
✔ actual JSON UTF-8 cost preserves escapes, combining marks and supplementary characters (5.678582ms)
✔ one-byte-over initial row is omitted explicitly with no smaller later-row skip (0.369016ms)
✔ initial prefix admission stops at first unfit row and keeps exact raw text (1.944378ms)
✔ exact terminal budget fits without false omission; continuing exact budget stops (0.297668ms)
✔ aggregate cost includes prior pages and admits only the fitting continuation prefix (0.439332ms)
✔ invalid row beyond fitting prefix rejects entire page before accounting mutation (0.489568ms)
✔ local saved row during older request consumes budget before continuation admission (0.302235ms)
✔ oversized saved row cannot bypass cap or permit a later smaller row to skip it (0.204809ms)
✔ duplicate save costs no second allocation in retained budget (0.240722ms)
✔ closed stale responses cannot change accounting or admit bytes into replacement pager (0.467434ms)
✔ refresh starts a new independent budget after exhausted old pager (0.213992ms)
✔ default real four-MiB ceiling bounds multiple actual large model rows (56.287567ms)
✔ each concrete row shape keeps literal source strings and ownership (1.128329ms)
✔ empty zero snapshot and terminal short page valid; null snapshots rejected (0.308865ms)
✔ byte-limited nonterminal page may contain fewer items than requested (0.1396ms)
✔ strict envelope schema and bounds refuse malformed responses (3.812232ms)
✔ ownership, unsafe foreign IDs, times and literal text types checked per row kind (0.310147ms)
✔ continuation requires fixed snapshot, decreasing cursor, exact limit and no seen IDs (0.258359ms)
✔ invalid page has no partial state change and retries same cursor (1.028078ms)
✔ stale, forged, duplicate and closed requests cannot replace active cursor state (0.234413ms)
✔ 1000-row cap reports omission only when more exists; exact complete boundary stays complete (5.336782ms)
✔ new saved rows count toward cap without changing pinned older snapshot or cursor (0.342436ms)
✔ save during older-page request cannot overflow client cap and retry shrinks requested limit (2.733546ms)
✔ UTF8 row cost includes JSON escaping and source Unicode exactly (1.325726ms)
✔ first unfit row stops initial prefix and no smaller later row is silently substituted (1.643265ms)
✔ closed view refuses late save without changing measured retention (0.328064ms)
✔ DOM canonical decimal IDs preserve both supported boundaries exactly (1.533019ms)
✔ DOM refuses unsafe SQLite64 values before Number conversion (0.574866ms)
✔ DOM refuses coercions, malformed and noncanonical decimal IDs (0.528776ms)
✔ legacy API requires safe positive numeric IDs without coercion (0.309746ms)
✔ unsafe JSON numeric response cannot alias an adjacent SQLite identity (0.362626ms)
✔ transcript response must match captured artifact and selected version (0.336346ms)
✔ citation result requires safe citation ID and exact artifact/version ownership (0.469367ms)
✔ saved citation retains its captured version and exact unedited quote (0.231609ms)
✔ packet exports only exact canonical paths matching checked IDs (0.90289ms)
✔ validRange rejects nonnumeric, nonfinite, negative, empty and reversed ranges (1.461992ms)
✔ timeupdate stops exactly at end and clamps a late event back to selected boundary (2.632634ms)
✔ timer stops playback even when timeupdate is absent (0.992544ms)
✔ seek outside either boundary stops playback, while an inside seek preserves it (0.983221ms)
✔ invalid range stops previous playback and never invokes a new play (1.100367ms)
✔ unknown, nonfinite or insufficient duration refuses playback (1.827342ms)
✔ overlapping metadata requests cancel old selection and only play the newest one (1.410684ms)
✔ explicit stop cancels a pending load and late metadata does not start playback (0.483849ms)
✔ metadata timeout removes temporary handlers and allows a new request (1.834292ms)
✔ rejected play clears active range without leaving a playback timer (1.032565ms)
✔ rejection from superseded play cannot stop the new range (0.565101ms)
✔ pause clears timer and native resume reinstates the same bounded selection (0.370418ms)
✔ ended and error release the range, destroy removes every listener (0.458491ms)
✔ synchronous load failure cleans temporary metadata listeners immediately (0.440974ms)
ℹ tests 85
ℹ suites 0
ℹ pass 85
ℹ fail 0
ℹ cancelled 0
ℹ skipped 0
ℹ todo 0
ℹ duration_ms 268.012244
