test_actually_executed_followup_loader_pin_cannot_be_omitted (test_programme_followup_results_v1.Results.test_actually_executed_followup_loader_pin_cannot_be_omitted) ... ok
test_ambiguous_content_envelope_rejected (test_programme_followup_results_v1.Results.test_ambiguous_content_envelope_rejected) ... ok
test_ambiguous_nonstring_content_retained (test_programme_followup_results_v1.Results.test_ambiguous_nonstring_content_retained) ... ok
test_billing_latency_http_flags_retained_separate_from_mechanics (test_programme_followup_results_v1.Results.test_billing_latency_http_flags_retained_separate_from_mechanics) ... ok
test_cli_uses_public_files_and_refuses_output_overwrite (test_programme_followup_results_v1.Results.test_cli_uses_public_files_and_refuses_output_overwrite) ... ok
test_duplicate_keys_strict_per_choice (test_programme_followup_results_v1.Results.test_duplicate_keys_strict_per_choice) ... ok
test_duplicate_response_records_are_not_dropped (test_programme_followup_results_v1.Results.test_duplicate_response_records_are_not_dropped) ... ok
test_effective_policy_backend_and_adapter_source_retained (test_programme_followup_results_v1.Results.test_effective_policy_backend_and_adapter_source_retained) ... ok
test_evaluator_selection_is_data_not_stage_id (test_programme_followup_results_v1.Results.test_evaluator_selection_is_data_not_stage_id) ... ok
test_every_alternative_including_repeated_content_retained (test_programme_followup_results_v1.Results.test_every_alternative_including_repeated_content_retained) ... ok
test_fences_and_nonjson_are_retained_without_repair (test_programme_followup_results_v1.Results.test_fences_and_nonjson_are_retained_without_repair) ... ok
test_frontier_recorded_content_uses_pinned_reference_scorer (test_programme_followup_results_v1.Results.test_frontier_recorded_content_uses_pinned_reference_scorer) ... ok
test_global_denominator_and_unmapped_response_qualified_count_zero (test_programme_followup_results_v1.Results.test_global_denominator_and_unmapped_response_qualified_count_zero) ... ok
test_invalid_graph_tree_is_failure_per_choice (test_programme_followup_results_v1.Results.test_invalid_graph_tree_is_failure_per_choice) ... ok
test_lone_surrogate_failure_still_exports_later_valid_results (test_programme_followup_results_v1.Results.test_lone_surrogate_failure_still_exports_later_valid_results) ... ok
test_malformed_first_does_not_abort_later_valid_slots (test_programme_followup_results_v1.Results.test_malformed_first_does_not_abort_later_valid_slots) ... ok
test_missing_observed_model_never_falls_back_to_configured_model (test_programme_followup_results_v1.Results.test_missing_observed_model_never_falls_back_to_configured_model) ... ok
test_missing_planned_request_invalidates_global_integrity (test_programme_followup_results_v1.Results.test_missing_planned_request_invalidates_global_integrity) ... ok
test_missing_planned_response_is_explicit_and_denominator_preserved (test_programme_followup_results_v1.Results.test_missing_planned_response_is_explicit_and_denominator_preserved) ... ok
test_none_hashes_cannot_bind (test_programme_followup_results_v1.Results.test_none_hashes_cannot_bind) ... ok
test_pattern_unused_diff_does_not_add_new_validation_rule (test_programme_followup_results_v1.Results.test_pattern_unused_diff_does_not_add_new_validation_rule) ... ok
test_required_instrument_dependency_cannot_be_omitted (test_programme_followup_results_v1.Results.test_required_instrument_dependency_cannot_be_omitted) ... ok
test_response_receipt_hash_binding_is_required (test_programme_followup_results_v1.Results.test_response_receipt_hash_binding_is_required) ... ok
test_reusing_one_physical_operation_for_two_plans_rejected (test_programme_followup_results_v1.Results.test_reusing_one_physical_operation_for_two_plans_rejected) ... ok
test_text_json_projection_declared_loss_and_exact_text_equality (test_programme_followup_results_v1.Results.test_text_json_projection_declared_loss_and_exact_text_equality) ... ok
test_text_projection_requires_component_in_arm (test_programme_followup_results_v1.Results.test_text_projection_requires_component_in_arm) ... ok
test_valid_first_bad_later_alternative_invalidates_request (test_programme_followup_results_v1.Results.test_valid_first_bad_later_alternative_invalidates_request) ... ok
test_valid_graph_all_slots_exact_utf8_packet_diff_spans (test_programme_followup_results_v1.Results.test_valid_graph_all_slots_exact_utf8_packet_diff_spans) ... ok
test_wrong_body_hash_and_source_manifest_binding_keep_content (test_programme_followup_results_v1.Results.test_wrong_body_hash_and_source_manifest_binding_keep_content) ... ok
test_wrong_instrument_pin_rejected (test_programme_followup_results_v1.Results.test_wrong_instrument_pin_rejected) ... ok
test_wrong_reply_base_packet_hash_not_repaired (test_programme_followup_results_v1.Results.test_wrong_reply_base_packet_hash_not_repaired) ... ok
test_wrong_source_bytes_fail_before_instrument (test_programme_followup_results_v1.Results.test_wrong_source_bytes_fail_before_instrument) ... ok

----------------------------------------------------------------------
Ran 32 tests in 6.525s

OK
