===============================================================================
/workspace/scratch/edcd10c4764c/chatadhd/loom/tests/test_catalog_eval.cpp:82:
TEST SUITE: catalog_eval
TEST CASE:  synthetic_dev: recall/precision/noise-trap FP

/workspace/scratch/edcd10c4764c/chatadhd/loom/tests/test_catalog_eval.cpp:155: MESSAGE: relevant nf-02-storage selected=false {"score":0.0899,"label":"irrelevant","features":{"identity_alias_hits":0,"principle_hits":0,"identity_source_available":1.0,"id_hits":0.0,"class_diversity":0.0,"version_mention":0.0,"code_evidence":0.0,"title":0.0,"neg_context":0.0,"project_member":0.0,"link":0.020856,"date_prior":0.0,"bm25_self":0.1982086237553381,"bm25_phil":0.38670706702228524},"decided_by":"score"}
  logged: json::dump(scan_stats) := {"units":68,"new":68,"unchanged":0,"refreshed":0,"input_hash":"8969651f368c2e4019c23291ed5a580a3d42fa263a9eeef58b126f9c265bae51","versions":0,"bytes":93279,"warnings":[]}

/workspace/scratch/edcd10c4764c/chatadhd/loom/tests/test_catalog_eval.cpp:155: MESSAGE: relevant nf-04-sync-v1 selected=false {"score":0.0677,"label":"irrelevant","features":{"identity_alias_hits":0,"principle_hits":0,"identity_source_available":1.0,"id_hits":0.0,"class_diversity":0.0,"version_mention":0.0,"code_evidence":0.0,"title":0.0,"neg_context":0.0,"project_member":0.0,"link":0.06264,"date_prior":0.0,"bm25_self":0.0,"bm25_phil":0.315519485802304},"decided_by":"score"}
  logged: json::dump(scan_stats) := {"units":68,"new":68,"unchanged":0,"refreshed":0,"input_hash":"8969651f368c2e4019c23291ed5a580a3d42fa263a9eeef58b126f9c265bae51","versions":0,"bytes":93279,"warnings":[]}

/workspace/scratch/edcd10c4764c/chatadhd/loom/tests/test_catalog_eval.cpp:155: MESSAGE: relevant nf-05-transcription selected=false {"score":0.0724,"label":"irrelevant","features":{"identity_alias_hits":0,"principle_hits":0,"identity_source_available":1.0,"id_hits":0.0,"class_diversity":0.0,"version_mention":0.0,"code_evidence":0.0,"title":0.0,"neg_context":0.0,"project_member":0.0,"link":0.11325599999999998,"date_prior":0.0,"bm25_self":0.07492055051959234,"bm25_phil":0.23096219335352955},"decided_by":"score"}
  logged: json::dump(scan_stats) := {"units":68,"new":68,"unchanged":0,"refreshed":0,"input_hash":"8969651f368c2e4019c23291ed5a580a3d42fa263a9eeef58b126f9c265bae51","versions":0,"bytes":93279,"warnings":[]}

/workspace/scratch/edcd10c4764c/chatadhd/loom/tests/test_catalog_eval.cpp:155: MESSAGE: relevant nf-06-checklist-and-defer-crypto selected=false {"score":0.0925,"label":"irrelevant","features":{"identity_alias_hits":0,"principle_hits":0,"identity_source_available":1.0,"id_hits":0.0,"class_diversity":0.0,"version_mention":0.0,"code_evidence":0.0,"title":0.0,"neg_context":0.0,"project_member":0.0,"link":0.26426399999999994,"date_prior":0.0,"bm25_self":0.08141513224007867,"bm25_phil":0.33815022858662414},"decided_by":"score"}
  logged: json::dump(scan_stats) := {"units":68,"new":68,"unchanged":0,"refreshed":0,"input_hash":"8969651f368c2e4019c23291ed5a580a3d42fa263a9eeef58b126f9c265bae51","versions":0,"bytes":93279,"warnings":[]}

/workspace/scratch/edcd10c4764c/chatadhd/loom/tests/test_catalog_eval.cpp:155: MESSAGE: relevant nf-07-fork-python-or-cpp selected=false {"score":0.1124,"label":"irrelevant","features":{"identity_alias_hits":0,"principle_hits":0,"identity_source_available":1.0,"id_hits":0.0,"class_diversity":0.0,"version_mention":0.0,"code_evidence":0.0,"title":0.0,"neg_context":0.0,"project_member":0.0,"link":0.319086,"date_prior":0.0,"bm25_self":0.2597162144626545,"bm25_phil":0.2506322740749392},"decided_by":"score"}
  logged: json::dump(scan_stats) := {"units":68,"new":68,"unchanged":0,"refreshed":0,"input_hash":"8969651f368c2e4019c23291ed5a580a3d42fa263a9eeef58b126f9c265bae51","versions":0,"bytes":93279,"warnings":[]}

/workspace/scratch/edcd10c4764c/chatadhd/loom/tests/test_catalog_eval.cpp:155: MESSAGE: relevant nf-09-lost-and-billed selected=false {"score":0.1022,"label":"irrelevant","features":{"identity_alias_hits":0,"principle_hits":0,"identity_source_available":1.0,"id_hits":0.0,"class_diversity":0.0,"version_mention":0.0,"code_evidence":0.0,"title":0.0,"neg_context":0.0,"project_member":0.0,"link":0.17965799999999998,"date_prior":0.0,"bm25_self":0.21889352265262063,"bm25_phil":0.3414188083999341},"decided_by":"score"}
  logged: json::dump(scan_stats) := {"units":68,"new":68,"unchanged":0,"refreshed":0,"input_hash":"8969651f368c2e4019c23291ed5a580a3d42fa263a9eeef58b126f9c265bae51","versions":0,"bytes":93279,"warnings":[]}

/workspace/scratch/edcd10c4764c/chatadhd/loom/tests/test_catalog_eval.cpp:155: MESSAGE: relevant nf-10-sync-v2-and-graph-v2 selected=false {"score":0.2512,"label":"irrelevant","features":{"identity_alias_hits":0,"principle_hits":0,"identity_source_available":1.0,"id_hits":0.0,"class_diversity":0.0,"version_mention":0.0,"code_evidence":0.0,"title":0.0,"neg_context":0.0,"project_member":0.0,"link":0.239688,"date_prior":0.0,"bm25_self":0.7478546857733448,"bm25_phil":0.6211277506342214},"decided_by":"score"}
  logged: json::dump(scan_stats) := {"units":68,"new":68,"unchanged":0,"refreshed":0,"input_hash":"8969651f368c2e4019c23291ed5a580a3d42fa263a9eeef58b126f9c265bae51","versions":0,"bytes":93279,"warnings":[]}

/workspace/scratch/edcd10c4764c/chatadhd/loom/tests/test_catalog_eval.cpp:155: MESSAGE: relevant nf-11-transcription-restored selected=false {"score":0.104,"label":"irrelevant","features":{"identity_alias_hits":0,"principle_hits":0,"identity_source_available":1.0,"id_hits":0.0,"class_diversity":0.0,"version_mention":0.0,"code_evidence":0.0,"title":0.0,"neg_context":0.0,"project_member":0.0,"link":0.17965799999999998,"date_prior":0.0,"bm25_self":0.025123975007445364,"bm25_phil":0.632020883185263},"decided_by":"score"}
  logged: json::dump(scan_stats) := {"units":68,"new":68,"unchanged":0,"refreshed":0,"input_hash":"8969651f368c2e4019c23291ed5a580a3d42fa263a9eeef58b126f9c265bae51","versions":0,"bytes":93279,"warnings":[]}

/workspace/scratch/edcd10c4764c/chatadhd/loom/tests/test_catalog_eval.cpp:155: MESSAGE: relevant nf-12-encryption-and-lost-again selected=false {"score":0.0683,"label":"irrelevant","features":{"identity_alias_hits":0,"principle_hits":0,"identity_source_available":1.0,"id_hits":0.0,"class_diversity":0.0,"version_mention":0.0,"code_evidence":0.0,"title":0.0,"neg_context":0.0,"project_member":0.0,"link":0.10636199999999998,"date_prior":0.0,"bm25_self":0.0,"bm25_phil":0.28017445043503336},"decided_by":"score"}
  logged: json::dump(scan_stats) := {"units":68,"new":68,"unchanged":0,"refreshed":0,"input_hash":"8969651f368c2e4019c23291ed5a580a3d42fa263a9eeef58b126f9c265bae51","versions":0,"bytes":93279,"warnings":[]}

/workspace/scratch/edcd10c4764c/chatadhd/loom/tests/test_catalog_eval.cpp:155: MESSAGE: relevant rt-03-keyframes selected=false {"score":0.0958,"label":"irrelevant","features":{"identity_alias_hits":0,"principle_hits":0,"identity_source_available":1.0,"id_hits":0.0,"class_diversity":0.0,"version_mention":0.0,"code_evidence":0.0,"title":0.0,"neg_context":0.0,"project_member":0.0,"link":0.020856,"date_prior":0.0,"bm25_self":0.2917143581911295,"bm25_phil":0.3265080878835493},"decided_by":"score"}
  logged: json::dump(scan_stats) := {"units":68,"new":68,"unchanged":0,"refreshed":0,"input_hash":"8969651f368c2e4019c23291ed5a580a3d42fa263a9eeef58b126f9c265bae51","versions":0,"bytes":93279,"warnings":[]}

/workspace/scratch/edcd10c4764c/chatadhd/loom/tests/test_catalog_eval.cpp:155: MESSAGE: relevant rt-04-clips-cost-worry selected=false {"score":0.1602,"label":"irrelevant","features":{"identity_alias_hits":0,"principle_hits":0,"identity_source_available":1.0,"id_hits":0.0,"class_diversity":0.0,"version_mention":0.0,"code_evidence":0.0,"title":0.0,"neg_context":0.0,"project_member":0.0,"link":0.25073999999999996,"date_prior":0.0,"bm25_self":0.33034008289152156,"bm25_phil":0.6299059552881507},"decided_by":"score"}
  logged: json::dump(scan_stats) := {"units":68,"new":68,"unchanged":0,"refreshed":0,"input_hash":"8969651f368c2e4019c23291ed5a580a3d42fa263a9eeef58b126f9c265bae51","versions":0,"bytes":93279,"warnings":[]}

/workspace/scratch/edcd10c4764c/chatadhd/loom/tests/test_catalog_eval.cpp:155: MESSAGE: relevant rt-05-clips-gate selected=false {"score":0.0994,"label":"irrelevant","features":{"identity_alias_hits":0,"principle_hits":0,"identity_source_available":1.0,"id_hits":0.0,"class_diversity":0.0,"version_mention":0.0,"code_evidence":0.0,"title":0.0,"neg_context":0.0,"project_member":0.0,"link":0.041712,"date_prior":0.0,"bm25_self":0.3886219218488361,"bm25_phil":0.21013117982990578},"decided_by":"score"}
  logged: json::dump(scan_stats) := {"units":68,"new":68,"unchanged":0,"refreshed":0,"input_hash":"8969651f368c2e4019c23291ed5a580a3d42fa263a9eeef58b126f9c265bae51","versions":0,"bytes":93279,"warnings":[]}

/workspace/scratch/edcd10c4764c/chatadhd/loom/tests/test_catalog_eval.cpp:155: MESSAGE: relevant rt-06-shared-artifact-model selected=false {"score":0.0871,"label":"irrelevant","features":{"identity_alias_hits":0,"principle_hits":0,"identity_source_available":1.0,"id_hits":0.0,"class_diversity":0.0,"version_mention":0.0,"code_evidence":0.0,"title":0.0,"neg_context":0.0,"project_member":0.0,"link":0.20895,"date_prior":0.0,"bm25_self":0.11258831665213537,"bm25_phil":0.28394832272253256},"decided_by":"score"}
  logged: json::dump(scan_stats) := {"units":68,"new":68,"unchanged":0,"refreshed":0,"input_hash":"8969651f368c2e4019c23291ed5a580a3d42fa263a9eeef58b126f9c265bae51","versions":0,"bytes":93279,"warnings":[]}

/workspace/scratch/edcd10c4764c/chatadhd/loom/tests/test_catalog_eval.cpp:155: MESSAGE: relevant wd-01-manual-pain selected=false {"score":0.0827,"label":"irrelevant","features":{"identity_alias_hits":0,"principle_hits":0,"identity_source_available":1.0,"id_hits":0.0,"class_diversity":0.0,"version_mention":0.0,"code_evidence":0.0,"title":0.0,"neg_context":0.0,"project_member":0.0,"link":0.027984,"date_prior":0.0,"bm25_self":0.3360701686758583,"bm25_phil":0.09478791444655549},"decided_by":"score"}
  logged: json::dump(scan_stats) := {"units":68,"new":68,"unchanged":0,"refreshed":0,"input_hash":"8969651f368c2e4019c23291ed5a580a3d42fa263a9eeef58b126f9c265bae51","versions":0,"bytes":93279,"warnings":[]}

/workspace/scratch/edcd10c4764c/chatadhd/loom/tests/test_catalog_eval.cpp:155: MESSAGE: relevant wd-02-build-decision selected=false {"score":0.0864,"label":"irrelevant","features":{"identity_alias_hits":0,"principle_hits":0,"identity_source_available":1.0,"id_hits":0.0,"class_diversity":0.0,"version_mention":0.0,"code_evidence":0.0,"title":0.0,"neg_context":0.0,"project_member":0.0,"link":0.186,"date_prior":0.0,"bm25_self":0.2421278420128617,"bm25_phil":0.11647740466789967},"decided_by":"score"}
  logged: json::dump(scan_stats) := {"units":68,"new":68,"unchanged":0,"refreshed":0,"input_hash":"8969651f368c2e4019c23291ed5a580a3d42fa263a9eeef58b126f9c265bae51","versions":0,"bytes":93279,"warnings":[]}

/workspace/scratch/edcd10c4764c/chatadhd/loom/tests/test_catalog_eval.cpp:155: MESSAGE: relevant wd-03-v01 selected=false {"score":0.0711,"label":"irrelevant","features":{"identity_alias_hits":0,"principle_hits":0,"identity_source_available":1.0,"id_hits":0.0,"class_diversity":0.0,"version_mention":0.0,"code_evidence":0.0,"title":0.0,"neg_context":0.0,"project_member":0.0,"link":0.0,"date_prior":0.0,"bm25_self":0.0,"bm25_phil":0.43037048622859364},"decided_by":"score"}
  logged: json::dump(scan_stats) := {"units":68,"new":68,"unchanged":0,"refreshed":0,"input_hash":"8969651f368c2e4019c23291ed5a580a3d42fa263a9eeef58b126f9c265bae51","versions":0,"bytes":93279,"warnings":[]}

/workspace/scratch/edcd10c4764c/chatadhd/loom/tests/test_catalog_eval.cpp:155: MESSAGE: relevant wd-04-summarizer selected=false {"score":0.0695,"label":"irrelevant","features":{"identity_alias_hits":0,"principle_hits":0,"identity_source_available":1.0,"id_hits":0.0,"class_diversity":0.0,"version_mention":0.0,"code_evidence":0.0,"title":0.0,"neg_context":0.0,"project_member":0.0,"link":0.0,"date_prior":0.0,"bm25_self":0.0,"bm25_phil":0.4055137363135638},"decided_by":"score"}
  logged: json::dump(scan_stats) := {"units":68,"new":68,"unchanged":0,"refreshed":0,"input_hash":"8969651f368c2e4019c23291ed5a580a3d42fa263a9eeef58b126f9c265bae51","versions":0,"bytes":93279,"warnings":[]}

/workspace/scratch/edcd10c4764c/chatadhd/loom/tests/test_catalog_eval.cpp:155: MESSAGE: relevant wd-05-desktop-notify selected=false {"score":0.0929,"label":"irrelevant","features":{"identity_alias_hits":0,"principle_hits":0,"identity_source_available":1.0,"id_hits":0.0,"class_diversity":0.0,"version_mention":0.0,"code_evidence":0.0,"title":0.0,"neg_context":0.0,"project_member":0.0,"link":0.021840000000000002,"date_prior":0.0,"bm25_self":0.1360510939804335,"bm25_phil":0.509418629714683},"decided_by":"score"}
  logged: json::dump(scan_stats) := {"units":68,"new":68,"unchanged":0,"refreshed":0,"input_hash":"8969651f368c2e4019c23291ed5a580a3d42fa263a9eeef58b126f9c265bae51","versions":0,"bytes":93279,"warnings":[]}

/workspace/scratch/edcd10c4764c/chatadhd/loom/tests/test_catalog_eval.cpp:155: MESSAGE: relevant wd-07-io-swap selected=false {"score":0.0956,"label":"irrelevant","features":{"identity_alias_hits":0,"principle_hits":0,"identity_source_available":1.0,"id_hits":0.0,"class_diversity":0.0,"version_mention":0.0,"code_evidence":0.0,"title":0.0,"neg_context":0.0,"project_member":0.0,"link":0.0,"date_prior":0.0,"bm25_self":0.033340684979936086,"bm25_phil":0.7062876800022915},"decided_by":"score"}
  logged: json::dump(scan_stats) := {"units":68,"new":68,"unchanged":0,"refreshed":0,"input_hash":"8969651f368c2e4019c23291ed5a580a3d42fa263a9eeef58b126f9c265bae51","versions":0,"bytes":93279,"warnings":[]}

/workspace/scratch/edcd10c4764c/chatadhd/loom/tests/test_catalog_eval.cpp:155: MESSAGE: relevant lk-02-strategy selected=false {"score":0.0653,"label":"irrelevant","features":{"identity_alias_hits":0,"principle_hits":0,"identity_source_available":1.0,"id_hits":0.0,"class_diversity":0.0,"version_mention":0.0,"code_evidence":0.0,"title":0.0,"neg_context":0.0,"project_member":0.0,"link":0.019824,"date_prior":0.0,"bm25_self":0.0,"bm25_phil":0.3185832365758103},"decided_by":"score"}
  logged: json::dump(scan_stats) := {"units":68,"new":68,"unchanged":0,"refreshed":0,"input_hash":"8969651f368c2e4019c23291ed5a580a3d42fa263a9eeef58b126f9c265bae51","versions":0,"bytes":93279,"warnings":[]}

/workspace/scratch/edcd10c4764c/chatadhd/loom/tests/test_catalog_eval.cpp:155: MESSAGE: relevant lk-03-deadline-computed selected=false {"score":0.0838,"label":"irrelevant","features":{"identity_alias_hits":0,"principle_hits":0,"identity_source_available":1.0,"id_hits":0.0,"class_diversity":0.0,"version_mention":0.0,"code_evidence":0.0,"title":0.0,"neg_context":0.0,"project_member":0.0,"link":0.015384000000000002,"date_prior":0.0,"bm25_self":0.25485731593762134,"bm25_phil":0.23549588726481738},"decided_by":"score"}
  logged: json::dump(scan_stats) := {"units":68,"new":68,"unchanged":0,"refreshed":0,"input_hash":"8969651f368c2e4019c23291ed5a580a3d42fa263a9eeef58b126f9c265bae51","versions":0,"bytes":93279,"warnings":[]}

/workspace/scratch/edcd10c4764c/chatadhd/loom/tests/test_catalog_eval.cpp:155: MESSAGE: relevant lk-04-contradiction selected=false {"score":0.0544,"label":"irrelevant","features":{"identity_alias_hits":0,"principle_hits":0,"identity_source_available":1.0,"id_hits":0.0,"class_diversity":0.0,"version_mention":0.0,"code_evidence":0.0,"title":0.0,"neg_context":0.0,"project_member":0.0,"link":0.0,"date_prior":0.0,"bm25_self":0.0,"bm25_phil":0.144832028114477},"decided_by":"score"}
  logged: json::dump(scan_stats) := {"units":68,"new":68,"unchanged":0,"refreshed":0,"input_hash":"8969651f368c2e4019c23291ed5a580a3d42fa263a9eeef58b126f9c265bae51","versions":0,"bytes":93279,"warnings":[]}

/workspace/scratch/edcd10c4764c/chatadhd/loom/tests/test_catalog_eval.cpp:155: MESSAGE: relevant lk-05-manual-checking selected=false {"score":0.0778,"label":"irrelevant","features":{"identity_alias_hits":0,"principle_hits":0,"identity_source_available":1.0,"id_hits":0.0,"class_diversity":0.0,"version_mention":0.0,"code_evidence":0.0,"title":0.0,"neg_context":0.0,"project_member":0.0,"link":0.0,"date_prior":0.0,"bm25_self":0.14779067551604083,"bm25_phil":0.3202212956884794},"decided_by":"score"}
  logged: json::dump(scan_stats) := {"units":68,"new":68,"unchanged":0,"refreshed":0,"input_hash":"8969651f368c2e4019c23291ed5a580a3d42fa263a9eeef58b126f9c265bae51","versions":0,"bytes":93279,"warnings":[]}

/workspace/scratch/edcd10c4764c/chatadhd/loom/tests/test_catalog_eval.cpp:155: MESSAGE: relevant lk-06-court-filing selected=false {"score":0.0982,"label":"irrelevant","features":{"identity_alias_hits":0,"principle_hits":0,"identity_source_available":1.0,"id_hits":0.0,"class_diversity":0.0,"version_mention":0.0,"code_evidence":0.0,"title":0.0,"neg_context":0.0,"project_member":0.0,"link":0.037584,"date_prior":0.0,"bm25_self":0.0,"bm25_phil":0.7449753806275681},"decided_by":"score"}
  logged: json::dump(scan_stats) := {"units":68,"new":68,"unchanged":0,"refreshed":0,"input_hash":"8969651f368c2e4019c23291ed5a580a3d42fa263a9eeef58b126f9c265bae51","versions":0,"bytes":93279,"warnings":[]}

/workspace/scratch/edcd10c4764c/chatadhd/loom/tests/test_catalog_eval.cpp:155: MESSAGE: relevant lk-07-auto-deadlines selected=false {"score":0.0861,"label":"irrelevant","features":{"identity_alias_hits":0,"principle_hits":0,"identity_source_available":1.0,"id_hits":0.0,"class_diversity":0.0,"version_mention":0.0,"code_evidence":0.0,"title":0.0,"neg_context":0.0,"project_member":0.0,"link":0.109818,"date_prior":0.0,"bm25_self":0.1476990700020565,"bm25_phil":0.3212015906858636},"decided_by":"score"}
  logged: json::dump(scan_stats) := {"units":68,"new":68,"unchanged":0,"refreshed":0,"input_hash":"8969651f368c2e4019c23291ed5a580a3d42fa263a9eeef58b126f9c265bae51","versions":0,"bytes":93279,"warnings":[]}

/workspace/scratch/edcd10c4764c/chatadhd/loom/tests/test_catalog_eval.cpp:155: MESSAGE: relevant mu-02-key-open selected=false {"score":0.1292,"label":"irrelevant","features":{"identity_alias_hits":0,"principle_hits":0,"identity_source_available":1.0,"id_hits":0.0,"class_diversity":0.0,"version_mention":0.0,"code_evidence":0.0,"title":0.0,"neg_context":0.0,"project_member":0.0,"link":0.030275999999999997,"date_prior":0.0,"bm25_self":0.17781890936626246,"bm25_phil":0.8131662020888444},"decided_by":"score"}
  logged: json::dump(scan_stats) := {"units":68,"new":68,"unchanged":0,"refreshed":0,"input_hash":"8969651f368c2e4019c23291ed5a580a3d42fa263a9eeef58b126f9c265bae51","versions":0,"bytes":93279,"warnings":[]}

/workspace/scratch/edcd10c4764c/chatadhd/loom/tests/test_catalog_eval.cpp:155: MESSAGE: relevant mu-03-recording-medium selected=false {"score":0.0802,"label":"irrelevant","features":{"identity_alias_hits":0,"principle_hits":0,"identity_source_available":1.0,"id_hits":0.0,"class_diversity":0.0,"version_mention":0.0,"code_evidence":0.0,"title":0.0,"neg_context":0.0,"project_member":0.0,"link":0.0,"date_prior":0.0,"bm25_self":0.17694336289956136,"bm25_phil":0.3128429465801057},"decided_by":"score"}
  logged: json::dump(scan_stats) := {"units":68,"new":68,"unchanged":0,"refreshed":0,"input_hash":"8969651f368c2e4019c23291ed5a580a3d42fa263a9eeef58b126f9c265bae51","versions":0,"bytes":93279,"warnings":[]}

/workspace/scratch/edcd10c4764c/chatadhd/loom/tests/test_catalog_eval.cpp:155: MESSAGE: relevant mu-04-abandon-slow-fracture selected=false {"score":0.0939,"label":"irrelevant","features":{"identity_alias_hits":0,"principle_hits":0,"identity_source_available":1.0,"id_hits":0.0,"class_diversity":0.0,"version_mention":0.0,"code_evidence":0.0,"title":0.0,"neg_context":0.0,"project_member":0.0,"link":0.0,"date_prior":0.0,"bm25_self":0.20761038333526605,"bm25_phil":0.44256886929795186},"decided_by":"score"}
  logged: json::dump(scan_stats) := {"units":68,"new":68,"unchanged":0,"refreshed":0,"input_hash":"8969651f368c2e4019c23291ed5a580a3d42fa263a9eeef58b126f9c265bae51","versions":0,"bytes":93279,"warnings":[]}

/workspace/scratch/edcd10c4764c/chatadhd/loom/tests/test_catalog_eval.cpp:155: MESSAGE: relevant mu-05-key-final selected=false {"score":0.0877,"label":"irrelevant","features":{"identity_alias_hits":0,"principle_hits":0,"identity_source_available":1.0,"id_hits":0.0,"class_diversity":0.0,"version_mention":0.0,"code_evidence":0.0,"title":0.0,"neg_context":0.0,"project_member":0.0,"link":0.045324,"date_prior":0.0,"bm25_self":0.32603624504634643,"bm25_phil":0.15562984902183746},"decided_by":"score"}
  logged: json::dump(scan_stats) := {"units":68,"new":68,"unchanged":0,"refreshed":0,"input_hash":"8969651f368c2e4019c23291ed5a580a3d42fa263a9eeef58b126f9c265bae51","versions":0,"bytes":93279,"warnings":[]}

/workspace/scratch/edcd10c4764c/chatadhd/loom/tests/test_catalog_eval.cpp:155: MESSAGE: relevant cx-01-manifesto selected=false {"score":0.1141,"label":"irrelevant","features":{"identity_alias_hits":0,"principle_hits":0,"identity_source_available":1.0,"id_hits":0.0,"class_diversity":0.0,"version_mention":0.0,"code_evidence":0.0,"title":0.0,"neg_context":0.0,"project_member":0.0,"link":0.27899999999999997,"date_prior":0.0,"bm25_self":0.22225599993387443,"bm25_phil":0.36067853950577977},"decided_by":"score"}
  logged: json::dump(scan_stats) := {"units":68,"new":68,"unchanged":0,"refreshed":0,"input_hash":"8969651f368c2e4019c23291ed5a580a3d42fa263a9eeef58b126f9c265bae51","versions":0,"bytes":93279,"warnings":[]}

/workspace/scratch/edcd10c4764c/chatadhd/loom/tests/test_catalog_eval.cpp:155: MESSAGE: relevant cx-04-venting selected=false {"score":0.1399,"label":"irrelevant","features":{"identity_alias_hits":0,"principle_hits":0,"identity_source_available":1.0,"id_hits":0.0,"class_diversity":0.0,"version_mention":0.0,"code_evidence":0.0,"title":0.0,"neg_context":0.0,"project_member":0.0,"link":0.13084800000000002,"date_prior":0.0,"bm25_self":0.5378626881023462,"bm25_phil":0.30032196152150425},"decided_by":"score"}
  logged: json::dump(scan_stats) := {"units":68,"new":68,"unchanged":0,"refreshed":0,"input_hash":"8969651f368c2e4019c23291ed5a580a3d42fa263a9eeef58b126f9c265bae51","versions":0,"bytes":93279,"warnings":[]}

/workspace/scratch/edcd10c4764c/chatadhd/loom/tests/test_catalog_eval.cpp:155: MESSAGE: relevant cx-05-midyear-review selected=false {"score":0.1735,"label":"irrelevant","features":{"identity_alias_hits":0,"principle_hits":0,"identity_source_available":1.0,"id_hits":0.0,"class_diversity":0.0,"version_mention":0.0,"code_evidence":0.0,"title":0.0,"neg_context":0.0,"project_member":0.0,"link":0.463728,"date_prior":0.0,"bm25_self":0.47824815831497414,"bm25_phil":0.3056877939272013},"decided_by":"score"}
  logged: json::dump(scan_stats) := {"units":68,"new":68,"unchanged":0,"refreshed":0,"input_hash":"8969651f368c2e4019c23291ed5a580a3d42fa263a9eeef58b126f9c265bae51","versions":0,"bytes":93279,"warnings":[]}

/workspace/scratch/edcd10c4764c/chatadhd/loom/tests/test_catalog_eval.cpp:160: MESSAGE: relevant: 13/45 recall=0.288889
  logged: json::dump(scan_stats) := {"units":68,"new":68,"unchanged":0,"refreshed":0,"input_hash":"8969651f368c2e4019c23291ed5a580a3d42fa263a9eeef58b126f9c265bae51","versions":0,"bytes":93279,"warnings":[]}

/workspace/scratch/edcd10c4764c/chatadhd/loom/tests/test_catalog_eval.cpp:161: MESSAGE: traps: 0/5 trap_fpr=0
  logged: json::dump(scan_stats) := {"units":68,"new":68,"unchanged":0,"refreshed":0,"input_hash":"8969651f368c2e4019c23291ed5a580a3d42fa263a9eeef58b126f9c265bae51","versions":0,"bytes":93279,"warnings":[]}

/workspace/scratch/edcd10c4764c/chatadhd/loom/tests/test_catalog_eval.cpp:162: MESSAGE: noise_generic selected: 0/15
  logged: json::dump(scan_stats) := {"units":68,"new":68,"unchanged":0,"refreshed":0,"input_hash":"8969651f368c2e4019c23291ed5a580a3d42fa263a9eeef58b126f9c265bae51","versions":0,"bytes":93279,"warnings":[]}

/workspace/scratch/edcd10c4764c/chatadhd/loom/tests/test_catalog_eval.cpp:163: MESSAGE: selected conversations: 13 precision=1
  logged: json::dump(scan_stats) := {"units":68,"new":68,"unchanged":0,"refreshed":0,"input_hash":"8969651f368c2e4019c23291ed5a580a3d42fa263a9eeef58b126f9c265bae51","versions":0,"bytes":93279,"warnings":[]}

/workspace/scratch/edcd10c4764c/chatadhd/loom/tests/test_catalog_eval.cpp:165: MESSAGE: selected auxiliary documents (outside conversation labels): 3
  logged: json::dump(scan_stats) := {"units":68,"new":68,"unchanged":0,"refreshed":0,"input_hash":"8969651f368c2e4019c23291ed5a580a3d42fa263a9eeef58b126f9c265bae51","versions":0,"bytes":93279,"warnings":[]}

/workspace/scratch/edcd10c4764c/chatadhd/loom/tests/test_catalog_eval.cpp:166: MESSAGE: selector stats: {"run_id":"run_eed4ed704222194a","scoring_evidence_version":2,"legacy_combined_features":["id_hits","class_diversity","code_evidence"],"identity_unavailable":0,"relevant":9,"candidate":7,"irrelevant":52,"traps":4,"expanded_terms":[{"term":"zero","pass":1,"lift":4.25,"df_relevant":3,"df_corpus":6,"evidence":["un_3d70b7a34635f5fe","un_9e8228809931d5d0","un_e7c579ba8fc08dd1"],"reason":"lift >= 3.000000 against the verified-relevant set (vocabulary expansion)"}],"links":56}
  logged: json::dump(scan_stats) := {"units":68,"new":68,"unchanged":0,"refreshed":0,"input_hash":"8969651f368c2e4019c23291ed5a580a3d42fa263a9eeef58b126f9c265bae51","versions":0,"bytes":93279,"warnings":[]}

/workspace/scratch/edcd10c4764c/chatadhd/loom/tests/test_catalog_eval.cpp:174: ERROR: CHECK( m.recall() >= 0.55 ) is NOT correct!
  values: CHECK( 0.288889 >= 0.55 )
  logged: json::dump(scan_stats) := {"units":68,"new":68,"unchanged":0,"refreshed":0,"input_hash":"8969651f368c2e4019c23291ed5a580a3d42fa263a9eeef58b126f9c265bae51","versions":0,"bytes":93279,"warnings":[]}

===============================================================================
[doctest] test cases:  1 |  0 passed | 1 failed | 429 skipped
[doctest] assertions: 74 | 73 passed | 1 failed |
[doctest] Status: FAILURE!
