Warning: A title element received an array with more than 1 element as children. In browsers title Elements can only have Text Nodes as children. If the children being rendered output more than a single text node in aggregate the browser will display markup and comments as text in the title and hydration will likely fail and fall back to client rendering
    at title
    at g
    at svg
    at div
    at KnowledgeGraph (/workspace/scratch/1112e9e8a3c6/audit-work/continuation/checkouts/main/loom/web/src/components/KnowledgeWorkbench.tsx:310:27)
Warning: A title element received an array with more than 1 element as children. In browsers title Elements can only have Text Nodes as children. If the children being rendered output more than a single text node in aggregate the browser will display markup and comments as text in the title and hydration will likely fail and fall back to client rendering
    at title
    at g
    at svg
    at div
    at KnowledgeGraph (/workspace/scratch/1112e9e8a3c6/audit-work/continuation/checkouts/main/loom/web/src/components/KnowledgeWorkbench.tsx:310:27)
Warning: A title element received an array with more than 1 element as children. In browsers title Elements can only have Text Nodes as children. If the children being rendered output more than a single text node in aggregate the browser will display markup and comments as text in the title and hydration will likely fail and fall back to client rendering
    at title
    at g
    at svg
    at div
    at KnowledgeGraph (/workspace/scratch/1112e9e8a3c6/audit-work/continuation/checkouts/main/loom/web/src/components/KnowledgeWorkbench.tsx:310:27)
Warning: A title element received an array with more than 1 element as children. In browsers title Elements can only have Text Nodes as children. If the children being rendered output more than a single text node in aggregate the browser will display markup and comments as text in the title and hydration will likely fail and fall back to client rendering
    at title
    at g
    at svg
    at div
    at KnowledgeGraph (/workspace/scratch/1112e9e8a3c6/audit-work/continuation/checkouts/main/loom/web/src/components/KnowledgeWorkbench.tsx:310:27)
{"PASS":9,"FAIL":0,"BLOCKED":3}
