test_actual_overrun_blocks_further_admission_without_hiding_measurement (loom.tools.contracts.test_analysis_plan_ref.AnalysisPlanChecks.test_actual_overrun_blocks_further_admission_without_hiding_measurement) ... ok
test_billion_and_larger_symbolic_spaces_do_not_allocate_workers (loom.tools.contracts.test_analysis_plan_ref.AnalysisPlanChecks.test_billion_and_larger_symbolic_spaces_do_not_allocate_workers) ... ok
test_bound_snapshot_replay_is_explicit_and_revision_change_dispatches_again (loom.tools.contracts.test_analysis_plan_ref.AnalysisPlanChecks.test_bound_snapshot_replay_is_explicit_and_revision_change_dispatches_again) ... ok
test_callback_proposals_never_apply_or_mutate_original_packet (loom.tools.contracts.test_analysis_plan_ref.AnalysisPlanChecks.test_callback_proposals_never_apply_or_mutate_original_packet) ... ok
test_caller_accounting_policy_does_not_promote_estimate_to_observation (loom.tools.contracts.test_analysis_plan_ref.AnalysisPlanChecks.test_caller_accounting_policy_does_not_promote_estimate_to_observation) ... ok
test_completed_callback_is_replayed_without_extra_call (loom.tools.contracts.test_analysis_plan_ref.AnalysisPlanChecks.test_completed_callback_is_replayed_without_extra_call) ... ok
test_completion_measurements_or_provenance_cannot_drift_from_returned_result (loom.tools.contracts.test_analysis_plan_ref.AnalysisPlanChecks.test_completion_measurements_or_provenance_cannot_drift_from_returned_result) ... ok
test_concurrent_same_attempt_invokes_callback_only_once (loom.tools.contracts.test_analysis_plan_ref.AnalysisPlanChecks.test_concurrent_same_attempt_invokes_callback_only_once) ... ok
test_corrupt_first_result_cannot_be_accepted_as_completed (loom.tools.contracts.test_analysis_plan_ref.AnalysisPlanChecks.test_corrupt_first_result_cannot_be_accepted_as_completed) ... ok
test_cycle_missing_dependency_bad_axis_and_reference_fail (loom.tools.contracts.test_analysis_plan_ref.AnalysisPlanChecks.test_cycle_missing_dependency_bad_axis_and_reference_fail) ... ok
test_dependency_variant_changes_child_identity_even_without_own_axis (loom.tools.contracts.test_analysis_plan_ref.AnalysisPlanChecks.test_dependency_variant_changes_child_identity_even_without_own_axis) ... ok
test_estimated_unknown_and_declared_zero_stay_held_by_explicit_policy (loom.tools.contracts.test_analysis_plan_ref.AnalysisPlanChecks.test_estimated_unknown_and_declared_zero_stay_held_by_explicit_policy) ... ok
test_explicit_limits_do_not_come_from_presets (loom.tools.contracts.test_analysis_plan_ref.AnalysisPlanChecks.test_explicit_limits_do_not_come_from_presets) ... ok
test_generic_graph_packet_api_is_supplied_lazily (loom.tools.contracts.test_analysis_plan_ref.AnalysisPlanChecks.test_generic_graph_packet_api_is_supplied_lazily) ... ok
test_imported_known_and_unknown_usage_cannot_reset_on_reopen (loom.tools.contracts.test_analysis_plan_ref.AnalysisPlanChecks.test_imported_known_and_unknown_usage_cannot_reset_on_reopen) ... ok
test_incomplete_reservation_directory_fails_closed (loom.tools.contracts.test_analysis_plan_ref.AnalysisPlanChecks.test_incomplete_reservation_directory_fails_closed) ... ok
test_invalid_metadata_preserves_first_finite_candidate_but_not_completion (loom.tools.contracts.test_analysis_plan_ref.AnalysisPlanChecks.test_invalid_metadata_preserves_first_finite_candidate_but_not_completion) ... ok
test_large_resource_amount_cannot_round_away_small_budget_increment (loom.tools.contracts.test_analysis_plan_ref.AnalysisPlanChecks.test_large_resource_amount_cannot_round_away_small_budget_increment) ... ok
test_larger_estimate_increases_held_admission_quantity_without_becoming_measured (loom.tools.contracts.test_analysis_plan_ref.AnalysisPlanChecks.test_larger_estimate_increases_held_admission_quantity_without_becoming_measured) ... ok
test_local_schema_registry_loads_without_global_kind_registration (loom.tools.contracts.test_analysis_plan_ref.AnalysisPlanChecks.test_local_schema_registry_loads_without_global_kind_registration) ... ok
test_method_presentation_permutation_keeps_attempt_identity (loom.tools.contracts.test_analysis_plan_ref.AnalysisPlanChecks.test_method_presentation_permutation_keeps_attempt_identity) ... ok
test_missing_capability_does_not_veto_independent_methods (loom.tools.contracts.test_analysis_plan_ref.AnalysisPlanChecks.test_missing_capability_does_not_veto_independent_methods) ... ok
test_missing_measurement_retains_only_unknown_dimension (loom.tools.contracts.test_analysis_plan_ref.AnalysisPlanChecks.test_missing_measurement_retains_only_unknown_dimension) ... ok
test_nonzero_opening_known_usage_requires_typed_reported_origin (loom.tools.contracts.test_analysis_plan_ref.AnalysisPlanChecks.test_nonzero_opening_known_usage_requires_typed_reported_origin) ... ok
test_null_or_empty_provenance_cannot_release_reservation (loom.tools.contracts.test_analysis_plan_ref.AnalysisPlanChecks.test_null_or_empty_provenance_cannot_release_reservation) ... ok
test_one_budget_shared_across_distinct_plan_branches (loom.tools.contracts.test_analysis_plan_ref.AnalysisPlanChecks.test_one_budget_shared_across_distinct_plan_branches) ... ok
test_peak_budget_reuses_capacity_after_completed_measurement (loom.tools.contracts.test_analysis_plan_ref.AnalysisPlanChecks.test_peak_budget_reuses_capacity_after_completed_measurement) ... ok
test_reservation_is_durable_before_packet_loader_and_callback (loom.tools.contracts.test_analysis_plan_ref.AnalysisPlanChecks.test_reservation_is_durable_before_packet_loader_and_callback) ... ok
test_unbound_source_does_not_dispatch_or_replay_as_fresh (loom.tools.contracts.test_analysis_plan_ref.AnalysisPlanChecks.test_unbound_source_does_not_dispatch_or_replay_as_fresh) ... ok
test_unknown_exception_retains_reservation_and_never_retries (loom.tools.contracts.test_analysis_plan_ref.AnalysisPlanChecks.test_unknown_exception_retains_reservation_and_never_retries) ... ok

----------------------------------------------------------------------
Ran 30 tests in 7.182s

OK
