[0/2] Re-checking globbed directories...
-- GLOB mismatch!
The following files were added:
  +/workspace/scratch/23947acf329f/chatadhd-w1/loom/tests/test_chat_active_task_concurrency.cpp
  +/workspace/scratch/23947acf329f/chatadhd-w1/loom/tests/test_chat_active_task_retention.cpp
  +/workspace/scratch/23947acf329f/chatadhd-w1/loom/tests/test_chat_active_task_revisions.cpp
[1/2] Re-running CMake...
-- loom: SQLite = vendored amalgamation 3.47.2
-- loom: OpenSSL = ON
-- Configuring done (0.7s)
-- Generating done (0.1s)
-- Build files have been written to: /workspace/scratch/23947acf329f/verification/build
[0/4] Re-checking globbed directories...
[1/15] Building CXX object CMakeFiles/loom_core.dir/src/chat/chat_engine.cpp.o
FAILED: [code=1] CMakeFiles/loom_core.dir/src/chat/chat_engine.cpp.o 
/usr/bin/c++ -DCPPHTTPLIB_OPENSSL_SUPPORT=1 -DJSON_USE_IMPLICIT_CONVERSIONS=1 -DLOOM_BUILDING=1 -DLOOM_HAVE_OPENSSL=1 -DLOOM_VENDORED_SQLITE=1 -DLOOM_VERSION_STRING=\"0.1.0\" -I/workspace/scratch/23947acf329f/chatadhd-w1/loom/include -I/workspace/scratch/23947acf329f/chatadhd-w1/loom/src -isystem /workspace/scratch/23947acf329f/chatadhd-w1/loom/third_party/nlohmann -isystem /workspace/scratch/23947acf329f/chatadhd-w1/loom/third_party/cpp-httplib -isystem /workspace/scratch/23947acf329f/chatadhd-w1/loom/third_party/sqlite -isystem /workspace/scratch/23947acf329f/chatadhd-w1/loom/third_party/miniz -g -std=c++20 -fPIC -fvisibility=hidden -fvisibility-inlines-hidden -Wall -Wextra -Wpedantic -Wshadow -Wnon-virtual-dtor -Wold-style-cast -Wcast-align -Woverloaded-virtual -Wnull-dereference -Wimplicit-fallthrough -Wno-unused-parameter -Werror -MD -MT CMakeFiles/loom_core.dir/src/chat/chat_engine.cpp.o -MF CMakeFiles/loom_core.dir/src/chat/chat_engine.cpp.o.d -o CMakeFiles/loom_core.dir/src/chat/chat_engine.cpp.o -c /workspace/scratch/23947acf329f/chatadhd-w1/loom/src/chat/chat_engine.cpp
/workspace/scratch/23947acf329f/chatadhd-w1/loom/src/chat/chat_engine.cpp: In function ‘loom::Result<nlohmann::json_abi_v3_11_3::basic_json<nlohmann::json_abi_v3_11_3::ordered_map> > loom::{anonymous}::prepare_active_task(loom::Database&, std::string_view, const loom::ChatOptions&)’:
/workspace/scratch/23947acf329f/chatadhd-w1/loom/src/chat/chat_engine.cpp:266:72: error: no match for ‘operator!=’ (operand types are ‘std::string’ {aka ‘std::__cxx11::basic_string<char>’} and ‘const nlohmann::json_abi_v3_11_3::basic_json<nlohmann::json_abi_v3_11_3::ordered_map>::value_type’ {aka ‘const nlohmann::json_abi_v3_11_3::basic_json<nlohmann::json_abi_v3_11_3::ordered_map>’})
  266 |             ((**live).conv_id != conv_id || Sha256::hex((**live).text) != source["text_sha256"])) {
In file included from /workspace/scratch/23947acf329f/chatadhd-w1/loom/include/loom/util/json.h:13,
                 from /workspace/scratch/23947acf329f/chatadhd-w1/loom/include/loom/db.h:36,
                 from /workspace/scratch/23947acf329f/chatadhd-w1/loom/include/loom/chat_engine.h:57,
                 from /workspace/scratch/23947acf329f/chatadhd-w1/loom/src/chat/chat_engine.cpp:2:
/workspace/scratch/23947acf329f/chatadhd-w1/loom/third_party/nlohmann/nlohmann/json.hpp:23001:10: note: candidate: ‘template<class ScalarType>  requires  is_scalar_v<ScalarType> bool nlohmann::json_abi_v3_11_3::basic_json<ObjectType, ArrayType, StringType, BooleanType, NumberIntegerType, NumberUnsignedType, NumberFloatType, AllocatorType, JSONSerializer, BinaryType, CustomBaseClass>::operator==(ScalarType) const [with ObjectType = nlohmann::json_abi_v3_11_3::ordered_map; ArrayType = std::vector; StringType = std::__cxx11::basic_string<char>; BooleanType = bool; NumberIntegerType = long int; NumberUnsignedType = long unsigned int; NumberFloatType = double; AllocatorType = std::allocator; JSONSerializer = nlohmann::json_abi_v3_11_3::adl_serializer; BinaryType = std::vector<unsigned char>; CustomBaseClass = void]’ (reversed)
23001 |     bool operator==(ScalarType rhs) const noexcept
      |          ^~~~~~~~
/workspace/scratch/23947acf329f/chatadhd-w1/loom/third_party/nlohmann/nlohmann/json.hpp:23001:10: note:   template argument deduction/substitution failed:
/workspace/scratch/23947acf329f/chatadhd-w1/loom/third_party/nlohmann/nlohmann/json.hpp:23001:10: note: constraints not satisfied
/workspace/scratch/23947acf329f/chatadhd-w1/loom/third_party/nlohmann/nlohmann/json.hpp: In substitution of ‘template<class ScalarType>  requires  is_scalar_v<ScalarType> bool nlohmann::json_abi_v3_11_3::basic_json<nlohmann::json_abi_v3_11_3::ordered_map>::operator==(ScalarType) const [with ScalarType = nlohmann::json_abi_v3_11_3::ordered_map]’:
/workspace/scratch/23947acf329f/chatadhd-w1/loom/src/chat/chat_engine.cpp:266:95:   required from here
/workspace/scratch/23947acf329f/chatadhd-w1/loom/third_party/nlohmann/nlohmann/json.hpp:23001:10:   required by the constraints of ‘template<template<class, class, class ...> class ObjectType, template<class, class ...> class ArrayType, class StringType, class BooleanType, class NumberIntegerType, class NumberUnsignedType, class NumberFloatType, template<class> class AllocatorType, template<class, class> class JSONSerializer, class BinaryType, class CustomBaseClass> template<class ScalarType>  requires  is_scalar_v<ScalarType> bool nlohmann::json_abi_v3_11_3::basic_json<ObjectType, ArrayType, StringType, BooleanType, NumberIntegerType, NumberUnsignedType, NumberFloatType, AllocatorType, JSONSerializer, BinaryType, CustomBaseClass>::operator==(ScalarType) const’
/workspace/scratch/23947acf329f/chatadhd-w1/loom/third_party/nlohmann/nlohmann/json.hpp:23000:19: note: the expression ‘is_scalar_v<ScalarType> [with ScalarType = std::__cxx11::basic_string<char, std::char_traits<char>, std::allocator<char> >]’ evaluated to ‘false’
23000 |     requires std::is_scalar_v<ScalarType>
      |              ~~~~~^~~~~~~~~~~~~~~~~~~~~~~
In file included from /usr/include/x86_64-linux-gnu/c++/13/bits/c++allocator.h:33,
                 from /usr/include/c++/13/bits/allocator.h:46,
                 from /usr/include/c++/13/bits/alloc_traits.h:39,
                 from /usr/include/c++/13/ext/alloc_traits.h:34,
                 from /usr/include/c++/13/bits/hashtable_policy.h:39,
                 from /usr/include/c++/13/bits/hashtable.h:35,
                 from /usr/include/c++/13/bits/unordered_map.h:33,
                 from /usr/include/c++/13/unordered_map:41,
                 from /usr/include/c++/13/functional:63,
                 from /workspace/scratch/23947acf329f/chatadhd-w1/loom/include/loom/chat_engine.h:50:
/usr/include/c++/13/bits/new_allocator.h:215:9: note: candidate: ‘template<class _Up> constexpr bool std::operator==(const __new_allocator<unsigned char>&, const __new_allocator<_Tp>&)’ (reversed)
  215 |         operator==(const __new_allocator&, const __new_allocator<_Up>&)
      |         ^~~~~~~~
/usr/include/c++/13/bits/new_allocator.h:215:9: note:   template argument deduction/substitution failed:
/workspace/scratch/23947acf329f/chatadhd-w1/loom/src/chat/chat_engine.cpp:266:95: note:   ‘std::string’ {aka ‘std::__cxx11::basic_string<char>’} is not derived from ‘const std::__new_allocator<_Tp>’
  266 |             ((**live).conv_id != conv_id || Sha256::hex((**live).text) != source["text_sha256"])) {
      |                                                                                               ^
/usr/include/c++/13/bits/new_allocator.h:215:9: note: candidate: ‘template<class _Up> constexpr bool std::operator==(const __new_allocator<char>&, const __new_allocator<_Tp>&)’ (reversed)
  215 |         operator==(const __new_allocator&, const __new_allocator<_Up>&)
      |         ^~~~~~~~
/usr/include/c++/13/bits/new_allocator.h:215:9: note:   template argument deduction/substitution failed:
/workspace/scratch/23947acf329f/chatadhd-w1/loom/src/chat/chat_engine.cpp:266:95: note:   ‘std::string’ {aka ‘std::__cxx11::basic_string<char>’} is not derived from ‘const std::__new_allocator<_Tp>’
  266 |             ((**live).conv_id != conv_id || Sha256::hex((**live).text) != source["text_sha256"])) {
      |                                                                                               ^
In file included from /usr/include/c++/13/bits/ranges_base.h:37,
                 from /usr/include/c++/13/bits/ranges_util.h:34,
                 from /usr/include/c++/13/tuple:44,
                 from /usr/include/c++/13/functional:53:
/usr/include/c++/13/bits/stl_iterator.h:534:5: note: candidate: ‘template<class _IteratorL, class _IteratorR> constexpr bool std::operator==(const reverse_iterator<_IteratorL>&, const reverse_iterator<_IteratorR>&) requires requires{{std::operator==::__x->base() == std::operator==::__y->base()} -> decltype(auto) [requires std::convertible_to<<placeholder>, bool>];}’ (reversed)
  534 |     operator==(const reverse_iterator<_IteratorL>& __x,
      |     ^~~~~~~~
/usr/include/c++/13/bits/stl_iterator.h:534:5: note:   template argument deduction/substitution failed:
/workspace/scratch/23947acf329f/chatadhd-w1/loom/src/chat/chat_engine.cpp:266:95: note:   ‘const nlohmann::json_abi_v3_11_3::basic_json<nlohmann::json_abi_v3_11_3::ordered_map>::value_type’ {aka ‘const nlohmann::json_abi_v3_11_3::basic_json<nlohmann::json_abi_v3_11_3::ordered_map>’} is not derived from ‘const std::reverse_iterator<_IteratorL>’
  266 |             ((**live).conv_id != conv_id || Sha256::hex((**live).text) != source["text_sha256"])) {
      |                                                                                               ^
/usr/include/c++/13/bits/stl_iterator.h:1678:5: note: candidate: ‘template<class _IteratorL, class _IteratorR> constexpr bool std::operator==(const move_iterator<_IteratorL>&, const move_iterator<_IteratorR>&) requires requires{{std::operator==::__x->base() == std::operator==::__y->base()} -> decltype(auto) [requires std::convertible_to<<placeholder>, bool>];}’ (reversed)
 1678 |     operator==(const move_iterator<_IteratorL>& __x,
      |     ^~~~~~~~
/usr/include/c++/13/bits/stl_iterator.h:1678:5: note:   template argument deduction/substitution failed:
/workspace/scratch/23947acf329f/chatadhd-w1/loom/src/chat/chat_engine.cpp:266:95: note:   ‘const nlohmann::json_abi_v3_11_3::basic_json<nlohmann::json_abi_v3_11_3::ordered_map>::value_type’ {aka ‘const nlohmann::json_abi_v3_11_3::basic_json<nlohmann::json_abi_v3_11_3::ordered_map>’} is not derived from ‘const std::move_iterator<_IteratorL>’
  266 |             ((**live).conv_id != conv_id || Sha256::hex((**live).text) != source["text_sha256"])) {
      |                                                                                               ^
/usr/include/c++/13/tuple:1919:5: note: candidate: ‘template<class ... _TElements, class ... _UElements> constexpr bool std::operator==(const tuple<_UTypes ...>&, const tuple<_UTypes ...>&)’ (reversed)
 1919 |     operator==(const tuple<_TElements...>& __t,
      |     ^~~~~~~~
/usr/include/c++/13/tuple:1919:5: note:   template argument deduction/substitution failed:
/workspace/scratch/23947acf329f/chatadhd-w1/loom/src/chat/chat_engine.cpp:266:95: note:   ‘const nlohmann::json_abi_v3_11_3::basic_json<nlohmann::json_abi_v3_11_3::ordered_map>::value_type’ {aka ‘const nlohmann::json_abi_v3_11_3::basic_json<nlohmann::json_abi_v3_11_3::ordered_map>’} is not derived from ‘const std::tuple<_UTypes ...>’
  266 |             ((**live).conv_id != conv_id || Sha256::hex((**live).text) != source["text_sha256"])) {
      |                                                                                               ^
In file included from /usr/include/c++/13/functional:59:
/usr/include/c++/13/bits/std_function.h:737:5: note: candidate: ‘template<class _Res, class ... _Args> bool std::operator==(const function<_Res(_ArgTypes ...)>&, nullptr_t)’ (reversed)
  737 |     operator==(const function<_Res(_Args...)>& __f, nullptr_t) noexcept
      |     ^~~~~~~~
/usr/include/c++/13/bits/std_function.h:737:5: note:   template argument deduction/substitution failed:
/workspace/scratch/23947acf329f/chatadhd-w1/loom/src/chat/chat_engine.cpp:266:95: note:   ‘const nlohmann::json_abi_v3_11_3::basic_json<nlohmann::json_abi_v3_11_3::ordered_map>::value_type’ {aka ‘const nlohmann::json_abi_v3_11_3::basic_json<nlohmann::json_abi_v3_11_3::ordered_map>’} is not derived from ‘const std::function<_Res(_ArgTypes ...)>’
  266 |             ((**live).conv_id != conv_id || Sha256::hex((**live).text) != source["text_sha256"])) {
      |                                                                                               ^
/usr/include/c++/13/bits/allocator.h:237:5: note: candidate: ‘template<class _T1, class _T2> constexpr bool std::operator==(const allocator<_Up>&, const allocator<_T2>&)’ (reversed)
  237 |     operator==(const allocator<_T1>&, const allocator<_T2>&)
      |     ^~~~~~~~
/usr/include/c++/13/bits/allocator.h:237:5: note:   template argument deduction/substitution failed:
/workspace/scratch/23947acf329f/chatadhd-w1/loom/src/chat/chat_engine.cpp:266:95: note:   ‘const nlohmann::json_abi_v3_11_3::basic_json<nlohmann::json_abi_v3_11_3::ordered_map>::value_type’ {aka ‘const nlohmann::json_abi_v3_11_3::basic_json<nlohmann::json_abi_v3_11_3::ordered_map>’} is not derived from ‘const std::allocator<_Up>’
  266 |             ((**live).conv_id != conv_id || Sha256::hex((**live).text) != source["text_sha256"])) {
      |                                                                                               ^
In file included from /workspace/scratch/23947acf329f/chatadhd-w1/loom/include/loom/chat_engine.h:52:
/usr/include/c++/13/optional:1296:5: note: candidate: ‘template<class _Tp> constexpr bool std::operator==(const optional<_Tp>&, nullopt_t)’ (reversed)
 1296 |     operator==(const optional<_Tp>& __lhs, nullopt_t) noexcept
      |     ^~~~~~~~
/usr/include/c++/13/optional:1296:5: note:   template argument deduction/substitution failed:
/workspace/scratch/23947acf329f/chatadhd-w1/loom/src/chat/chat_engine.cpp:266:95: note:   ‘const nlohmann::json_abi_v3_11_3::basic_json<nlohmann::json_abi_v3_11_3::ordered_map>::value_type’ {aka ‘const nlohmann::json_abi_v3_11_3::basic_json<nlohmann::json_abi_v3_11_3::ordered_map>’} is not derived from ‘const std::optional<_Tp>’
  266 |             ((**live).conv_id != conv_id || Sha256::hex((**live).text) != source["text_sha256"])) {
      |                                                                                               ^
In file included from /usr/include/c++/13/bits/basic_string.h:47,
                 from /usr/include/c++/13/string:54,
                 from /workspace/scratch/23947acf329f/chatadhd-w1/loom/include/loom/chat_engine.h:53:
/usr/include/c++/13/string_view:616:5: note: candidate: ‘template<class _CharT, class _Traits> constexpr bool std::operator==(basic_string_view<_CharT, _Traits>, __type_identity_t<basic_string_view<_CharT, _Traits> >)’ (reversed)
  616 |     operator==(basic_string_view<_CharT, _Traits> __x,
      |     ^~~~~~~~
/usr/include/c++/13/string_view:616:5: note:   template argument deduction/substitution failed:
/workspace/scratch/23947acf329f/chatadhd-w1/loom/src/chat/chat_engine.cpp:266:95: note:   ‘nlohmann::json_abi_v3_11_3::basic_json<nlohmann::json_abi_v3_11_3::ordered_map>’ is not derived from ‘std::basic_string_view<_CharT, _Traits>’
  266 |             ((**live).conv_id != conv_id || Sha256::hex((**live).text) != source["text_sha256"])) {
      |                                                                                               ^
/usr/include/c++/13/bits/basic_string.h:3727:5: note: candidate: ‘template<class _CharT, class _Traits, class _Alloc> constexpr bool std::operator==(const __cxx11::basic_string<_CharT, _Traits, _Allocator>&, const _CharT*)’ (reversed)
 3727 |     operator==(const basic_string<_CharT, _Traits, _Alloc>& __lhs,
      |     ^~~~~~~~
/usr/include/c++/13/bits/basic_string.h:3727:5: note:   template argument deduction/substitution failed:
/workspace/scratch/23947acf329f/chatadhd-w1/loom/src/chat/chat_engine.cpp:266:95: note:   ‘const nlohmann::json_abi_v3_11_3::basic_json<nlohmann::json_abi_v3_11_3::ordered_map>::value_type’ {aka ‘const nlohmann::json_abi_v3_11_3::basic_json<nlohmann::json_abi_v3_11_3::ordered_map>’} is not derived from ‘const std::__cxx11::basic_string<_CharT, _Traits, _Allocator>’
  266 |             ((**live).conv_id != conv_id || Sha256::hex((**live).text) != source["text_sha256"])) {
      |                                                                                               ^
In file included from /usr/include/c++/13/bits/shared_ptr_base.h:59,
                 from /usr/include/c++/13/bits/shared_ptr.h:53,
                 from /usr/include/c++/13/bits/fs_path.h:46,
                 from /usr/include/c++/13/filesystem:49,
                 from /workspace/scratch/23947acf329f/chatadhd-w1/loom/include/loom/db.h:26:
/usr/include/c++/13/bits/unique_ptr.h:829:5: note: candidate: ‘template<class _Tp, class _Dp, class _Up, class _Ep> bool std::operator==(const unique_ptr<_Tp, _Dp>&, const unique_ptr<_Up, _Ep>&)’ (reversed)
  829 |     operator==(const unique_ptr<_Tp, _Dp>& __x,
      |     ^~~~~~~~
/usr/include/c++/13/bits/unique_ptr.h:829:5: note:   template argument deduction/substitution failed:
/workspace/scratch/23947acf329f/chatadhd-w1/loom/src/chat/chat_engine.cpp:266:95: note:   ‘const nlohmann::json_abi_v3_11_3::basic_json<nlohmann::json_abi_v3_11_3::ordered_map>::value_type’ {aka ‘const nlohmann::json_abi_v3_11_3::basic_json<nlohmann::json_abi_v3_11_3::ordered_map>’} is not derived from ‘const std::unique_ptr<_Tp, _Dp>’
  266 |             ((**live).conv_id != conv_id || Sha256::hex((**live).text) != source["text_sha256"])) {
      |                                                                                               ^
/usr/include/c++/13/bits/unique_ptr.h:837:5: note: candidate: ‘template<class _Tp, class _Dp> bool std::operator==(const unique_ptr<_Tp, _Dp>&, nullptr_t)’ (reversed)
  837 |     operator==(const unique_ptr<_Tp, _Dp>& __x, nullptr_t) noexcept
      |     ^~~~~~~~
/usr/include/c++/13/bits/unique_ptr.h:837:5: note:   template argument deduction/substitution failed:
/workspace/scratch/23947acf329f/chatadhd-w1/loom/src/chat/chat_engine.cpp:266:95: note:   ‘const nlohmann::json_abi_v3_11_3::basic_json<nlohmann::json_abi_v3_11_3::ordered_map>::value_type’ {aka ‘const nlohmann::json_abi_v3_11_3::basic_json<nlohmann::json_abi_v3_11_3::ordered_map>’} is not derived from ‘const std::unique_ptr<_Tp, _Dp>’
  266 |             ((**live).conv_id != conv_id || Sha256::hex((**live).text) != source["text_sha256"])) {
      |                                                                                               ^
/usr/include/c++/13/bits/shared_ptr_base.h:1793:5: note: candidate: ‘template<class _Tp1, class _Tp2, __gnu_cxx::_Lock_policy _Lp> bool std::operator==(const __shared_ptr<_Tp1, _Lp>&, const __shared_ptr<_Tp2, _Lp>&)’ (reversed)
 1793 |     operator==(const __shared_ptr<_Tp1, _Lp>& __a,
      |     ^~~~~~~~
/usr/include/c++/13/bits/shared_ptr_base.h:1793:5: note:   template argument deduction/substitution failed:
/workspace/scratch/23947acf329f/chatadhd-w1/loom/src/chat/chat_engine.cpp:266:95: note:   ‘const nlohmann::json_abi_v3_11_3::basic_json<nlohmann::json_abi_v3_11_3::ordered_map>::value_type’ {aka ‘const nlohmann::json_abi_v3_11_3::basic_json<nlohmann::json_abi_v3_11_3::ordered_map>’} is not derived from ‘const std::__shared_ptr<_Tp1, _Lp>’
  266 |             ((**live).conv_id != conv_id || Sha256::hex((**live).text) != source["text_sha256"])) {
      |                                                                                               ^
/usr/include/c++/13/bits/shared_ptr_base.h:1799:5: note: candidate: ‘template<class _Tp, __gnu_cxx::_Lock_policy _Lp> bool std::operator==(const __shared_ptr<_Tp, _Lp>&, nullptr_t)’ (reversed)
 1799 |     operator==(const __shared_ptr<_Tp, _Lp>& __a, nullptr_t) noexcept
      |     ^~~~~~~~
/usr/include/c++/13/bits/shared_ptr_base.h:1799:5: note:   template argument deduction/substitution failed:
/workspace/scratch/23947acf329f/chatadhd-w1/loom/src/chat/chat_engine.cpp:266:95: note:   ‘const nlohmann::json_abi_v3_11_3::basic_json<nlohmann::json_abi_v3_11_3::ordered_map>::value_type’ {aka ‘const nlohmann::json_abi_v3_11_3::basic_json<nlohmann::json_abi_v3_11_3::ordered_map>’} is not derived from ‘const std::__shared_ptr<_Tp, _Lp>’
  266 |             ((**live).conv_id != conv_id || Sha256::hex((**live).text) != source["text_sha256"])) {
      |                                                                                               ^
/usr/include/c++/13/bits/shared_ptr.h:555:5: note: candidate: ‘template<class _Tp, class _Up> bool std::operator==(const shared_ptr<_Tp>&, const shared_ptr<_Tp>&)’ (reversed)
  555 |     operator==(const shared_ptr<_Tp>& __a, const shared_ptr<_Up>& __b) noexcept
      |     ^~~~~~~~
/usr/include/c++/13/bits/shared_ptr.h:555:5: note:   template argument deduction/substitution failed:
/workspace/scratch/23947acf329f/chatadhd-w1/loom/src/chat/chat_engine.cpp:266:95: note:   ‘const nlohmann::json_abi_v3_11_3::basic_json<nlohmann::json_abi_v3_11_3::ordered_map>::value_type’ {aka ‘const nlohmann::json_abi_v3_11_3::basic_json<nlohmann::json_abi_v3_11_3::ordered_map>’} is not derived from ‘const std::shared_ptr<_Tp>’
  266 |             ((**live).conv_id != conv_id || Sha256::hex((**live).text) != source["text_sha256"])) {
      |                                                                                               ^
/usr/include/c++/13/bits/shared_ptr.h:561:5: note: candidate: ‘template<class _Tp> bool std::operator==(const shared_ptr<_Tp>&, nullptr_t)’ (reversed)
  561 |     operator==(const shared_ptr<_Tp>& __a, nullptr_t) noexcept
      |     ^~~~~~~~
/usr/include/c++/13/bits/shared_ptr.h:561:5: note:   template argument deduction/substitution failed:
/workspace/scratch/23947acf329f/chatadhd-w1/loom/src/chat/chat_engine.cpp:266:95: note:   ‘const nlohmann::json_abi_v3_11_3::basic_json<nlohmann::json_abi_v3_11_3::ordered_map>::value_type’ {aka ‘const nlohmann::json_abi_v3_11_3::basic_json<nlohmann::json_abi_v3_11_3::ordered_map>’} is not derived from ‘const std::shared_ptr<_Tp>’
  266 |             ((**live).conv_id != conv_id || Sha256::hex((**live).text) != source["text_sha256"])) {
      |                                                                                               ^
In file included from /usr/include/c++/13/bits/fs_fwd.h:35,
                 from /usr/include/c++/13/filesystem:48:
/usr/include/c++/13/system_error:465:3: note: candidate: ‘bool std::operator==(const error_code&, const error_condition&)’ (reversed)
  465 |   operator==(const error_code& __lhs, const error_condition& __rhs) noexcept
      |   ^~~~~~~~
/usr/include/c++/13/system_error:465:32: note:   no known conversion for argument 1 from ‘const nlohmann::json_abi_v3_11_3::basic_json<nlohmann::json_abi_v3_11_3::ordered_map>::value_type’ {aka ‘const nlohmann::json_abi_v3_11_3::basic_json<nlohmann::json_abi_v3_11_3::ordered_map>’} to ‘const std::error_code&’
  465 |   operator==(const error_code& __lhs, const error_condition& __rhs) noexcept
      |              ~~~~~~~~~~~~~~~~~~^~~~~
In file included from /usr/include/c++/13/tuple:38:
/usr/include/c++/13/bits/stl_pair.h:812:5: note: candidate: ‘template<class _T1, class _T2> constexpr bool std::operator==(const pair<_T1, _T2>&, const pair<_T1, _T2>&)’ (rewritten)
  812 |     operator==(const pair<_T1, _T2>& __x, const pair<_T1, _T2>& __y)
      |     ^~~~~~~~
/usr/include/c++/13/bits/stl_pair.h:812:5: note:   template argument deduction/substitution failed:
/workspace/scratch/23947acf329f/chatadhd-w1/loom/src/chat/chat_engine.cpp:266:95: note:   ‘std::string’ {aka ‘std::__cxx11::basic_string<char>’} is not derived from ‘const std::pair<_T1, _T2>’
  266 |             ((**live).conv_id != conv_id || Sha256::hex((**live).text) != source["text_sha256"])) {
      |                                                                                               ^
/usr/include/c++/13/bits/stl_iterator.h:593:5: note: candidate: ‘template<class _Iterator> constexpr bool std::operator==(const reverse_iterator<_IteratorL>&, const reverse_iterator<_IteratorL>&) requires requires{{std::operator==::__x->base() == std::operator==::__y->base()} -> decltype(auto) [requires std::convertible_to<<placeholder>, bool>];}’ (rewritten)
  593 |     operator==(const reverse_iterator<_Iterator>& __x,
      |     ^~~~~~~~
/usr/include/c++/13/bits/stl_iterator.h:593:5: note:   template argument deduction/substitution failed:
/workspace/scratch/23947acf329f/chatadhd-w1/loom/src/chat/chat_engine.cpp:266:95: note:   ‘std::string’ {aka ‘std::__cxx11::basic_string<char>’} is not derived from ‘const std::reverse_iterator<_IteratorL>’
  266 |             ((**live).conv_id != conv_id || Sha256::hex((**live).text) != source["text_sha256"])) {
      |                                                                                               ^
/usr/include/c++/13/bits/stl_iterator.h:1748:5: note: candidate: ‘template<class _Iterator> constexpr bool std::operator==(const move_iterator<_IteratorL>&, const move_iterator<_IteratorL>&)’ (rewritten)
 1748 |     operator==(const move_iterator<_Iterator>& __x,
      |     ^~~~~~~~
/usr/include/c++/13/bits/stl_iterator.h:1748:5: note:   template argument deduction/substitution failed:
/workspace/scratch/23947acf329f/chatadhd-w1/loom/src/chat/chat_engine.cpp:266:95: note:   ‘std::string’ {aka ‘std::__cxx11::basic_string<char>’} is not derived from ‘const std::move_iterator<_IteratorL>’
  266 |             ((**live).conv_id != conv_id || Sha256::hex((**live).text) != source["text_sha256"])) {
      |                                                                                               ^
/usr/include/c++/13/bits/unordered_map.h:2143:5: note: candidate: ‘template<class _Key1, class _Tp1, class _Hash1, class _Pred1, class _Alloc1> bool std::operator==(const unordered_map<_Key1, _Tp1, _Hash1, _Pred1, _Alloc1>&, const unordered_map<_Key1, _Tp1, _Hash1, _Pred1, _Alloc1>&)’ (rewritten)
 2143 |     operator==(const unordered_map<_Key, _Tp, _Hash, _Pred, _Alloc>& __x,
      |     ^~~~~~~~
/usr/include/c++/13/bits/unordered_map.h:2143:5: note:   template argument deduction/substitution failed:
/workspace/scratch/23947acf329f/chatadhd-w1/loom/src/chat/chat_engine.cpp:266:95: note:   ‘std::string’ {aka ‘std::__cxx11::basic_string<char>’} is not derived from ‘const std::unordered_map<_Key1, _Tp1, _Hash1, _Pred1, _Alloc1>’
  266 |             ((**live).conv_id != conv_id || Sha256::hex((**live).text) != source["text_sha256"])) {
      |                                                                                               ^
/usr/include/c++/13/bits/unordered_map.h:2157:5: note: candidate: ‘template<class _Key1, class _Tp1, class _Hash1, class _Pred1, class _Alloc1> bool std::operator==(const unordered_multimap<_Key1, _Tp1, _Hash1, _Pred1, _Alloc1>&, const unordered_multimap<_Key1, _Tp1, _Hash1, _Pred1, _Alloc1>&)’ (rewritten)
 2157 |     operator==(const unordered_multimap<_Key, _Tp, _Hash, _Pred, _Alloc>& __x,
      |     ^~~~~~~~
/usr/include/c++/13/bits/unordered_map.h:2157:5: note:   template argument deduction/substitution failed:
/workspace/scratch/23947acf329f/chatadhd-w1/loom/src/chat/chat_engine.cpp:266:95: note:   ‘std::string’ {aka ‘std::__cxx11::basic_string<char>’} is not derived from ‘const std::unordered_multimap<_Key1, _Tp1, _Hash1, _Pred1, _Alloc1>’
  266 |             ((**live).conv_id != conv_id || Sha256::hex((**live).text) != source["text_sha256"])) {
      |                                                                                               ^
In file included from /usr/include/c++/13/vector:66,
                 from /usr/include/c++/13/functional:64:
/usr/include/c++/13/bits/stl_vector.h:2040:5: note: candidate: ‘template<class _Tp, class _Alloc> constexpr bool std::operator==(const vector<_Tp, _Alloc>&, const vector<_Tp, _Alloc>&)’ (rewritten)
 2040 |     operator==(const vector<_Tp, _Alloc>& __x, const vector<_Tp, _Alloc>& __y)
      |     ^~~~~~~~
/usr/include/c++/13/bits/stl_vector.h:2040:5: note:   template argument deduction/substitution failed:
/workspace/scratch/23947acf329f/chatadhd-w1/loom/src/chat/chat_engine.cpp:266:95: note:   ‘std::string’ {aka ‘std::__cxx11::basic_string<char>’} is not derived from ‘const std::vector<_Tp, _Alloc>’
  266 |             ((**live).conv_id != conv_id || Sha256::hex((**live).text) != source["text_sha256"])) {
      |                                                                                               ^
In file included from /usr/include/c++/13/functional:65:
/usr/include/c++/13/array:297:5: note: candidate: ‘template<class _Tp, long unsigned int _Nm> constexpr bool std::operator==(const array<_Tp, _Nm>&, const array<_Tp, _Nm>&)’ (rewritten)
  297 |     operator==(const array<_Tp, _Nm>& __one, const array<_Tp, _Nm>& __two)
      |     ^~~~~~~~
/usr/include/c++/13/array:297:5: note:   template argument deduction/substitution failed:
/workspace/scratch/23947acf329f/chatadhd-w1/loom/src/chat/chat_engine.cpp:266:95: note:   ‘std::string’ {aka ‘std::__cxx11::basic_string<char>’} is not derived from ‘const std::array<_Tp, _Nm>’
  266 |             ((**live).conv_id != conv_id || Sha256::hex((**live).text) != source["text_sha256"])) {
      |                                                                                               ^
/usr/include/c++/13/string_view:609:5: note: candidate: ‘template<class _CharT, class _Traits> constexpr bool std::operator==(basic_string_view<_CharT, _Traits>, basic_string_view<_CharT, _Traits>)’ (rewritten)
  609 |     operator==(basic_string_view<_CharT, _Traits> __x,
      |     ^~~~~~~~
/usr/include/c++/13/string_view:609:5: note:   template argument deduction/substitution failed:
/workspace/scratch/23947acf329f/chatadhd-w1/loom/src/chat/chat_engine.cpp:266:95: note:   ‘std::__cxx11::basic_string<char>’ is not derived from ‘std::basic_string_view<_CharT, _Traits>’
  266 |             ((**live).conv_id != conv_id || Sha256::hex((**live).text) != source["text_sha256"])) {
      |                                                                                               ^
/usr/include/c++/13/bits/basic_string.h:3710:5: note: candidate: ‘template<class _CharT, class _Traits, class _Alloc> constexpr bool std::operator==(const __cxx11::basic_string<_CharT, _Traits, _Allocator>&, const __cxx11::basic_string<_CharT, _Traits, _Allocator>&)’ (rewritten)
 3710 |     operator==(const basic_string<_CharT, _Traits, _Alloc>& __lhs,
      |     ^~~~~~~~
/usr/include/c++/13/bits/basic_string.h:3710:5: note:   template argument deduction/substitution failed:
/workspace/scratch/23947acf329f/chatadhd-w1/loom/src/chat/chat_engine.cpp:266:95: note:   ‘const nlohmann::json_abi_v3_11_3::basic_json<nlohmann::json_abi_v3_11_3::ordered_map>::value_type’ {aka ‘const nlohmann::json_abi_v3_11_3::basic_json<nlohmann::json_abi_v3_11_3::ordered_map>’} is not derived from ‘const std::__cxx11::basic_string<_CharT, _Traits, _Allocator>’
  266 |             ((**live).conv_id != conv_id || Sha256::hex((**live).text) != source["text_sha256"])) {
      |                                                                                               ^
In file included from /usr/include/c++/13/bits/locale_facets.h:48,
                 from /usr/include/c++/13/locale:42,
                 from /usr/include/c++/13/bits/fs_path.h:36:
/usr/include/c++/13/bits/streambuf_iterator.h:234:5: note: candidate: ‘template<class _CharT, class _Traits> bool std::operator==(const istreambuf_iterator<_CharT, _Traits>&, const istreambuf_iterator<_CharT, _Traits>&)’ (rewritten)
  234 |     operator==(const istreambuf_iterator<_CharT, _Traits>& __a,
      |     ^~~~~~~~
/usr/include/c++/13/bits/streambuf_iterator.h:234:5: note:   template argument deduction/substitution failed:
/workspace/scratch/23947acf329f/chatadhd-w1/loom/src/chat/chat_engine.cpp:266:95: note:   ‘std::string’ {aka ‘std::__cxx11::basic_string<char>’} is not derived from ‘const std::istreambuf_iterator<_CharT, _Traits>’
  266 |             ((**live).conv_id != conv_id || Sha256::hex((**live).text) != source["text_sha256"])) {
      |                                                                                               ^
In file included from /usr/include/c++/13/forward_list:42,
                 from /workspace/scratch/23947acf329f/chatadhd-w1/loom/third_party/nlohmann/nlohmann/json.hpp:162:
/usr/include/c++/13/bits/forward_list.tcc:393:5: note: candidate: ‘template<class _Tp, class _Alloc> bool std::operator==(const forward_list<_Tp, _Alloc>&, const forward_list<_Tp, _Alloc>&)’ (rewritten)
  393 |     operator==(const forward_list<_Tp, _Alloc>& __lx,
      |     ^~~~~~~~
/usr/include/c++/13/bits/forward_list.tcc:393:5: note:   template argument deduction/substitution failed:
/workspace/scratch/23947acf329f/chatadhd-w1/loom/src/chat/chat_engine.cpp:266:95: note:   ‘std::string’ {aka ‘std::__cxx11::basic_string<char>’} is not derived from ‘const std::forward_list<_Tp, _Alloc>’
  266 |             ((**live).conv_id != conv_id || Sha256::hex((**live).text) != source["text_sha256"])) {
      |                                                                                               ^
In file included from /usr/include/c++/13/map:63,
                 from /workspace/scratch/23947acf329f/chatadhd-w1/loom/third_party/nlohmann/nlohmann/json.hpp:164:
/usr/include/c++/13/bits/stl_map.h:1513:5: note: candidate: ‘template<class _Key, class _Tp, class _Compare, class _Alloc> bool std::operator==(const map<_Key, _Tp, _Compare, _Allocator>&, const map<_Key, _Tp, _Compare, _Allocator>&)’ (rewritten)
 1513 |     operator==(const map<_Key, _Tp, _Compare, _Alloc>& __x,
      |     ^~~~~~~~
/usr/include/c++/13/bits/stl_map.h:1513:5: note:   template argument deduction/substitution failed:
/workspace/scratch/23947acf329f/chatadhd-w1/loom/src/chat/chat_engine.cpp:266:95: note:   ‘std::string’ {aka ‘std::__cxx11::basic_string<char>’} is not derived from ‘const std::map<_Key, _Tp, _Compare, _Allocator>’
  266 |             ((**live).conv_id != conv_id || Sha256::hex((**live).text) != source["text_sha256"])) {
      |                                                                                               ^
In file included from /usr/include/c++/13/map:64:
/usr/include/c++/13/bits/stl_multimap.h:1134:5: note: candidate: ‘template<class _Key, class _Tp, class _Compare, class _Alloc> bool std::operator==(const multimap<_Key, _Tp, _Compare, _Allocator>&, const multimap<_Key, _Tp, _Compare, _Allocator>&)’ (rewritten)
 1134 |     operator==(const multimap<_Key, _Tp, _Compare, _Alloc>& __x,
      |     ^~~~~~~~
/usr/include/c++/13/bits/stl_multimap.h:1134:5: note:   template argument deduction/substitution failed:
/workspace/scratch/23947acf329f/chatadhd-w1/loom/src/chat/chat_engine.cpp:266:95: note:   ‘std::string’ {aka ‘std::__cxx11::basic_string<char>’} is not derived from ‘const std::multimap<_Key, _Tp, _Compare, _Allocator>’
  266 |             ((**live).conv_id != conv_id || Sha256::hex((**live).text) != source["text_sha256"])) {
      |                                                                                               ^
In file included from /usr/include/c++/13/set:63,
                 from /workspace/scratch/23947acf329f/chatadhd-w1/loom/include/loom/kb.h:28,
                 from /workspace/scratch/23947acf329f/chatadhd-w1/loom/include/loom/context_engine.h:38,
                 from /workspace/scratch/23947acf329f/chatadhd-w1/loom/include/loom/chat_engine.h:58:
/usr/include/c++/13/bits/stl_set.h:987:5: note: candidate: ‘template<class _Key, class _Compare, class _Alloc> bool std::operator==(const set<_Key, _Compare, _Allocator>&, const set<_Key, _Compare, _Allocator>&)’ (rewritten)
  987 |     operator==(const set<_Key, _Compare, _Alloc>& __x,
      |     ^~~~~~~~
/usr/include/c++/13/bits/stl_set.h:987:5: note:   template argument deduction/substitution failed:
/workspace/scratch/23947acf329f/chatadhd-w1/loom/src/chat/chat_engine.cpp:266:95: note:   ‘std::string’ {aka ‘std::__cxx11::basic_string<char>’} is not derived from ‘const std::set<_Key, _Compare, _Allocator>’
  266 |             ((**live).conv_id != conv_id || Sha256::hex((**live).text) != source["text_sha256"])) {
      |                                                                                               ^
In file included from /usr/include/c++/13/set:64:
/usr/include/c++/13/bits/stl_multiset.h:973:5: note: candidate: ‘template<class _Key, class _Compare, class _Alloc> bool std::operator==(const multiset<_Key, _Compare, _Allocator>&, const multiset<_Key, _Compare, _Allocator>&)’ (rewritten)
  973 |     operator==(const multiset<_Key, _Compare, _Alloc>& __x,
      |     ^~~~~~~~
/usr/include/c++/13/bits/stl_multiset.h:973:5: note:   template argument deduction/substitution failed:
/workspace/scratch/23947acf329f/chatadhd-w1/loom/src/chat/chat_engine.cpp:266:95: note:   ‘std::string’ {aka ‘std::__cxx11::basic_string<char>’} is not derived from ‘const std::multiset<_Key, _Compare, _Allocator>’
  266 |             ((**live).conv_id != conv_id || Sha256::hex((**live).text) != source["text_sha256"])) {
      |                                                                                               ^
In file included from /usr/include/c++/13/deque:66,
                 from /workspace/scratch/23947acf329f/chatadhd-w1/loom/include/loom/net/http.h:22,
                 from /workspace/scratch/23947acf329f/chatadhd-w1/loom/src/chat/chat_engine.cpp:15:
/usr/include/c++/13/bits/stl_deque.h:2290:5: note: candidate: ‘template<class _Tp, class _Alloc> bool std::operator==(const deque<_Tp, _Alloc>&, const deque<_Tp, _Alloc>&)’ (rewritten)
 2290 |     operator==(const deque<_Tp, _Alloc>& __x, const deque<_Tp, _Alloc>& __y)
      |     ^~~~~~~~
/usr/include/c++/13/bits/stl_deque.h:2290:5: note:   template argument deduction/substitution failed:
/workspace/scratch/23947acf329f/chatadhd-w1/loom/src/chat/chat_engine.cpp:266:95: note:   ‘std::string’ {aka ‘std::__cxx11::basic_string<char>’} is not derived from ‘const std::deque<_Tp, _Alloc>’
  266 |             ((**live).conv_id != conv_id || Sha256::hex((**live).text) != source["text_sha256"])) {
      |                                                                                               ^
/usr/include/c++/13/bits/allocator.h:216:7: note: candidate: ‘constexpr bool std::operator==(const allocator<unsigned char>&, const allocator<unsigned char>&)’ (rewritten)
  216 |       operator==(const allocator&, const allocator&) _GLIBCXX_NOTHROW
      |       ^~~~~~~~
/usr/include/c++/13/bits/allocator.h:216:18: note:   no known conversion for argument 1 from ‘std::string’ {aka ‘std::__cxx11::basic_string<char>’} to ‘const std::allocator<unsigned char>&’
  216 |       operator==(const allocator&, const allocator&) _GLIBCXX_NOTHROW
      |                  ^~~~~~~~~~~~~~~~
/usr/include/c++/13/bits/allocator.h:216:7: note: candidate: ‘constexpr bool std::operator==(const allocator<char>&, const allocator<char>&)’ (rewritten)
  216 |       operator==(const allocator&, const allocator&) _GLIBCXX_NOTHROW
      |       ^~~~~~~~
/usr/include/c++/13/bits/allocator.h:216:18: note:   no known conversion for argument 1 from ‘std::string’ {aka ‘std::__cxx11::basic_string<char>’} to ‘const std::allocator<char>&’
  216 |       operator==(const allocator&, const allocator&) _GLIBCXX_NOTHROW
      |                  ^~~~~~~~~~~~~~~~
/usr/include/c++/13/system_error:449:3: note: candidate: ‘bool std::operator==(const error_code&, const error_code&)’ (rewritten)
  449 |   operator==(const error_code& __lhs, const error_code& __rhs) noexcept
      |   ^~~~~~~~
/usr/include/c++/13/system_error:449:32: note:   no known conversion for argument 1 from ‘std::string’ {aka ‘std::__cxx11::basic_string<char>’} to ‘const std::error_code&’
  449 |   operator==(const error_code& __lhs, const error_code& __rhs) noexcept
      |              ~~~~~~~~~~~~~~~~~~^~~~~
/usr/include/c++/13/system_error:480:3: note: candidate: ‘bool std::operator==(const error_condition&, const error_condition&)’ (rewritten)
  480 |   operator==(const error_condition& __lhs,
      |   ^~~~~~~~
/usr/include/c++/13/system_error:480:37: note:   no known conversion for argument 1 from ‘std::string’ {aka ‘std::__cxx11::basic_string<char>’} to ‘const std::error_condition&’
  480 |   operator==(const error_condition& __lhs,
      |              ~~~~~~~~~~~~~~~~~~~~~~~^~~~~
In file included from /workspace/scratch/23947acf329f/chatadhd-w1/loom/include/loom/result.h:15,
                 from /workspace/scratch/23947acf329f/chatadhd-w1/loom/include/loom/db.h:34:
/usr/include/c++/13/variant:1273:18: note: candidate: ‘constexpr bool std::operator==(monostate, monostate)’ (rewritten)
 1273 |   constexpr bool operator==(monostate, monostate) noexcept { return true; }
      |                  ^~~~~~~~
/usr/include/c++/13/variant:1273:29: note:   no known conversion for argument 1 from ‘std::string’ {aka ‘std::__cxx11::basic_string<char>’} to ‘std::monostate’
 1273 |   constexpr bool operator==(monostate, monostate) noexcept { return true; }
      |                             ^~~~~~~~~
/usr/include/c++/13/bits/stl_iterator.h:542:5: note: candidate: ‘template<class _IteratorL, class _IteratorR> constexpr bool std::operator!=(const reverse_iterator<_IteratorL>&, const reverse_iterator<_IteratorR>&) requires requires{{std::operator!=::__x->base() != std::operator!=::__y->base()} -> decltype(auto) [requires std::convertible_to<<placeholder>, bool>];}’
  542 |     operator!=(const reverse_iterator<_IteratorL>& __x,
      |     ^~~~~~~~
/usr/include/c++/13/bits/stl_iterator.h:542:5: note:   template argument deduction/substitution failed:
/workspace/scratch/23947acf329f/chatadhd-w1/loom/src/chat/chat_engine.cpp:266:95: note:   ‘std::string’ {aka ‘std::__cxx11::basic_string<char>’} is not derived from ‘const std::reverse_iterator<_IteratorL>’
  266 |             ((**live).conv_id != conv_id || Sha256::hex((**live).text) != source["text_sha256"])) {
      |                                                                                               ^
/usr/include/c++/13/optional:1245:5: note: candidate: ‘template<class _Tp, class _Up> constexpr std::__optional_ne_t<_Tp, _Up> std::operator!=(const optional<_Tp>&, const optional<_Up>&)’
 1245 |     operator!=(const optional<_Tp>& __lhs, const optional<_Up>& __rhs)
      |     ^~~~~~~~
/usr/include/c++/13/optional:1245:5: note:   template argument deduction/substitution failed:
/workspace/scratch/23947acf329f/chatadhd-w1/loom/src/chat/chat_engine.cpp:266:95: note:   ‘std::string’ {aka ‘std::__cxx11::basic_string<char>’} is not derived from ‘const std::optional<_Tp>’
  266 |             ((**live).conv_id != conv_id || Sha256::hex((**live).text) != source["text_sha256"])) {
      |                                                                                               ^
/usr/include/c++/13/optional:1376:5: note: candidate: ‘template<class _Tp, class _Up> constexpr std::__optional_ne_t<_Tp, _Up> std::operator!=(const optional<_Tp>&, const _Up&)’
 1376 |     operator!=(const optional<_Tp>& __lhs, const _Up& __rhs)
      |     ^~~~~~~~
/usr/include/c++/13/optional:1376:5: note:   template argument deduction/substitution failed:
/workspace/scratch/23947acf329f/chatadhd-w1/loom/src/chat/chat_engine.cpp:266:95: note:   ‘std::string’ {aka ‘std::__cxx11::basic_string<char>’} is not derived from ‘const std::optional<_Tp>’
  266 |             ((**live).conv_id != conv_id || Sha256::hex((**live).text) != source["text_sha256"])) {
      |                                                                                               ^
/usr/include/c++/13/optional:1382:5: note: candidate: ‘template<class _Tp, class _Up> constexpr std::__optional_ne_t<_Up, _Tp> std::operator!=(const _Up&, const optional<_Tp>&)’
 1382 |     operator!=(const _Up& __lhs, const optional<_Tp>& __rhs)
      |     ^~~~~~~~
/usr/include/c++/13/optional:1382:5: note:   template argument deduction/substitution failed:
/workspace/scratch/23947acf329f/chatadhd-w1/loom/src/chat/chat_engine.cpp:266:95: note:   ‘const nlohmann::json_abi_v3_11_3::basic_json<nlohmann::json_abi_v3_11_3::ordered_map>::value_type’ {aka ‘const nlohmann::json_abi_v3_11_3::basic_json<nlohmann::json_abi_v3_11_3::ordered_map>’} is not derived from ‘const std::optional<_Tp>’
  266 |             ((**live).conv_id != conv_id || Sha256::hex((**live).text) != source["text_sha256"])) {
      |                                                                                               ^
In file included from /usr/include/c++/13/bits/char_traits.h:42,
                 from /usr/include/c++/13/string:42:
/usr/include/c++/13/bits/postypes.h:197:5: note: candidate: ‘template<class _StateT> bool std::operator!=(const fpos<_StateT>&, const fpos<_StateT>&)’
  197 |     operator!=(const fpos<_StateT>& __lhs, const fpos<_StateT>& __rhs)
      |     ^~~~~~~~
/usr/include/c++/13/bits/postypes.h:197:5: note:   template argument deduction/substitution failed:
/workspace/scratch/23947acf329f/chatadhd-w1/loom/src/chat/chat_engine.cpp:266:95: note:   ‘std::string’ {aka ‘std::__cxx11::basic_string<char>’} is not derived from ‘const std::fpos<_StateT>’
  266 |             ((**live).conv_id != conv_id || Sha256::hex((**live).text) != source["text_sha256"])) {
      |                                                                                               ^
/usr/include/c++/13/variant:1267:3: note: candidate: ‘template<class ... _Types> constexpr bool std::operator!=(const variant<_Types ...>&, const variant<_Types ...>&)’
 1267 |   _VARIANT_RELATION_FUNCTION_TEMPLATE(!=, not_equal)
      |   ^~~~~~~~~~~~~~~~~~~~~~~~~~~~~~~~~~~
/usr/include/c++/13/variant:1267:3: note:   template argument deduction/substitution failed:
/workspace/scratch/23947acf329f/chatadhd-w1/loom/src/chat/chat_engine.cpp:266:95: note:   ‘std::string’ {aka ‘std::__cxx11::basic_string<char>’} is not derived from ‘const std::variant<_Types ...>’
  266 |             ((**live).conv_id != conv_id || Sha256::hex((**live).text) != source["text_sha256"])) {
      |                                                                                               ^
In file included from /usr/include/c++/13/valarray:605,
                 from /workspace/scratch/23947acf329f/chatadhd-w1/loom/third_party/nlohmann/nlohmann/json.hpp:170:
/usr/include/c++/13/bits/valarray_after.h:418:5: note: candidate: ‘template<class _Dom1, class _Dom2> std::_Expr<std::__detail::_BinClos<std::__not_equal_to, std::_Expr, std::_Expr, _Dom1, _Dom2>, typename std::__fun<std::__not_equal_to, typename _Dom1::value_type>::result_type> std::operator!=(const _Expr<_Dom1, typename _Dom1::value_type>&, const _Expr<_Dom2, typename _Dom2::value_type>&)’
  418 |     _DEFINE_EXPR_BINARY_OPERATOR(!=, struct std::__not_equal_to)
      |     ^~~~~~~~~~~~~~~~~~~~~~~~~~~~
/usr/include/c++/13/bits/valarray_after.h:418:5: note:   template argument deduction/substitution failed:
/workspace/scratch/23947acf329f/chatadhd-w1/loom/src/chat/chat_engine.cpp:266:95: note:   ‘std::string’ {aka ‘std::__cxx11::basic_string<char>’} is not derived from ‘const std::_Expr<_Dom1, typename _Dom1::value_type>’
  266 |             ((**live).conv_id != conv_id || Sha256::hex((**live).text) != source["text_sha256"])) {
      |                                                                                               ^
/usr/include/c++/13/bits/valarray_after.h:418:5: note: candidate: ‘template<class _Dom> std::_Expr<std::__detail::_BinClos<std::__not_equal_to, std::_Expr, std::_Constant, _Dom, typename _Dom::value_type>, typename std::__fun<std::__not_equal_to, typename _Dom1::value_type>::result_type> std::operator!=(const _Expr<_Dom1, typename _Dom1::value_type>&, const typename _Dom::value_type&)’
  418 |     _DEFINE_EXPR_BINARY_OPERATOR(!=, struct std::__not_equal_to)
      |     ^~~~~~~~~~~~~~~~~~~~~~~~~~~~
/usr/include/c++/13/bits/valarray_after.h:418:5: note:   template argument deduction/substitution failed:
/workspace/scratch/23947acf329f/chatadhd-w1/loom/src/chat/chat_engine.cpp:266:95: note:   ‘std::string’ {aka ‘std::__cxx11::basic_string<char>’} is not derived from ‘const std::_Expr<_Dom1, typename _Dom1::value_type>’
  266 |             ((**live).conv_id != conv_id || Sha256::hex((**live).text) != source["text_sha256"])) {
      |                                                                                               ^
/usr/include/c++/13/bits/valarray_after.h:418:5: note: candidate: ‘template<class _Dom> std::_Expr<std::__detail::_BinClos<std::__not_equal_to, std::_Constant, std::_Expr, typename _Dom::value_type, _Dom>, typename std::__fun<std::__not_equal_to, typename _Dom1::value_type>::result_type> std::operator!=(const typename _Dom::value_type&, const _Expr<_Dom1, typename _Dom1::value_type>&)’
  418 |     _DEFINE_EXPR_BINARY_OPERATOR(!=, struct std::__not_equal_to)
      |     ^~~~~~~~~~~~~~~~~~~~~~~~~~~~
/usr/include/c++/13/bits/valarray_after.h:418:5: note:   template argument deduction/substitution failed:
/workspace/scratch/23947acf329f/chatadhd-w1/loom/src/chat/chat_engine.cpp:266:95: note:   ‘const nlohmann::json_abi_v3_11_3::basic_json<nlohmann::json_abi_v3_11_3::ordered_map>::value_type’ {aka ‘const nlohmann::json_abi_v3_11_3::basic_json<nlohmann::json_abi_v3_11_3::ordered_map>’} is not derived from ‘const std::_Expr<_Dom1, typename _Dom1::value_type>’
  266 |             ((**live).conv_id != conv_id || Sha256::hex((**live).text) != source["text_sha256"])) {
      |                                                                                               ^
/usr/include/c++/13/bits/valarray_after.h:418:5: note: candidate: ‘template<class _Dom> std::_Expr<std::__detail::_BinClos<std::__not_equal_to, std::_Expr, std::_ValArray, _Dom, typename _Dom::value_type>, typename std::__fun<std::__not_equal_to, typename _Dom1::value_type>::result_type> std::operator!=(const _Expr<_Dom1, typename _Dom1::value_type>&, const valarray<typename _Dom::value_type>&)’
  418 |     _DEFINE_EXPR_BINARY_OPERATOR(!=, struct std::__not_equal_to)
      |     ^~~~~~~~~~~~~~~~~~~~~~~~~~~~
/usr/include/c++/13/bits/valarray_after.h:418:5: note:   template argument deduction/substitution failed:
/workspace/scratch/23947acf329f/chatadhd-w1/loom/src/chat/chat_engine.cpp:266:95: note:   ‘std::string’ {aka ‘std::__cxx11::basic_string<char>’} is not derived from ‘const std::_Expr<_Dom1, typename _Dom1::value_type>’
  266 |             ((**live).conv_id != conv_id || Sha256::hex((**live).text) != source["text_sha256"])) {
      |                                                                                               ^
/usr/include/c++/13/bits/valarray_after.h:418:5: note: candidate: ‘template<class _Dom> std::_Expr<std::__detail::_BinClos<std::__not_equal_to, std::_ValArray, std::_Expr, typename _Dom::value_type, _Dom>, typename std::__fun<std::__not_equal_to, typename _Dom1::value_type>::result_type> std::operator!=(const valarray<typename _Dom::value_type>&, const _Expr<_Dom1, typename _Dom1::value_type>&)’
  418 |     _DEFINE_EXPR_BINARY_OPERATOR(!=, struct std::__not_equal_to)
      |     ^~~~~~~~~~~~~~~~~~~~~~~~~~~~
/usr/include/c++/13/bits/valarray_after.h:418:5: note:   template argument deduction/substitution failed:
/workspace/scratch/23947acf329f/chatadhd-w1/loom/src/chat/chat_engine.cpp:266:95: note:   ‘const nlohmann::json_abi_v3_11_3::basic_json<nlohmann::json_abi_v3_11_3::ordered_map>::value_type’ {aka ‘const nlohmann::json_abi_v3_11_3::basic_json<nlohmann::json_abi_v3_11_3::ordered_map>’} is not derived from ‘const std::_Expr<_Dom1, typename _Dom1::value_type>’
  266 |             ((**live).conv_id != conv_id || Sha256::hex((**live).text) != source["text_sha256"])) {
      |                                                                                               ^
/usr/include/c++/13/valarray:1209:1: note: candidate: ‘template<class _Tp> std::_Expr<std::__detail::_BinClos<std::__not_equal_to, std::_ValArray, std::_ValArray, _Tp, _Tp>, typename std::__fun<std::__not_equal_to, _Tp>::result_type> std::operator!=(const valarray<_Tp>&, const valarray<_Tp>&)’
 1209 | _DEFINE_BINARY_OPERATOR(!=, __not_equal_to)
      | ^~~~~~~~~~~~~~~~~~~~~~~
/usr/include/c++/13/valarray:1209:1: note:   template argument deduction/substitution failed:
/workspace/scratch/23947acf329f/chatadhd-w1/loom/src/chat/chat_engine.cpp:266:95: note:   ‘std::string’ {aka ‘std::__cxx11::basic_string<char>’} is not derived from ‘const std::valarray<_Tp>’
  266 |             ((**live).conv_id != conv_id || Sha256::hex((**live).text) != source["text_sha256"])) {
      |                                                                                               ^
/usr/include/c++/13/valarray:1209:1: note: candidate: ‘template<class _Tp> std::_Expr<std::__detail::_BinClos<std::__not_equal_to, std::_ValArray, std::_Constant, _Tp, _Tp>, typename std::__fun<std::__not_equal_to, _Tp>::result_type> std::operator!=(const valarray<_Tp>&, const typename valarray<_Tp>::value_type&)’
 1209 | _DEFINE_BINARY_OPERATOR(!=, __not_equal_to)
      | ^~~~~~~~~~~~~~~~~~~~~~~
/usr/include/c++/13/valarray:1209:1: note:   template argument deduction/substitution failed:
/workspace/scratch/23947acf329f/chatadhd-w1/loom/src/chat/chat_engine.cpp:266:95: note:   ‘std::string’ {aka ‘std::__cxx11::basic_string<char>’} is not derived from ‘const std::valarray<_Tp>’
  266 |             ((**live).conv_id != conv_id || Sha256::hex((**live).text) != source["text_sha256"])) {
      |                                                                                               ^
/usr/include/c++/13/valarray:1209:1: note: candidate: ‘template<class _Tp> std::_Expr<std::__detail::_BinClos<std::__not_equal_to, std::_Constant, std::_ValArray, _Tp, _Tp>, typename std::__fun<std::__not_equal_to, _Tp>::result_type> std::operator!=(const typename valarray<_Tp>::value_type&, const valarray<_Tp>&)’
 1209 | _DEFINE_BINARY_OPERATOR(!=, __not_equal_to)
      | ^~~~~~~~~~~~~~~~~~~~~~~
/usr/include/c++/13/valarray:1209:1: note:   template argument deduction/substitution failed:
/workspace/scratch/23947acf329f/chatadhd-w1/loom/src/chat/chat_engine.cpp:266:95: note:   ‘const nlohmann::json_abi_v3_11_3::basic_json<nlohmann::json_abi_v3_11_3::ordered_map>::value_type’ {aka ‘const nlohmann::json_abi_v3_11_3::basic_json<nlohmann::json_abi_v3_11_3::ordered_map>’} is not derived from ‘const std::valarray<_Tp>’
  266 |             ((**live).conv_id != conv_id || Sha256::hex((**live).text) != source["text_sha256"])) {
      |                                                                                               ^
[2/15] Building CXX object CMakeFiles/loom_tests.dir/tests/test_chat_active_task_revisions.cpp.o
[3/15] Building CXX object CMakeFiles/loom_tests.dir/tests/test_chat_active_task_concurrency.cpp.o
[4/15] Building CXX object CMakeFiles/loom_tests.dir/tests/test_chat_active_task_retention.cpp.o
ninja: build stopped: subcommand failed.
