browserType.launch: Target page, context or browser has been closed
Browser logs:

<launching> /workspace/scratch/1112e9e8a3c6/audit-work/continuation/deps/browsers/chromium-1194/chrome-linux/chrome --disable-field-trial-config --disable-background-networking --disable-background-timer-throttling --disable-backgrounding-occluded-windows --disable-back-forward-cache --disable-breakpad --disable-client-side-phishing-detection --disable-component-extensions-with-background-pages --disable-component-update --no-default-browser-check --disable-default-apps --disable-dev-shm-usage --disable-edgeupdater --disable-extensions --disable-features=AvoidUnnecessaryBeforeUnloadCheckSync,BoundaryEventDispatchTracksNodeRemoval,DestroyProfileOnBrowserClose,DialMediaRouteProvider,GlobalMediaControls,HttpsUpgrades,LensOverlay,MediaRouter,PaintHolding,ThirdPartyStoragePartitioning,BlockOriginHeaderModificationOnRedirect,Translate,AutoDeElevate,OptimizationHints,msForceBrowserSignIn,msEdgeUpdateLaunchServicesPreferredVersion --enable-features=CDPScreenshotNewSurface --allow-pre-commit-input --disable-hang-monitor --disable-ipc-flooding-protection --disable-popup-blocking --disable-prompt-on-repost --disable-renderer-backgrounding --disable-updater-scheduler --force-color-profile=srgb --metrics-recording-only --no-first-run --password-store=basic --use-mock-keychain --no-service-autorun --export-tagged-pdf --disable-search-engine-choice-screen --unsafely-disable-devtools-self-xss-warnings --edge-skip-compat-layer-relaunch --disable-infobars --disable-search-engine-choice-screen --disable-sync --enable-unsafe-swiftshader --headless --hide-scrollbars --mute-audio --blink-settings=primaryHoverType=2,availableHoverTypes=2,primaryPointerType=4,availablePointerTypes=4 --no-sandbox --user-data-dir=/tmp/playwright_chromiumdev_profile-CEef2P --remote-debugging-pipe --no-startup-window
<launched> pid=17
[pid=17][err] [17:17:1009/141325.451285:FATAL:chrome/browser/process_singleton_posix.cc:292] Check failed: . socket() failed: Operation not permitted (1)
[pid=17][err] [1009/141325.451512:ERROR:third_party/crashpad/crashpad/util/linux/scoped_ptrace_attach.cc:27] ptrace: Operation not permitted (1)
[pid=17][err] [1009/141325.451618:ERROR:third_party/crashpad/crashpad/util/file/directory_reader_posix.cc:43] opendir /proc/17/task: No such file or directory (2)
Call log:
[2m  - <launching> /workspace/scratch/1112e9e8a3c6/audit-work/continuation/deps/browsers/chromium-1194/chrome-linux/chrome --disable-field-trial-config --disable-background-networking --disable-background-timer-throttling --disable-backgrounding-occluded-windows --disable-back-forward-cache --disable-breakpad --disable-client-side-phishing-detection --disable-component-extensions-with-background-pages --disable-component-update --no-default-browser-check --disable-default-apps --disable-dev-shm-usage --disable-edgeupdater --disable-extensions --disable-features=AvoidUnnecessaryBeforeUnloadCheckSync,BoundaryEventDispatchTracksNodeRemoval,DestroyProfileOnBrowserClose,DialMediaRouteProvider,GlobalMediaControls,HttpsUpgrades,LensOverlay,MediaRouter,PaintHolding,ThirdPartyStoragePartitioning,BlockOriginHeaderModificationOnRedirect,Translate,AutoDeElevate,OptimizationHints,msForceBrowserSignIn,msEdgeUpdateLaunchServicesPreferredVersion --enable-features=CDPScreenshotNewSurface --allow-pre-commit-input --disable-hang-monitor --disable-ipc-flooding-protection --disable-popup-blocking --disable-prompt-on-repost --disable-renderer-backgrounding --disable-updater-scheduler --force-color-profile=srgb --metrics-recording-only --no-first-run --password-store=basic --use-mock-keychain --no-service-autorun --export-tagged-pdf --disable-search-engine-choice-screen --unsafely-disable-devtools-self-xss-warnings --edge-skip-compat-layer-relaunch --disable-infobars --disable-search-engine-choice-screen --disable-sync --enable-unsafe-swiftshader --headless --hide-scrollbars --mute-audio --blink-settings=primaryHoverType=2,availableHoverTypes=2,primaryPointerType=4,availablePointerTypes=4 --no-sandbox --user-data-dir=/tmp/playwright_chromiumdev_profile-CEef2P --remote-debugging-pipe --no-startup-window[22m
[2m  - <launched> pid=17[22m
[2m  - [pid=17][err] [17:17:1009/141325.451285:FATAL:chrome/browser/process_singleton_posix.cc:292] Check failed: . socket() failed: Operation not permitted (1)[22m
[2m  - [pid=17][err] [1009/141325.451512:ERROR:third_party/crashpad/crashpad/util/linux/scoped_ptrace_attach.cc:27] ptrace: Operation not permitted (1)[22m
[2m  - [pid=17][err] [1009/141325.451618:ERROR:third_party/crashpad/crashpad/util/file/directory_reader_posix.cc:43] opendir /proc/17/task: No such file or directory (2)[22m
[2m  - [pid=17] <gracefully close start>[22m
[2m  - [pid=17] <kill>[22m
[2m  - [pid=17] <will force kill>[22m
[2m  - [pid=17] <process did exit: exitCode=null, signal=SIGABRT>[22m
[2m  - [pid=17] starting temporary directories cleanup[22m
[2m  - [pid=17] finished temporary directories cleanup[22m
[2m  - [pid=17] <gracefully close end>[22m

