test_auto_acceptance_retains_content_assessment_and_model_instrument_origin (loom.tools.structure.agentic_graph_v1.test_packet.PacketTests.test_auto_acceptance_retains_content_assessment_and_model_instrument_origin) ... ok
test_cyclic_python_containers_rejected_shared_acyclic_values_allowed (loom.tools.structure.agentic_graph_v1.test_packet.PacketTests.test_cyclic_python_containers_rejected_shared_acyclic_values_allowed) ... ok
test_dangling_merge_or_split_rejected_but_intent_does_not_rewrite_graph (loom.tools.structure.agentic_graph_v1.test_packet.PacketTests.test_dangling_merge_or_split_rejected_but_intent_does_not_rewrite_graph) ... ok
test_duplicate_edits_cross_collection_ids_and_extra_truth_flag_rejected (loom.tools.structure.agentic_graph_v1.test_packet.PacketTests.test_duplicate_edits_cross_collection_ids_and_extra_truth_flag_rejected) ... ok
test_exact_evidence_binding_is_not_semantic_direction_proof (loom.tools.structure.agentic_graph_v1.test_packet.PacketTests.test_exact_evidence_binding_is_not_semantic_direction_proof) ... ok
test_exact_utf8_subspan_is_retained_without_full_turn_rewrite (loom.tools.structure.agentic_graph_v1.test_packet.PacketTests.test_exact_utf8_subspan_is_retained_without_full_turn_rewrite) ... ok
test_full_native_claim_roundtrip_no_narrow_projection (loom.tools.structure.agentic_graph_v1.test_packet.PacketTests.test_full_native_claim_roundtrip_no_narrow_projection) ... ok
test_inverse_refuses_to_overwrite_newer_projection (loom.tools.structure.agentic_graph_v1.test_packet.PacketTests.test_inverse_refuses_to_overwrite_newer_projection) ... ok
test_native_absent_object_xor_value_and_assessment_invariants (loom.tools.structure.agentic_graph_v1.test_packet.PacketTests.test_native_absent_object_xor_value_and_assessment_invariants) ... ok
test_new_open_definition_predicate_kind_not_restricted_to_existing_vocab (loom.tools.structure.agentic_graph_v1.test_packet.PacketTests.test_new_open_definition_predicate_kind_not_restricted_to_existing_vocab) ... ok
test_optimistic_base_and_per_record_hash_reject_stale_edits (loom.tools.structure.agentic_graph_v1.test_packet.PacketTests.test_optimistic_base_and_per_record_hash_reject_stale_edits) ... ok
test_preview_returns_original_projection_with_reviewable_candidate (loom.tools.structure.agentic_graph_v1.test_packet.PacketTests.test_preview_returns_original_projection_with_reviewable_candidate) ... ok
test_resource_limits_are_configured_data_not_legacy_whole_archive_caps (loom.tools.structure.agentic_graph_v1.test_packet.PacketTests.test_resource_limits_are_configured_data_not_legacy_whole_archive_caps) ... ok
test_semantic_identity_change_requires_explicit_new_record (loom.tools.structure.agentic_graph_v1.test_packet.PacketTests.test_semantic_identity_change_requires_explicit_new_record) ... ok
test_source_rewrite_same_id_rejected_requires_new_source_record (loom.tools.structure.agentic_graph_v1.test_packet.PacketTests.test_source_rewrite_same_id_rejected_requires_new_source_record) ... ok
test_source_tombstone_is_configurable_raw_bytes_always_in_history (loom.tools.structure.agentic_graph_v1.test_packet.PacketTests.test_source_tombstone_is_configurable_raw_bytes_always_in_history) ... ok
test_tombstone_claim_preserves_full_record_and_support_bytes (loom.tools.structure.agentic_graph_v1.test_packet.PacketTests.test_tombstone_claim_preserves_full_record_and_support_bytes) ... ok
test_utf8_source_hash_quote_and_locator_counterexamples (loom.tools.structure.agentic_graph_v1.test_packet.PacketTests.test_utf8_source_hash_quote_and_locator_counterexamples) ... ok
test_continue_policy_preserves_failure_and_planned_denominator (loom.tools.structure.agentic_graph_v1.test_workflow.WorkflowTests.test_continue_policy_preserves_failure_and_planned_denominator) ... ok
test_independent_original_projection_is_selected_explicitly_never_merged (loom.tools.structure.agentic_graph_v1.test_workflow.WorkflowTests.test_independent_original_projection_is_selected_explicitly_never_merged) ... ok
test_instrument_binding_only_changes_top_level_diff_origin_and_availability (loom.tools.structure.agentic_graph_v1.test_workflow.WorkflowTests.test_instrument_binding_only_changes_top_level_diff_origin_and_availability) ... ok
test_malformed_first_response_saved_before_parsing_no_retry (loom.tools.structure.agentic_graph_v1.test_workflow.WorkflowTests.test_malformed_first_response_saved_before_parsing_no_retry) ... ok
test_paid_auth_and_usage_jump_confirmations_are_config_data_checked_before_transport (loom.tools.structure.agentic_graph_v1.test_workflow.WorkflowTests.test_paid_auth_and_usage_jump_confirmations_are_config_data_checked_before_transport) ... ok
test_preview_does_not_apply_and_reviewer_still_sees_first_unaccepted_proposal (loom.tools.structure.agentic_graph_v1.test_workflow.WorkflowTests.test_preview_does_not_apply_and_reviewer_still_sees_first_unaccepted_proposal) ... ok
test_source_bytes_native_claim_fields_and_unknown_times_preserved (loom.tools.structure.agentic_graph_v1.test_workflow.WorkflowTests.test_source_bytes_native_claim_fields_and_unknown_times_preserved) ... ok
test_three_stage_and_mixed_model_fields_are_data (loom.tools.structure.agentic_graph_v1.test_workflow.WorkflowTests.test_three_stage_and_mixed_model_fields_are_data) ... ok
test_two_stage_history_and_first_proposals_preserved_without_forced_consensus (loom.tools.structure.agentic_graph_v1.test_workflow.WorkflowTests.test_two_stage_history_and_first_proposals_preserved_without_forced_consensus) ... ok

----------------------------------------------------------------------
Ran 27 tests in 1.059s

OK
