test_correlated_family_bootstrap_is_data_and_reproducible (loom.tools.structure.test_programme_repetition_v1.RepetitionBootstrapTests.test_correlated_family_bootstrap_is_data_and_reproducible) ... ok
test_missing_bootstrap_family_is_explicit_error (loom.tools.structure.test_programme_repetition_v1.RepetitionBootstrapTests.test_missing_bootstrap_family_is_explicit_error) ... ok
test_ambiguous_first_row_cannot_be_opted_into_completed_labels (loom.tools.structure.test_programme_repetition_v1.RepetitionBoundaryTests.test_ambiguous_first_row_cannot_be_opted_into_completed_labels) ... ok
test_existing_manifest_collision_is_checked_before_new_artifact_writes (loom.tools.structure.test_programme_repetition_v1.RepetitionBoundaryTests.test_existing_manifest_collision_is_checked_before_new_artifact_writes) ... ok
test_existing_request_collision_is_checked_before_other_writes (loom.tools.structure.test_programme_repetition_v1.RepetitionBoundaryTests.test_existing_request_collision_is_checked_before_other_writes) ... ok
test_scientific_origin_and_prompt_hashes_are_explicit_and_unchanged (loom.tools.structure.test_programme_repetition_v1.RepetitionBoundaryTests.test_scientific_origin_and_prompt_hashes_are_explicit_and_unchanged) ... ok
test_all_first_answers_correct_with_planned_repeat_denominators (loom.tools.structure.test_programme_repetition_v1.RepetitionScoreTests.test_all_first_answers_correct_with_planned_repeat_denominators) ... ok
test_bad_generation_hash_cannot_be_equal_bound_credit_evidence (loom.tools.structure.test_programme_repetition_v1.RepetitionScoreTests.test_bad_generation_hash_cannot_be_equal_bound_credit_evidence) ... ok
test_changed_gold_bytes_and_gold_duplicate_inventory_rejected (loom.tools.structure.test_programme_repetition_v1.RepetitionScoreTests.test_changed_gold_bytes_and_gold_duplicate_inventory_rejected) ... ok
test_duplicate_first_row_or_capture_cannot_replace_failed_answer (loom.tools.structure.test_programme_repetition_v1.RepetitionScoreTests.test_duplicate_first_row_or_capture_cannot_replace_failed_answer) ... ok
test_duplicate_generation_identity_rejected (loom.tools.structure.test_programme_repetition_v1.RepetitionScoreTests.test_duplicate_generation_identity_rejected) ... ok
test_equal_missing_or_malformed_capture_hashes_do_not_bind_an_answer (loom.tools.structure.test_programme_repetition_v1.RepetitionScoreTests.test_equal_missing_or_malformed_capture_hashes_do_not_bind_an_answer) ... ok
test_explicit_billing_flags_cannot_contradict_known_credit_claim (loom.tools.structure.test_programme_repetition_v1.RepetitionScoreTests.test_explicit_billing_flags_cannot_contradict_known_credit_claim) ... ok
test_first_http_error_without_generation_identity_stays_unavailable (loom.tools.structure.test_programme_repetition_v1.RepetitionScoreTests.test_first_http_error_without_generation_identity_stays_unavailable) ... ok
test_missing_generation_proof_keeps_bound_first_label_and_unknown_cost (loom.tools.structure.test_programme_repetition_v1.RepetitionScoreTests.test_missing_generation_proof_keeps_bound_first_label_and_unknown_cost) ... ok
test_missing_or_first_failed_answer_stays_in_denominator (loom.tools.structure.test_programme_repetition_v1.RepetitionScoreTests.test_missing_or_first_failed_answer_stays_in_denominator) ... ok
test_orphan_capture_without_first_row_rejected (loom.tools.structure.test_programme_repetition_v1.RepetitionScoreTests.test_orphan_capture_without_first_row_rejected) ... ok
test_pending_billing_bound_first_answer_scores_without_credit (loom.tools.structure.test_programme_repetition_v1.RepetitionScoreTests.test_pending_billing_bound_first_answer_scores_without_credit) ... ok
test_pending_billing_label_eligibility_is_caller_data (loom.tools.structure.test_programme_repetition_v1.RepetitionScoreTests.test_pending_billing_label_eligibility_is_caller_data) ... ok
test_pending_billing_without_bound_generation_id_is_not_a_valid_first_receipt (loom.tools.structure.test_programme_repetition_v1.RepetitionScoreTests.test_pending_billing_without_bound_generation_id_is_not_a_valid_first_receipt) ... ok
test_pending_credit_not_inferred_from_unknown_or_byok_first_usage (loom.tools.structure.test_programme_repetition_v1.RepetitionScoreTests.test_pending_credit_not_inferred_from_unknown_or_byok_first_usage) ... ok
test_planned_inventory_changed_or_public_request_missing_rejected (loom.tools.structure.test_programme_repetition_v1.RepetitionScoreTests.test_planned_inventory_changed_or_public_request_missing_rejected) ... ok
test_public_request_boolean_number_substitution_rejected (loom.tools.structure.test_programme_repetition_v1.RepetitionScoreTests.test_public_request_boolean_number_substitution_rejected) ... ok
test_reordered_supplied_rows_and_projections_keep_planned_score_order (loom.tools.structure.test_programme_repetition_v1.RepetitionScoreTests.test_reordered_supplied_rows_and_projections_keep_planned_score_order) ... ok
test_same_successful_capture_hash_cannot_prove_distinct_repeats (loom.tools.structure.test_programme_repetition_v1.RepetitionScoreTests.test_same_successful_capture_hash_cannot_prove_distinct_repeats) ... ok
test_shared_failed_error_capture_is_retained_without_completed_claim (loom.tools.structure.test_programme_repetition_v1.RepetitionScoreTests.test_shared_failed_error_capture_is_retained_without_completed_claim) ... ok
test_threshold_unknown_conflict_and_malformed_answers_are_distinct (loom.tools.structure.test_programme_repetition_v1.RepetitionScoreTests.test_threshold_unknown_conflict_and_malformed_answers_are_distinct) ... ok
test_unknown_or_request_binding_changed_first_row_rejected (loom.tools.structure.test_programme_repetition_v1.RepetitionScoreTests.test_unknown_or_request_binding_changed_first_row_rejected) ... ok
test_valid_label_remains_available_when_billing_replay_is_unknown (loom.tools.structure.test_programme_repetition_v1.RepetitionScoreTests.test_valid_label_remains_available_when_billing_replay_is_unknown) ... ok
test_verified_cost_contradiction_rejected (loom.tools.structure.test_programme_repetition_v1.RepetitionScoreTests.test_verified_cost_contradiction_rejected) ... ok
test_changed_child_body_and_recomputed_hash_is_not_a_repetition (loom.tools.structure.test_programme_repetition_v1.RepetitionTests.test_changed_child_body_and_recomputed_hash_is_not_a_repetition) ... ok
test_changed_child_units_or_floor_rejected (loom.tools.structure.test_programme_repetition_v1.RepetitionTests.test_changed_child_units_or_floor_rejected) ... ok
test_changed_source_body_and_recomputed_operation_hash_still_fails_source_binding (loom.tools.structure.test_programme_repetition_v1.RepetitionTests.test_changed_source_body_and_recomputed_operation_hash_still_fails_source_binding) ... ok
test_changed_source_manifest_rejected_before_writes (loom.tools.structure.test_programme_repetition_v1.RepetitionTests.test_changed_source_manifest_rejected_before_writes) ... ok
test_child_duplicate_or_missing_operation_rejected (loom.tools.structure.test_programme_repetition_v1.RepetitionTests.test_child_duplicate_or_missing_operation_rejected) ... ok
test_clones_do_not_share_mutable_units (loom.tools.structure.test_programme_repetition_v1.RepetitionTests.test_clones_do_not_share_mutable_units) ... ok
test_count_and_order_are_policy_data (loom.tools.structure.test_programme_repetition_v1.RepetitionTests.test_count_and_order_are_policy_data) ... ok
test_duplicate_or_unknown_selection_ids_rejected (loom.tools.structure.test_programme_repetition_v1.RepetitionTests.test_duplicate_or_unknown_selection_ids_rejected) ... ok
test_duplicate_source_arm_query_and_planned_query_ids_rejected (loom.tools.structure.test_programme_repetition_v1.RepetitionTests.test_duplicate_source_arm_query_and_planned_query_ids_rejected) ... ok
test_explicit_grid_order_preserves_exact_bytes_units_pair_and_floor (loom.tools.structure.test_programme_repetition_v1.RepetitionTests.test_explicit_grid_order_preserves_exact_bytes_units_pair_and_floor) ... ok
test_invalid_repetition_counts_rejected (loom.tools.structure.test_programme_repetition_v1.RepetitionTests.test_invalid_repetition_counts_rejected) ... ok
test_missing_selected_arm_or_query_rejected (loom.tools.structure.test_programme_repetition_v1.RepetitionTests.test_missing_selected_arm_or_query_rejected) ... ok
test_query_id_in_body_must_match_source_metadata (loom.tools.structure.test_programme_repetition_v1.RepetitionTests.test_query_id_in_body_must_match_source_metadata) ... ok

----------------------------------------------------------------------
Ran 43 tests in 0.275s

OK
