-- loom: SQLite = system 3.45.1
-- loom: OpenSSL = ON
-- Configuring done (1.2s)
CMake Warning (author) at CMakeLists.txt:69 (target_link_libraries):
  The library that is being linked to, SQLite::SQLite3, is marked as being
  deprecated by the owner.  The message provided by the developer is:

  The target name SQLite::SQLite3 is deprecated.  Please use SQLite3::SQLite3
  instead.

This warning is for project developers.  Use -Wno-author to suppress it.

CMake Warning (author) at CMakeLists.txt:69 (target_link_libraries):
  The library that is being linked to, SQLite::SQLite3, is marked as being
  deprecated by the owner.  The message provided by the developer is:

  The target name SQLite::SQLite3 is deprecated.  Please use SQLite3::SQLite3
  instead.

This warning is for project developers.  Use -Wno-author to suppress it.

CMake Warning (author) at CMakeLists.txt:69 (target_link_libraries):
  The library that is being linked to, SQLite::SQLite3, is marked as being
  deprecated by the owner.  The message provided by the developer is:

  The target name SQLite::SQLite3 is deprecated.  Please use SQLite3::SQLite3
  instead.

This warning is for project developers.  Use -Wno-author to suppress it.

CMake Warning (author) at CMakeLists.txt:69 (target_link_libraries):
  The library that is being linked to, SQLite::SQLite3, is marked as being
  deprecated by the owner.  The message provided by the developer is:

  The target name SQLite::SQLite3 is deprecated.  Please use SQLite3::SQLite3
  instead.

This warning is for project developers.  Use -Wno-author to suppress it.

-- Generating done (0.2s)
-- Build files have been written to: /workspace/scratch/2a6e71927cf3/chatadhd/loom/build/asan
