/workspace/scratch/f98faad71b9c/chatadhd/loom/src/context/tests/goal_cues_configuration.cpp: In function ‘int main(int, char**)’:
/workspace/scratch/f98faad71b9c/chatadhd/loom/src/context/tests/goal_cues_configuration.cpp:83:29: error: no match for ‘operator==’ (operand types are ‘const std::string’ {aka ‘const std::__cxx11::basic_string<char>’} and ‘const nlohmann::json_abi_v3_11_3::basic_json<nlohmann::json_abi_v3_11_3::ordered_map>::value_type’ {aka ‘const nlohmann::json_abi_v3_11_3::basic_json<nlohmann::json_abi_v3_11_3::ordered_map>’})
   83 |     f.require(baseline.type == defaults.at("fallback_goal_type"), "actual builtin fallback type does not consume descriptor");
      |               ~~~~~~~~~~~~~ ^~ ~~~~~~~~~~~~~~~~~~~~~~~~~~~~~~~~~
      |                        |                  |
      |                        |                  const nlohmann::json_abi_v3_11_3::basic_json<nlohmann::json_abi_v3_11_3::ordered_map>::value_type {aka const nlohmann::json_abi_v3_11_3::basic_json<nlohmann::json_abi_v3_11_3::ordered_map>}
      |                        const std::string {aka const std::__cxx11::basic_string<char>}
In file included from /tmp/w3-selector-2-baseline/loom/include/loom/util/json.h:13,
                 from /tmp/w3-selector-2-baseline/loom/include/loom/kb.h:34,
                 from /tmp/w3-selector-2-baseline/loom/include/loom/context_engine.h:39,
                 from /workspace/scratch/f98faad71b9c/chatadhd/loom/src/context/tests/../context_execution.h:3,
                 from /workspace/scratch/f98faad71b9c/chatadhd/loom/src/context/tests/goal_cues_configuration.cpp:10:
/tmp/w3-selector-2-baseline/loom/third_party/nlohmann/nlohmann/json.hpp:23001:10: note: candidate: ‘template<class ScalarType>  requires  is_scalar_v<ScalarType> bool nlohmann::json_abi_v3_11_3::basic_json<ObjectType, ArrayType, StringType, BooleanType, NumberIntegerType, NumberUnsignedType, NumberFloatType, AllocatorType, JSONSerializer, BinaryType, CustomBaseClass>::operator==(ScalarType) const [with ObjectType = nlohmann::json_abi_v3_11_3::ordered_map; ArrayType = std::vector; StringType = std::__cxx11::basic_string<char>; BooleanType = bool; NumberIntegerType = long int; NumberUnsignedType = long unsigned int; NumberFloatType = double; AllocatorType = std::allocator; JSONSerializer = nlohmann::json_abi_v3_11_3::adl_serializer; BinaryType = std::vector<unsigned char>; CustomBaseClass = void]’ (reversed)
23001 |     bool operator==(ScalarType rhs) const noexcept
      |          ^~~~~~~~
/tmp/w3-selector-2-baseline/loom/third_party/nlohmann/nlohmann/json.hpp:23001:10: note:   template argument deduction/substitution failed:
/tmp/w3-selector-2-baseline/loom/third_party/nlohmann/nlohmann/json.hpp:23001:10: note: constraints not satisfied
/tmp/w3-selector-2-baseline/loom/third_party/nlohmann/nlohmann/json.hpp: In substitution of ‘template<class ScalarType>  requires  is_scalar_v<ScalarType> bool nlohmann::json_abi_v3_11_3::basic_json<nlohmann::json_abi_v3_11_3::ordered_map>::operator==(ScalarType) const [with ScalarType = nlohmann::json_abi_v3_11_3::ordered_map]’:
/workspace/scratch/f98faad71b9c/chatadhd/loom/src/context/tests/goal_cues_configuration.cpp:83:64:   required from here
/tmp/w3-selector-2-baseline/loom/third_party/nlohmann/nlohmann/json.hpp:23001:10:   required by the constraints of ‘template<template<class, class, class ...> class ObjectType, template<class, class ...> class ArrayType, class StringType, class BooleanType, class NumberIntegerType, class NumberUnsignedType, class NumberFloatType, template<class> class AllocatorType, template<class, class> class JSONSerializer, class BinaryType, class CustomBaseClass> template<class ScalarType>  requires  is_scalar_v<ScalarType> bool nlohmann::json_abi_v3_11_3::basic_json<ObjectType, ArrayType, StringType, BooleanType, NumberIntegerType, NumberUnsignedType, NumberFloatType, AllocatorType, JSONSerializer, BinaryType, CustomBaseClass>::operator==(ScalarType) const’
/tmp/w3-selector-2-baseline/loom/third_party/nlohmann/nlohmann/json.hpp:23000:19: note: the expression ‘is_scalar_v<ScalarType> [with ScalarType = std::__cxx11::basic_string<char, std::char_traits<char>, std::allocator<char> >]’ evaluated to ‘false’
23000 |     requires std::is_scalar_v<ScalarType>
      |              ~~~~~^~~~~~~~~~~~~~~~~~~~~~~
In file included from /usr/include/x86_64-linux-gnu/c++/13/bits/c++allocator.h:33,
                 from /usr/include/c++/13/bits/allocator.h:46,
                 from /usr/include/c++/13/string:43,
                 from /usr/include/c++/13/bits/locale_classes.h:40,
                 from /usr/include/c++/13/bits/ios_base.h:41,
                 from /usr/include/c++/13/ios:44,
                 from /usr/include/c++/13/ostream:40,
                 from /usr/include/c++/13/iostream:41,
                 from /workspace/scratch/f98faad71b9c/chatadhd/loom/src/context/tests/goal_cues_configuration.cpp:5:
/usr/include/c++/13/bits/new_allocator.h:215:9: note: candidate: ‘template<class _Up> constexpr bool std::operator==(const __new_allocator<unsigned char>&, const __new_allocator<_Tp>&)’ (reversed)
  215 |         operator==(const __new_allocator&, const __new_allocator<_Up>&)
      |         ^~~~~~~~
/usr/include/c++/13/bits/new_allocator.h:215:9: note:   template argument deduction/substitution failed:
/workspace/scratch/f98faad71b9c/chatadhd/loom/src/context/tests/goal_cues_configuration.cpp:83:64: note:   ‘const std::string’ {aka ‘const std::__cxx11::basic_string<char>’} is not derived from ‘const std::__new_allocator<_Tp>’
   83 |     f.require(baseline.type == defaults.at("fallback_goal_type"), "actual builtin fallback type does not consume descriptor");
      |                                                                ^
/usr/include/c++/13/bits/new_allocator.h:215:9: note: candidate: ‘template<class _Up> constexpr bool std::operator==(const __new_allocator<char>&, const __new_allocator<_Tp>&)’ (reversed)
  215 |         operator==(const __new_allocator&, const __new_allocator<_Up>&)
      |         ^~~~~~~~
/usr/include/c++/13/bits/new_allocator.h:215:9: note:   template argument deduction/substitution failed:
/workspace/scratch/f98faad71b9c/chatadhd/loom/src/context/tests/goal_cues_configuration.cpp:83:64: note:   ‘const std::string’ {aka ‘const std::__cxx11::basic_string<char>’} is not derived from ‘const std::__new_allocator<_Tp>’
   83 |     f.require(baseline.type == defaults.at("fallback_goal_type"), "actual builtin fallback type does not consume descriptor");
      |                                                                ^
In file included from /usr/include/c++/13/bits/stl_algobase.h:67,
                 from /usr/include/c++/13/bits/specfun.h:43,
                 from /usr/include/c++/13/cmath:3699,
                 from /workspace/scratch/f98faad71b9c/chatadhd/loom/src/context/tests/goal_cues_configuration.cpp:4:
/usr/include/c++/13/bits/stl_iterator.h:534:5: note: candidate: ‘template<class _IteratorL, class _IteratorR> constexpr bool std::operator==(const reverse_iterator<_IteratorL>&, const reverse_iterator<_IteratorR>&) requires requires{{std::operator==::__x->base() == std::operator==::__y->base()} -> decltype(auto) [requires std::convertible_to<<placeholder>, bool>];}’ (reversed)
  534 |     operator==(const reverse_iterator<_IteratorL>& __x,
      |     ^~~~~~~~
/usr/include/c++/13/bits/stl_iterator.h:534:5: note:   template argument deduction/substitution failed:
/workspace/scratch/f98faad71b9c/chatadhd/loom/src/context/tests/goal_cues_configuration.cpp:83:64: note:   ‘const nlohmann::json_abi_v3_11_3::basic_json<nlohmann::json_abi_v3_11_3::ordered_map>::value_type’ {aka ‘const nlohmann::json_abi_v3_11_3::basic_json<nlohmann::json_abi_v3_11_3::ordered_map>’} is not derived from ‘const std::reverse_iterator<_IteratorL>’
   83 |     f.require(baseline.type == defaults.at("fallback_goal_type"), "actual builtin fallback type does not consume descriptor");
      |                                                                ^
/usr/include/c++/13/bits/stl_iterator.h:1678:5: note: candidate: ‘template<class _IteratorL, class _IteratorR> constexpr bool std::operator==(const move_iterator<_IteratorL>&, const move_iterator<_IteratorR>&) requires requires{{std::operator==::__x->base() == std::operator==::__y->base()} -> decltype(auto) [requires std::convertible_to<<placeholder>, bool>];}’ (reversed)
 1678 |     operator==(const move_iterator<_IteratorL>& __x,
      |     ^~~~~~~~
/usr/include/c++/13/bits/stl_iterator.h:1678:5: note:   template argument deduction/substitution failed:
/workspace/scratch/f98faad71b9c/chatadhd/loom/src/context/tests/goal_cues_configuration.cpp:83:64: note:   ‘const nlohmann::json_abi_v3_11_3::basic_json<nlohmann::json_abi_v3_11_3::ordered_map>::value_type’ {aka ‘const nlohmann::json_abi_v3_11_3::basic_json<nlohmann::json_abi_v3_11_3::ordered_map>’} is not derived from ‘const std::move_iterator<_IteratorL>’
   83 |     f.require(baseline.type == defaults.at("fallback_goal_type"), "actual builtin fallback type does not consume descriptor");
      |                                                                ^
/usr/include/c++/13/bits/allocator.h:237:5: note: candidate: ‘template<class _T1, class _T2> constexpr bool std::operator==(const allocator<_CharT>&, const allocator<_T2>&)’ (reversed)
  237 |     operator==(const allocator<_T1>&, const allocator<_T2>&)
      |     ^~~~~~~~
/usr/include/c++/13/bits/allocator.h:237:5: note:   template argument deduction/substitution failed:
/workspace/scratch/f98faad71b9c/chatadhd/loom/src/context/tests/goal_cues_configuration.cpp:83:64: note:   ‘const nlohmann::json_abi_v3_11_3::basic_json<nlohmann::json_abi_v3_11_3::ordered_map>::value_type’ {aka ‘const nlohmann::json_abi_v3_11_3::basic_json<nlohmann::json_abi_v3_11_3::ordered_map>’} is not derived from ‘const std::allocator<_CharT>’
   83 |     f.require(baseline.type == defaults.at("fallback_goal_type"), "actual builtin fallback type does not consume descriptor");
      |                                                                ^
In file included from /usr/include/c++/13/bits/basic_string.h:47,
                 from /usr/include/c++/13/string:54:
/usr/include/c++/13/string_view:616:5: note: candidate: ‘template<class _CharT, class _Traits> constexpr bool std::operator==(basic_string_view<_CharT, _Traits>, __type_identity_t<basic_string_view<_CharT, _Traits> >)’ (reversed)
  616 |     operator==(basic_string_view<_CharT, _Traits> __x,
      |     ^~~~~~~~
/usr/include/c++/13/string_view:616:5: note:   template argument deduction/substitution failed:
/workspace/scratch/f98faad71b9c/chatadhd/loom/src/context/tests/goal_cues_configuration.cpp:83:64: note:   ‘nlohmann::json_abi_v3_11_3::basic_json<nlohmann::json_abi_v3_11_3::ordered_map>’ is not derived from ‘std::basic_string_view<_CharT, _Traits>’
   83 |     f.require(baseline.type == defaults.at("fallback_goal_type"), "actual builtin fallback type does not consume descriptor");
      |                                                                ^
/usr/include/c++/13/bits/basic_string.h:3727:5: note: candidate: ‘template<class _CharT, class _Traits, class _Alloc> constexpr bool std::operator==(const __cxx11::basic_string<_CharT, _Traits, _Allocator>&, const _CharT*)’ (reversed)
 3727 |     operator==(const basic_string<_CharT, _Traits, _Alloc>& __lhs,
      |     ^~~~~~~~
/usr/include/c++/13/bits/basic_string.h:3727:5: note:   template argument deduction/substitution failed:
/workspace/scratch/f98faad71b9c/chatadhd/loom/src/context/tests/goal_cues_configuration.cpp:83:64: note:   ‘const nlohmann::json_abi_v3_11_3::basic_json<nlohmann::json_abi_v3_11_3::ordered_map>::value_type’ {aka ‘const nlohmann::json_abi_v3_11_3::basic_json<nlohmann::json_abi_v3_11_3::ordered_map>’} is not derived from ‘const std::__cxx11::basic_string<_CharT, _Traits, _Allocator>’
   83 |     f.require(baseline.type == defaults.at("fallback_goal_type"), "actual builtin fallback type does not consume descriptor");
      |                                                                ^
In file included from /usr/include/c++/13/bits/uses_allocator_args.h:38,
                 from /usr/include/c++/13/bits/memory_resource.h:41,
                 from /usr/include/c++/13/string:58:
/usr/include/c++/13/tuple:1919:5: note: candidate: ‘template<class ... _TElements, class ... _UElements> constexpr bool std::operator==(const tuple<_UTypes ...>&, const tuple<_UTypes ...>&)’ (reversed)
 1919 |     operator==(const tuple<_TElements...>& __t,
      |     ^~~~~~~~
/usr/include/c++/13/tuple:1919:5: note:   template argument deduction/substitution failed:
/workspace/scratch/f98faad71b9c/chatadhd/loom/src/context/tests/goal_cues_configuration.cpp:83:64: note:   ‘const nlohmann::json_abi_v3_11_3::basic_json<nlohmann::json_abi_v3_11_3::ordered_map>::value_type’ {aka ‘const nlohmann::json_abi_v3_11_3::basic_json<nlohmann::json_abi_v3_11_3::ordered_map>’} is not derived from ‘const std::tuple<_UTypes ...>’
   83 |     f.require(baseline.type == defaults.at("fallback_goal_type"), "actual builtin fallback type does not consume descriptor");
      |                                                                ^
In file included from /usr/include/c++/13/memory:78,
                 from /workspace/scratch/f98faad71b9c/chatadhd/loom/src/context/tests/goal_cues_configuration.cpp:6:
/usr/include/c++/13/bits/unique_ptr.h:829:5: note: candidate: ‘template<class _Tp, class _Dp, class _Up, class _Ep> bool std::operator==(const unique_ptr<_Tp, _Dp>&, const unique_ptr<_Up, _Ep>&)’ (reversed)
  829 |     operator==(const unique_ptr<_Tp, _Dp>& __x,
      |     ^~~~~~~~
/usr/include/c++/13/bits/unique_ptr.h:829:5: note:   template argument deduction/substitution failed:
/workspace/scratch/f98faad71b9c/chatadhd/loom/src/context/tests/goal_cues_configuration.cpp:83:64: note:   ‘const nlohmann::json_abi_v3_11_3::basic_json<nlohmann::json_abi_v3_11_3::ordered_map>::value_type’ {aka ‘const nlohmann::json_abi_v3_11_3::basic_json<nlohmann::json_abi_v3_11_3::ordered_map>’} is not derived from ‘const std::unique_ptr<_Tp, _Dp>’
   83 |     f.require(baseline.type == defaults.at("fallback_goal_type"), "actual builtin fallback type does not consume descriptor");
      |                                                                ^
/usr/include/c++/13/bits/unique_ptr.h:837:5: note: candidate: ‘template<class _Tp, class _Dp> bool std::operator==(const unique_ptr<_Tp, _Dp>&, nullptr_t)’ (reversed)
  837 |     operator==(const unique_ptr<_Tp, _Dp>& __x, nullptr_t) noexcept
      |     ^~~~~~~~
/usr/include/c++/13/bits/unique_ptr.h:837:5: note:   template argument deduction/substitution failed:
/workspace/scratch/f98faad71b9c/chatadhd/loom/src/context/tests/goal_cues_configuration.cpp:83:64: note:   ‘const nlohmann::json_abi_v3_11_3::basic_json<nlohmann::json_abi_v3_11_3::ordered_map>::value_type’ {aka ‘const nlohmann::json_abi_v3_11_3::basic_json<nlohmann::json_abi_v3_11_3::ordered_map>’} is not derived from ‘const std::unique_ptr<_Tp, _Dp>’
   83 |     f.require(baseline.type == defaults.at("fallback_goal_type"), "actual builtin fallback type does not consume descriptor");
      |                                                                ^
In file included from /usr/include/c++/13/bits/shared_ptr.h:53,
                 from /usr/include/c++/13/memory:80:
/usr/include/c++/13/bits/shared_ptr_base.h:1793:5: note: candidate: ‘template<class _Tp1, class _Tp2, __gnu_cxx::_Lock_policy _Lp> bool std::operator==(const __shared_ptr<_Tp1, _Lp>&, const __shared_ptr<_Tp2, _Lp>&)’ (reversed)
 1793 |     operator==(const __shared_ptr<_Tp1, _Lp>& __a,
      |     ^~~~~~~~
/usr/include/c++/13/bits/shared_ptr_base.h:1793:5: note:   template argument deduction/substitution failed:
/workspace/scratch/f98faad71b9c/chatadhd/loom/src/context/tests/goal_cues_configuration.cpp:83:64: note:   ‘const nlohmann::json_abi_v3_11_3::basic_json<nlohmann::json_abi_v3_11_3::ordered_map>::value_type’ {aka ‘const nlohmann::json_abi_v3_11_3::basic_json<nlohmann::json_abi_v3_11_3::ordered_map>’} is not derived from ‘const std::__shared_ptr<_Tp1, _Lp>’
   83 |     f.require(baseline.type == defaults.at("fallback_goal_type"), "actual builtin fallback type does not consume descriptor");
      |                                                                ^
/usr/include/c++/13/bits/shared_ptr_base.h:1799:5: note: candidate: ‘template<class _Tp, __gnu_cxx::_Lock_policy _Lp> bool std::operator==(const __shared_ptr<_Tp, _Lp>&, nullptr_t)’ (reversed)
 1799 |     operator==(const __shared_ptr<_Tp, _Lp>& __a, nullptr_t) noexcept
      |     ^~~~~~~~
/usr/include/c++/13/bits/shared_ptr_base.h:1799:5: note:   template argument deduction/substitution failed:
/workspace/scratch/f98faad71b9c/chatadhd/loom/src/context/tests/goal_cues_configuration.cpp:83:64: note:   ‘const nlohmann::json_abi_v3_11_3::basic_json<nlohmann::json_abi_v3_11_3::ordered_map>::value_type’ {aka ‘const nlohmann::json_abi_v3_11_3::basic_json<nlohmann::json_abi_v3_11_3::ordered_map>’} is not derived from ‘const std::__shared_ptr<_Tp, _Lp>’
   83 |     f.require(baseline.type == defaults.at("fallback_goal_type"), "actual builtin fallback type does not consume descriptor");
      |                                                                ^
/usr/include/c++/13/bits/shared_ptr.h:555:5: note: candidate: ‘template<class _Tp, class _Up> bool std::operator==(const shared_ptr<_Tp>&, const shared_ptr<_Tp>&)’ (reversed)
  555 |     operator==(const shared_ptr<_Tp>& __a, const shared_ptr<_Up>& __b) noexcept
      |     ^~~~~~~~
/usr/include/c++/13/bits/shared_ptr.h:555:5: note:   template argument deduction/substitution failed:
/workspace/scratch/f98faad71b9c/chatadhd/loom/src/context/tests/goal_cues_configuration.cpp:83:64: note:   ‘const nlohmann::json_abi_v3_11_3::basic_json<nlohmann::json_abi_v3_11_3::ordered_map>::value_type’ {aka ‘const nlohmann::json_abi_v3_11_3::basic_json<nlohmann::json_abi_v3_11_3::ordered_map>’} is not derived from ‘const std::shared_ptr<_Tp>’
   83 |     f.require(baseline.type == defaults.at("fallback_goal_type"), "actual builtin fallback type does not consume descriptor");
      |                                                                ^
/usr/include/c++/13/bits/shared_ptr.h:561:5: note: candidate: ‘template<class _Tp> bool std::operator==(const shared_ptr<_Tp>&, nullptr_t)’ (reversed)
  561 |     operator==(const shared_ptr<_Tp>& __a, nullptr_t) noexcept
      |     ^~~~~~~~
/usr/include/c++/13/bits/shared_ptr.h:561:5: note:   template argument deduction/substitution failed:
/workspace/scratch/f98faad71b9c/chatadhd/loom/src/context/tests/goal_cues_configuration.cpp:83:64: note:   ‘const nlohmann::json_abi_v3_11_3::basic_json<nlohmann::json_abi_v3_11_3::ordered_map>::value_type’ {aka ‘const nlohmann::json_abi_v3_11_3::basic_json<nlohmann::json_abi_v3_11_3::ordered_map>’} is not derived from ‘const std::shared_ptr<_Tp>’
   83 |     f.require(baseline.type == defaults.at("fallback_goal_type"), "actual builtin fallback type does not consume descriptor");
      |                                                                ^
In file included from /tmp/w3-selector-2-baseline/loom/include/loom/context_engine.h:34:
/usr/include/c++/13/optional:1296:5: note: candidate: ‘template<class _Tp> constexpr bool std::operator==(const optional<_Tp>&, nullopt_t)’ (reversed)
 1296 |     operator==(const optional<_Tp>& __lhs, nullopt_t) noexcept
      |     ^~~~~~~~
/usr/include/c++/13/optional:1296:5: note:   template argument deduction/substitution failed:
/workspace/scratch/f98faad71b9c/chatadhd/loom/src/context/tests/goal_cues_configuration.cpp:83:64: note:   ‘const nlohmann::json_abi_v3_11_3::basic_json<nlohmann::json_abi_v3_11_3::ordered_map>::value_type’ {aka ‘const nlohmann::json_abi_v3_11_3::basic_json<nlohmann::json_abi_v3_11_3::ordered_map>’} is not derived from ‘const std::optional<_Tp>’
   83 |     f.require(baseline.type == defaults.at("fallback_goal_type"), "actual builtin fallback type does not consume descriptor");
      |                                                                ^
In file included from /usr/include/c++/13/functional:59,
                 from /tmp/w3-selector-2-baseline/loom/third_party/nlohmann/nlohmann/json.hpp:23:
/usr/include/c++/13/bits/std_function.h:737:5: note: candidate: ‘template<class _Res, class ... _Args> bool std::operator==(const function<_Res(_ArgTypes ...)>&, nullptr_t)’ (reversed)
  737 |     operator==(const function<_Res(_Args...)>& __f, nullptr_t) noexcept
      |     ^~~~~~~~
/usr/include/c++/13/bits/std_function.h:737:5: note:   template argument deduction/substitution failed:
/workspace/scratch/f98faad71b9c/chatadhd/loom/src/context/tests/goal_cues_configuration.cpp:83:64: note:   ‘const nlohmann::json_abi_v3_11_3::basic_json<nlohmann::json_abi_v3_11_3::ordered_map>::value_type’ {aka ‘const nlohmann::json_abi_v3_11_3::basic_json<nlohmann::json_abi_v3_11_3::ordered_map>’} is not derived from ‘const std::function<_Res(_ArgTypes ...)>’
   83 |     f.require(baseline.type == defaults.at("fallback_goal_type"), "actual builtin fallback type does not consume descriptor");
      |                                                                ^
In file included from /usr/include/c++/13/bits/ios_base.h:46:
/usr/include/c++/13/system_error:465:3: note: candidate: ‘bool std::operator==(const error_code&, const error_condition&)’ (reversed)
  465 |   operator==(const error_code& __lhs, const error_condition& __rhs) noexcept
      |   ^~~~~~~~
/usr/include/c++/13/system_error:465:32: note:   no known conversion for argument 1 from ‘const nlohmann::json_abi_v3_11_3::basic_json<nlohmann::json_abi_v3_11_3::ordered_map>::value_type’ {aka ‘const nlohmann::json_abi_v3_11_3::basic_json<nlohmann::json_abi_v3_11_3::ordered_map>’} to ‘const std::error_code&’
  465 |   operator==(const error_code& __lhs, const error_condition& __rhs) noexcept
      |              ~~~~~~~~~~~~~~~~~~^~~~~
In file included from /usr/include/c++/13/bits/stl_algobase.h:64:
/usr/include/c++/13/bits/stl_pair.h:812:5: note: candidate: ‘template<class _T1, class _T2> constexpr bool std::operator==(const pair<_T1, _T2>&, const pair<_T1, _T2>&)’
  812 |     operator==(const pair<_T1, _T2>& __x, const pair<_T1, _T2>& __y)
      |     ^~~~~~~~
/usr/include/c++/13/bits/stl_pair.h:812:5: note:   template argument deduction/substitution failed:
/workspace/scratch/f98faad71b9c/chatadhd/loom/src/context/tests/goal_cues_configuration.cpp:83:64: note:   ‘const std::string’ {aka ‘const std::__cxx11::basic_string<char>’} is not derived from ‘const std::pair<_T1, _T2>’
   83 |     f.require(baseline.type == defaults.at("fallback_goal_type"), "actual builtin fallback type does not consume descriptor");
      |                                                                ^
/usr/include/c++/13/bits/stl_iterator.h:593:5: note: candidate: ‘template<class _Iterator> constexpr bool std::operator==(const reverse_iterator<_IteratorL>&, const reverse_iterator<_IteratorL>&) requires requires{{std::operator==::__x->base() == std::operator==::__y->base()} -> decltype(auto) [requires std::convertible_to<<placeholder>, bool>];}’
  593 |     operator==(const reverse_iterator<_Iterator>& __x,
      |     ^~~~~~~~
/usr/include/c++/13/bits/stl_iterator.h:593:5: note:   template argument deduction/substitution failed:
/workspace/scratch/f98faad71b9c/chatadhd/loom/src/context/tests/goal_cues_configuration.cpp:83:64: note:   ‘const std::string’ {aka ‘const std::__cxx11::basic_string<char>’} is not derived from ‘const std::reverse_iterator<_IteratorL>’
   83 |     f.require(baseline.type == defaults.at("fallback_goal_type"), "actual builtin fallback type does not consume descriptor");
      |                                                                ^
/usr/include/c++/13/bits/stl_iterator.h:1748:5: note: candidate: ‘template<class _Iterator> constexpr bool std::operator==(const move_iterator<_IteratorL>&, const move_iterator<_IteratorL>&)’
 1748 |     operator==(const move_iterator<_Iterator>& __x,
      |     ^~~~~~~~
/usr/include/c++/13/bits/stl_iterator.h:1748:5: note:   template argument deduction/substitution failed:
/workspace/scratch/f98faad71b9c/chatadhd/loom/src/context/tests/goal_cues_configuration.cpp:83:64: note:   ‘const std::string’ {aka ‘const std::__cxx11::basic_string<char>’} is not derived from ‘const std::move_iterator<_IteratorL>’
   83 |     f.require(baseline.type == defaults.at("fallback_goal_type"), "actual builtin fallback type does not consume descriptor");
      |                                                                ^
In file included from /usr/include/c++/13/iosfwd:42,
                 from /usr/include/c++/13/ios:40:
/usr/include/c++/13/bits/postypes.h:192:5: note: candidate: ‘template<class _StateT> bool std::operator==(const fpos<_StateT>&, const fpos<_StateT>&)’
  192 |     operator==(const fpos<_StateT>& __lhs, const fpos<_StateT>& __rhs)
      |     ^~~~~~~~
/usr/include/c++/13/bits/postypes.h:192:5: note:   template argument deduction/substitution failed:
/workspace/scratch/f98faad71b9c/chatadhd/loom/src/context/tests/goal_cues_configuration.cpp:83:64: note:   ‘const std::string’ {aka ‘const std::__cxx11::basic_string<char>’} is not derived from ‘const std::fpos<_StateT>’
   83 |     f.require(baseline.type == defaults.at("fallback_goal_type"), "actual builtin fallback type does not consume descriptor");
      |                                                                ^
/usr/include/c++/13/string_view:609:5: note: candidate: ‘template<class _CharT, class _Traits> constexpr bool std::operator==(basic_string_view<_CharT, _Traits>, basic_string_view<_CharT, _Traits>)’
  609 |     operator==(basic_string_view<_CharT, _Traits> __x,
      |     ^~~~~~~~
/usr/include/c++/13/string_view:609:5: note:   template argument deduction/substitution failed:
/workspace/scratch/f98faad71b9c/chatadhd/loom/src/context/tests/goal_cues_configuration.cpp:83:64: note:   ‘std::__cxx11::basic_string<char>’ is not derived from ‘std::basic_string_view<_CharT, _Traits>’
   83 |     f.require(baseline.type == defaults.at("fallback_goal_type"), "actual builtin fallback type does not consume descriptor");
      |                                                                ^
/usr/include/c++/13/bits/basic_string.h:3710:5: note: candidate: ‘template<class _CharT, class _Traits, class _Alloc> constexpr bool std::operator==(const __cxx11::basic_string<_CharT, _Traits, _Allocator>&, const __cxx11::basic_string<_CharT, _Traits, _Allocator>&)’
 3710 |     operator==(const basic_string<_CharT, _Traits, _Alloc>& __lhs,
      |     ^~~~~~~~
/usr/include/c++/13/bits/basic_string.h:3710:5: note:   template argument deduction/substitution failed:
/workspace/scratch/f98faad71b9c/chatadhd/loom/src/context/tests/goal_cues_configuration.cpp:83:64: note:   ‘const nlohmann::json_abi_v3_11_3::basic_json<nlohmann::json_abi_v3_11_3::ordered_map>::value_type’ {aka ‘const nlohmann::json_abi_v3_11_3::basic_json<nlohmann::json_abi_v3_11_3::ordered_map>’} is not derived from ‘const std::__cxx11::basic_string<_CharT, _Traits, _Allocator>’
   83 |     f.require(baseline.type == defaults.at("fallback_goal_type"), "actual builtin fallback type does not consume descriptor");
      |                                                                ^
In file included from /usr/include/c++/13/bits/locale_facets.h:48,
                 from /usr/include/c++/13/bits/basic_ios.h:37,
                 from /usr/include/c++/13/ios:46:
/usr/include/c++/13/bits/streambuf_iterator.h:234:5: note: candidate: ‘template<class _CharT, class _Traits> bool std::operator==(const istreambuf_iterator<_CharT, _Traits>&, const istreambuf_iterator<_CharT, _Traits>&)’
  234 |     operator==(const istreambuf_iterator<_CharT, _Traits>& __a,
      |     ^~~~~~~~
/usr/include/c++/13/bits/streambuf_iterator.h:234:5: note:   template argument deduction/substitution failed:
/workspace/scratch/f98faad71b9c/chatadhd/loom/src/context/tests/goal_cues_configuration.cpp:83:64: note:   ‘const std::string’ {aka ‘const std::__cxx11::basic_string<char>’} is not derived from ‘const std::istreambuf_iterator<_CharT, _Traits>’
   83 |     f.require(baseline.type == defaults.at("fallback_goal_type"), "actual builtin fallback type does not consume descriptor");
      |                                                                ^
In file included from /usr/include/c++/13/map:63,
                 from /tmp/w3-selector-2-baseline/loom/include/loom/context_engine.h:33:
/usr/include/c++/13/bits/stl_map.h:1513:5: note: candidate: ‘template<class _Key, class _Tp, class _Compare, class _Alloc> bool std::operator==(const map<_Key, _Tp, _Compare, _Allocator>&, const map<_Key, _Tp, _Compare, _Allocator>&)’
 1513 |     operator==(const map<_Key, _Tp, _Compare, _Alloc>& __x,
      |     ^~~~~~~~
/usr/include/c++/13/bits/stl_map.h:1513:5: note:   template argument deduction/substitution failed:
/workspace/scratch/f98faad71b9c/chatadhd/loom/src/context/tests/goal_cues_configuration.cpp:83:64: note:   ‘const std::string’ {aka ‘const std::__cxx11::basic_string<char>’} is not derived from ‘const std::map<_Key, _Tp, _Compare, _Allocator>’
   83 |     f.require(baseline.type == defaults.at("fallback_goal_type"), "actual builtin fallback type does not consume descriptor");
      |                                                                ^
In file included from /usr/include/c++/13/map:64:
/usr/include/c++/13/bits/stl_multimap.h:1134:5: note: candidate: ‘template<class _Key, class _Tp, class _Compare, class _Alloc> bool std::operator==(const multimap<_Key, _Tp, _Compare, _Allocator>&, const multimap<_Key, _Tp, _Compare, _Allocator>&)’
 1134 |     operator==(const multimap<_Key, _Tp, _Compare, _Alloc>& __x,
      |     ^~~~~~~~
/usr/include/c++/13/bits/stl_multimap.h:1134:5: note:   template argument deduction/substitution failed:
/workspace/scratch/f98faad71b9c/chatadhd/loom/src/context/tests/goal_cues_configuration.cpp:83:64: note:   ‘const std::string’ {aka ‘const std::__cxx11::basic_string<char>’} is not derived from ‘const std::multimap<_Key, _Tp, _Compare, _Allocator>’
   83 |     f.require(baseline.type == defaults.at("fallback_goal_type"), "actual builtin fallback type does not consume descriptor");
      |                                                                ^
/usr/include/c++/13/optional:1236:5: note: candidate: ‘template<class _Tp, class _Up> constexpr std::__optional_eq_t<_Tp, _Up> std::operator==(const optional<_Tp>&, const optional<_Up>&)’
 1236 |     operator==(const optional<_Tp>& __lhs, const optional<_Up>& __rhs)
      |     ^~~~~~~~
/usr/include/c++/13/optional:1236:5: note:   template argument deduction/substitution failed:
/workspace/scratch/f98faad71b9c/chatadhd/loom/src/context/tests/goal_cues_configuration.cpp:83:64: note:   ‘const std::string’ {aka ‘const std::__cxx11::basic_string<char>’} is not derived from ‘const std::optional<_Tp>’
   83 |     f.require(baseline.type == defaults.at("fallback_goal_type"), "actual builtin fallback type does not consume descriptor");
      |                                                                ^
/usr/include/c++/13/optional:1364:5: note: candidate: ‘template<class _Tp, class _Up> constexpr std::__optional_eq_t<_Tp, _Up> std::operator==(const optional<_Tp>&, const _Up&)’
 1364 |     operator==(const optional<_Tp>& __lhs, const _Up& __rhs)
      |     ^~~~~~~~
/usr/include/c++/13/optional:1364:5: note:   template argument deduction/substitution failed:
/workspace/scratch/f98faad71b9c/chatadhd/loom/src/context/tests/goal_cues_configuration.cpp:83:64: note:   ‘const std::string’ {aka ‘const std::__cxx11::basic_string<char>’} is not derived from ‘const std::optional<_Tp>’
   83 |     f.require(baseline.type == defaults.at("fallback_goal_type"), "actual builtin fallback type does not consume descriptor");
      |                                                                ^
/usr/include/c++/13/optional:1370:5: note: candidate: ‘template<class _Tp, class _Up> constexpr std::__optional_eq_t<_Up, _Tp> std::operator==(const _Up&, const optional<_Tp>&)’
 1370 |     operator==(const _Up& __lhs, const optional<_Tp>& __rhs)
      |     ^~~~~~~~
/usr/include/c++/13/optional:1370:5: note:   template argument deduction/substitution failed:
/workspace/scratch/f98faad71b9c/chatadhd/loom/src/context/tests/goal_cues_configuration.cpp:83:64: note:   ‘const nlohmann::json_abi_v3_11_3::basic_json<nlohmann::json_abi_v3_11_3::ordered_map>::value_type’ {aka ‘const nlohmann::json_abi_v3_11_3::basic_json<nlohmann::json_abi_v3_11_3::ordered_map>’} is not derived from ‘const std::optional<_Tp>’
   83 |     f.require(baseline.type == defaults.at("fallback_goal_type"), "actual builtin fallback type does not consume descriptor");
      |                                                                ^
In file included from /usr/include/c++/13/vector:66,
                 from /tmp/w3-selector-2-baseline/loom/include/loom/context_engine.h:37:
/usr/include/c++/13/bits/stl_vector.h:2040:5: note: candidate: ‘template<class _Tp, class _Alloc> constexpr bool std::operator==(const vector<_Tp, _Alloc>&, const vector<_Tp, _Alloc>&)’
 2040 |     operator==(const vector<_Tp, _Alloc>& __x, const vector<_Tp, _Alloc>& __y)
      |     ^~~~~~~~
/usr/include/c++/13/bits/stl_vector.h:2040:5: note:   template argument deduction/substitution failed:
/workspace/scratch/f98faad71b9c/chatadhd/loom/src/context/tests/goal_cues_configuration.cpp:83:64: note:   ‘const std::string’ {aka ‘const std::__cxx11::basic_string<char>’} is not derived from ‘const std::vector<_Tp, _Alloc>’
   83 |     f.require(baseline.type == defaults.at("fallback_goal_type"), "actual builtin fallback type does not consume descriptor");
      |                                                                ^
In file included from /usr/include/c++/13/set:63,
                 from /tmp/w3-selector-2-baseline/loom/include/loom/kb.h:28:
/usr/include/c++/13/bits/stl_set.h:987:5: note: candidate: ‘template<class _Key, class _Compare, class _Alloc> bool std::operator==(const set<_Key, _Compare, _Allocator>&, const set<_Key, _Compare, _Allocator>&)’
  987 |     operator==(const set<_Key, _Compare, _Alloc>& __x,
      |     ^~~~~~~~
/usr/include/c++/13/bits/stl_set.h:987:5: note:   template argument deduction/substitution failed:
/workspace/scratch/f98faad71b9c/chatadhd/loom/src/context/tests/goal_cues_configuration.cpp:83:64: note:   ‘const std::string’ {aka ‘const std::__cxx11::basic_string<char>’} is not derived from ‘const std::set<_Key, _Compare, _Allocator>’
   83 |     f.require(baseline.type == defaults.at("fallback_goal_type"), "actual builtin fallback type does not consume descriptor");
      |                                                                ^
In file included from /usr/include/c++/13/set:64:
/usr/include/c++/13/bits/stl_multiset.h:973:5: note: candidate: ‘template<class _Key, class _Compare, class _Alloc> bool std::operator==(const multiset<_Key, _Compare, _Allocator>&, const multiset<_Key, _Compare, _Allocator>&)’
  973 |     operator==(const multiset<_Key, _Compare, _Alloc>& __x,
      |     ^~~~~~~~
/usr/include/c++/13/bits/stl_multiset.h:973:5: note:   template argument deduction/substitution failed:
/workspace/scratch/f98faad71b9c/chatadhd/loom/src/context/tests/goal_cues_configuration.cpp:83:64: note:   ‘const std::string’ {aka ‘const std::__cxx11::basic_string<char>’} is not derived from ‘const std::multiset<_Key, _Compare, _Allocator>’
   83 |     f.require(baseline.type == defaults.at("fallback_goal_type"), "actual builtin fallback type does not consume descriptor");
      |                                                                ^
In file included from /tmp/w3-selector-2-baseline/loom/include/loom/result.h:15,
                 from /tmp/w3-selector-2-baseline/loom/include/loom/kb.h:33:
/usr/include/c++/13/variant:1266:3: note: candidate: ‘template<class ... _Types> constexpr bool std::operator==(const variant<_Types ...>&, const variant<_Types ...>&)’
 1266 |   _VARIANT_RELATION_FUNCTION_TEMPLATE(==, equal)
      |   ^~~~~~~~~~~~~~~~~~~~~~~~~~~~~~~~~~~
/usr/include/c++/13/variant:1266:3: note:   template argument deduction/substitution failed:
/workspace/scratch/f98faad71b9c/chatadhd/loom/src/context/tests/goal_cues_configuration.cpp:83:64: note:   ‘const std::string’ {aka ‘const std::__cxx11::basic_string<char>’} is not derived from ‘const std::variant<_Types ...>’
   83 |     f.require(baseline.type == defaults.at("fallback_goal_type"), "actual builtin fallback type does not consume descriptor");
      |                                                                ^
In file included from /usr/include/c++/13/unordered_map:41,
                 from /usr/include/c++/13/functional:63:
/usr/include/c++/13/bits/unordered_map.h:2143:5: note: candidate: ‘template<class _Key1, class _Tp1, class _Hash1, class _Pred1, class _Alloc1> bool std::operator==(const unordered_map<_Key1, _Tp1, _Hash1, _Pred1, _Alloc1>&, const unordered_map<_Key1, _Tp1, _Hash1, _Pred1, _Alloc1>&)’
 2143 |     operator==(const unordered_map<_Key, _Tp, _Hash, _Pred, _Alloc>& __x,
      |     ^~~~~~~~
/usr/include/c++/13/bits/unordered_map.h:2143:5: note:   template argument deduction/substitution failed:
/workspace/scratch/f98faad71b9c/chatadhd/loom/src/context/tests/goal_cues_configuration.cpp:83:64: note:   ‘const std::string’ {aka ‘const std::__cxx11::basic_string<char>’} is not derived from ‘const std::unordered_map<_Key1, _Tp1, _Hash1, _Pred1, _Alloc1>’
   83 |     f.require(baseline.type == defaults.at("fallback_goal_type"), "actual builtin fallback type does not consume descriptor");
      |                                                                ^
/usr/include/c++/13/bits/unordered_map.h:2157:5: note: candidate: ‘template<class _Key1, class _Tp1, class _Hash1, class _Pred1, class _Alloc1> bool std::operator==(const unordered_multimap<_Key1, _Tp1, _Hash1, _Pred1, _Alloc1>&, const unordered_multimap<_Key1, _Tp1, _Hash1, _Pred1, _Alloc1>&)’
 2157 |     operator==(const unordered_multimap<_Key, _Tp, _Hash, _Pred, _Alloc>& __x,
      |     ^~~~~~~~
/usr/include/c++/13/bits/unordered_map.h:2157:5: note:   template argument deduction/substitution failed:
/workspace/scratch/f98faad71b9c/chatadhd/loom/src/context/tests/goal_cues_configuration.cpp:83:64: note:   ‘const std::string’ {aka ‘const std::__cxx11::basic_string<char>’} is not derived from ‘const std::unordered_multimap<_Key1, _Tp1, _Hash1, _Pred1, _Alloc1>’
   83 |     f.require(baseline.type == defaults.at("fallback_goal_type"), "actual builtin fallback type does not consume descriptor");
      |                                                                ^
In file included from /usr/include/c++/13/functional:65:
/usr/include/c++/13/array:297:5: note: candidate: ‘template<class _Tp, long unsigned int _Nm> constexpr bool std::operator==(const array<_Tp, _Nm>&, const array<_Tp, _Nm>&)’
  297 |     operator==(const array<_Tp, _Nm>& __one, const array<_Tp, _Nm>& __two)
      |     ^~~~~~~~
/usr/include/c++/13/array:297:5: note:   template argument deduction/substitution failed:
/workspace/scratch/f98faad71b9c/chatadhd/loom/src/context/tests/goal_cues_configuration.cpp:83:64: note:   ‘const std::string’ {aka ‘const std::__cxx11::basic_string<char>’} is not derived from ‘const std::array<_Tp, _Nm>’
   83 |     f.require(baseline.type == defaults.at("fallback_goal_type"), "actual builtin fallback type does not consume descriptor");
      |                                                                ^
In file included from /usr/include/c++/13/forward_list:42,
                 from /tmp/w3-selector-2-baseline/loom/third_party/nlohmann/nlohmann/json.hpp:162:
/usr/include/c++/13/bits/forward_list.tcc:393:5: note: candidate: ‘template<class _Tp, class _Alloc> bool std::operator==(const forward_list<_Tp, _Alloc>&, const forward_list<_Tp, _Alloc>&)’
  393 |     operator==(const forward_list<_Tp, _Alloc>& __lx,
      |     ^~~~~~~~
/usr/include/c++/13/bits/forward_list.tcc:393:5: note:   template argument deduction/substitution failed:
/workspace/scratch/f98faad71b9c/chatadhd/loom/src/context/tests/goal_cues_configuration.cpp:83:64: note:   ‘const std::string’ {aka ‘const std::__cxx11::basic_string<char>’} is not derived from ‘const std::forward_list<_Tp, _Alloc>’
   83 |     f.require(baseline.type == defaults.at("fallback_goal_type"), "actual builtin fallback type does not consume descriptor");
      |                                                                ^
In file included from /usr/include/c++/13/valarray:605,
                 from /tmp/w3-selector-2-baseline/loom/third_party/nlohmann/nlohmann/json.hpp:170:
/usr/include/c++/13/bits/valarray_after.h:417:5: note: candidate: ‘template<class _Dom1, class _Dom2> std::_Expr<std::__detail::_BinClos<std::__equal_to, std::_Expr, std::_Expr, _Dom1, _Dom2>, typename std::__fun<std::__equal_to, typename _Dom1::value_type>::result_type> std::operator==(const _Expr<_Dom1, typename _Dom1::value_type>&, const _Expr<_Dom2, typename _Dom2::value_type>&)’
  417 |     _DEFINE_EXPR_BINARY_OPERATOR(==, struct std::__equal_to)
      |     ^~~~~~~~~~~~~~~~~~~~~~~~~~~~
/usr/include/c++/13/bits/valarray_after.h:417:5: note:   template argument deduction/substitution failed:
/workspace/scratch/f98faad71b9c/chatadhd/loom/src/context/tests/goal_cues_configuration.cpp:83:64: note:   ‘const std::string’ {aka ‘const std::__cxx11::basic_string<char>’} is not derived from ‘const std::_Expr<_Dom1, typename _Dom1::value_type>’
   83 |     f.require(baseline.type == defaults.at("fallback_goal_type"), "actual builtin fallback type does not consume descriptor");
      |                                                                ^
/usr/include/c++/13/bits/valarray_after.h:417:5: note: candidate: ‘template<class _Dom> std::_Expr<std::__detail::_BinClos<std::__equal_to, std::_Expr, std::_Constant, _Dom, typename _Dom::value_type>, typename std::__fun<std::__equal_to, typename _Dom1::value_type>::result_type> std::operator==(const _Expr<_Dom1, typename _Dom1::value_type>&, const typename _Dom::value_type&)’
  417 |     _DEFINE_EXPR_BINARY_OPERATOR(==, struct std::__equal_to)
      |     ^~~~~~~~~~~~~~~~~~~~~~~~~~~~
/usr/include/c++/13/bits/valarray_after.h:417:5: note:   template argument deduction/substitution failed:
/workspace/scratch/f98faad71b9c/chatadhd/loom/src/context/tests/goal_cues_configuration.cpp:83:64: note:   ‘const std::string’ {aka ‘const std::__cxx11::basic_string<char>’} is not derived from ‘const std::_Expr<_Dom1, typename _Dom1::value_type>’
   83 |     f.require(baseline.type == defaults.at("fallback_goal_type"), "actual builtin fallback type does not consume descriptor");
      |                                                                ^
/usr/include/c++/13/bits/valarray_after.h:417:5: note: candidate: ‘template<class _Dom> std::_Expr<std::__detail::_BinClos<std::__equal_to, std::_Constant, std::_Expr, typename _Dom::value_type, _Dom>, typename std::__fun<std::__equal_to, typename _Dom1::value_type>::result_type> std::operator==(const typename _Dom::value_type&, const _Expr<_Dom1, typename _Dom1::value_type>&)’
  417 |     _DEFINE_EXPR_BINARY_OPERATOR(==, struct std::__equal_to)
      |     ^~~~~~~~~~~~~~~~~~~~~~~~~~~~
/usr/include/c++/13/bits/valarray_after.h:417:5: note:   template argument deduction/substitution failed:
/workspace/scratch/f98faad71b9c/chatadhd/loom/src/context/tests/goal_cues_configuration.cpp:83:64: note:   ‘const nlohmann::json_abi_v3_11_3::basic_json<nlohmann::json_abi_v3_11_3::ordered_map>::value_type’ {aka ‘const nlohmann::json_abi_v3_11_3::basic_json<nlohmann::json_abi_v3_11_3::ordered_map>’} is not derived from ‘const std::_Expr<_Dom1, typename _Dom1::value_type>’
   83 |     f.require(baseline.type == defaults.at("fallback_goal_type"), "actual builtin fallback type does not consume descriptor");
      |                                                                ^
/usr/include/c++/13/bits/valarray_after.h:417:5: note: candidate: ‘template<class _Dom> std::_Expr<std::__detail::_BinClos<std::__equal_to, std::_Expr, std::_ValArray, _Dom, typename _Dom::value_type>, typename std::__fun<std::__equal_to, typename _Dom1::value_type>::result_type> std::operator==(const _Expr<_Dom1, typename _Dom1::value_type>&, const valarray<typename _Dom::value_type>&)’
  417 |     _DEFINE_EXPR_BINARY_OPERATOR(==, struct std::__equal_to)
      |     ^~~~~~~~~~~~~~~~~~~~~~~~~~~~
/usr/include/c++/13/bits/valarray_after.h:417:5: note:   template argument deduction/substitution failed:
/workspace/scratch/f98faad71b9c/chatadhd/loom/src/context/tests/goal_cues_configuration.cpp:83:64: note:   ‘const std::string’ {aka ‘const std::__cxx11::basic_string<char>’} is not derived from ‘const std::_Expr<_Dom1, typename _Dom1::value_type>’
   83 |     f.require(baseline.type == defaults.at("fallback_goal_type"), "actual builtin fallback type does not consume descriptor");
      |                                                                ^
/usr/include/c++/13/bits/valarray_after.h:417:5: note: candidate: ‘template<class _Dom> std::_Expr<std::__detail::_BinClos<std::__equal_to, std::_ValArray, std::_Expr, typename _Dom::value_type, _Dom>, typename std::__fun<std::__equal_to, typename _Dom1::value_type>::result_type> std::operator==(const valarray<typename _Dom::value_type>&, const _Expr<_Dom1, typename _Dom1::value_type>&)’
  417 |     _DEFINE_EXPR_BINARY_OPERATOR(==, struct std::__equal_to)
      |     ^~~~~~~~~~~~~~~~~~~~~~~~~~~~
/usr/include/c++/13/bits/valarray_after.h:417:5: note:   template argument deduction/substitution failed:
/workspace/scratch/f98faad71b9c/chatadhd/loom/src/context/tests/goal_cues_configuration.cpp:83:64: note:   ‘const nlohmann::json_abi_v3_11_3::basic_json<nlohmann::json_abi_v3_11_3::ordered_map>::value_type’ {aka ‘const nlohmann::json_abi_v3_11_3::basic_json<nlohmann::json_abi_v3_11_3::ordered_map>’} is not derived from ‘const std::_Expr<_Dom1, typename _Dom1::value_type>’
   83 |     f.require(baseline.type == defaults.at("fallback_goal_type"), "actual builtin fallback type does not consume descriptor");
      |                                                                ^
/usr/include/c++/13/valarray:1208:1: note: candidate: ‘template<class _Tp> std::_Expr<std::__detail::_BinClos<std::__equal_to, std::_ValArray, std::_ValArray, _Tp, _Tp>, typename std::__fun<std::__equal_to, _Tp>::result_type> std::operator==(const valarray<_Tp>&, const valarray<_Tp>&)’
 1208 | _DEFINE_BINARY_OPERATOR(==, __equal_to)
      | ^~~~~~~~~~~~~~~~~~~~~~~
/usr/include/c++/13/valarray:1208:1: note:   template argument deduction/substitution failed:
/workspace/scratch/f98faad71b9c/chatadhd/loom/src/context/tests/goal_cues_configuration.cpp:83:64: note:   ‘const std::string’ {aka ‘const std::__cxx11::basic_string<char>’} is not derived from ‘const std::valarray<_Tp>’
   83 |     f.require(baseline.type == defaults.at("fallback_goal_type"), "actual builtin fallback type does not consume descriptor");
      |                                                                ^
/usr/include/c++/13/valarray:1208:1: note: candidate: ‘template<class _Tp> std::_Expr<std::__detail::_BinClos<std::__equal_to, std::_ValArray, std::_Constant, _Tp, _Tp>, typename std::__fun<std::__equal_to, _Tp>::result_type> std::operator==(const valarray<_Tp>&, const typename valarray<_Tp>::value_type&)’
 1208 | _DEFINE_BINARY_OPERATOR(==, __equal_to)
      | ^~~~~~~~~~~~~~~~~~~~~~~
/usr/include/c++/13/valarray:1208:1: note:   template argument deduction/substitution failed:
/workspace/scratch/f98faad71b9c/chatadhd/loom/src/context/tests/goal_cues_configuration.cpp:83:64: note:   ‘const std::string’ {aka ‘const std::__cxx11::basic_string<char>’} is not derived from ‘const std::valarray<_Tp>’
   83 |     f.require(baseline.type == defaults.at("fallback_goal_type"), "actual builtin fallback type does not consume descriptor");
      |                                                                ^
/usr/include/c++/13/valarray:1208:1: note: candidate: ‘template<class _Tp> std::_Expr<std::__detail::_BinClos<std::__equal_to, std::_Constant, std::_ValArray, _Tp, _Tp>, typename std::__fun<std::__equal_to, _Tp>::result_type> std::operator==(const typename valarray<_Tp>::value_type&, const valarray<_Tp>&)’
 1208 | _DEFINE_BINARY_OPERATOR(==, __equal_to)
      | ^~~~~~~~~~~~~~~~~~~~~~~
/usr/include/c++/13/valarray:1208:1: note:   template argument deduction/substitution failed:
/workspace/scratch/f98faad71b9c/chatadhd/loom/src/context/tests/goal_cues_configuration.cpp:83:64: note:   ‘const nlohmann::json_abi_v3_11_3::basic_json<nlohmann::json_abi_v3_11_3::ordered_map>::value_type’ {aka ‘const nlohmann::json_abi_v3_11_3::basic_json<nlohmann::json_abi_v3_11_3::ordered_map>’} is not derived from ‘const std::valarray<_Tp>’
   83 |     f.require(baseline.type == defaults.at("fallback_goal_type"), "actual builtin fallback type does not consume descriptor");
      |                                                                ^
In file included from /usr/include/c++/13/deque:66,
                 from /tmp/w3-selector-2-baseline/loom/include/loom/net/http.h:22,
                 from /workspace/scratch/f98faad71b9c/chatadhd/loom/src/context/tests/goal_cues_configuration.cpp:13:
/usr/include/c++/13/bits/stl_deque.h:2290:5: note: candidate: ‘template<class _Tp, class _Alloc> bool std::operator==(const deque<_Tp, _Alloc>&, const deque<_Tp, _Alloc>&)’
 2290 |     operator==(const deque<_Tp, _Alloc>& __x, const deque<_Tp, _Alloc>& __y)
      |     ^~~~~~~~
/usr/include/c++/13/bits/stl_deque.h:2290:5: note:   template argument deduction/substitution failed:
/workspace/scratch/f98faad71b9c/chatadhd/loom/src/context/tests/goal_cues_configuration.cpp:83:64: note:   ‘const std::string’ {aka ‘const std::__cxx11::basic_string<char>’} is not derived from ‘const std::deque<_Tp, _Alloc>’
   83 |     f.require(baseline.type == defaults.at("fallback_goal_type"), "actual builtin fallback type does not consume descriptor");
      |                                                                ^
/usr/include/c++/13/bits/allocator.h:216:7: note: candidate: ‘constexpr bool std::operator==(const allocator<unsigned char>&, const allocator<unsigned char>&)’
  216 |       operator==(const allocator&, const allocator&) _GLIBCXX_NOTHROW
      |       ^~~~~~~~
/usr/include/c++/13/bits/allocator.h:216:18: note:   no known conversion for argument 1 from ‘const std::string’ {aka ‘const std::__cxx11::basic_string<char>’} to ‘const std::allocator<unsigned char>&’
  216 |       operator==(const allocator&, const allocator&) _GLIBCXX_NOTHROW
      |                  ^~~~~~~~~~~~~~~~
/usr/include/c++/13/bits/allocator.h:216:7: note: candidate: ‘constexpr bool std::operator==(const allocator<char>&, const allocator<char>&)’
  216 |       operator==(const allocator&, const allocator&) _GLIBCXX_NOTHROW
      |       ^~~~~~~~
/usr/include/c++/13/bits/allocator.h:216:18: note:   no known conversion for argument 1 from ‘const std::string’ {aka ‘const std::__cxx11::basic_string<char>’} to ‘const std::allocator<char>&’
  216 |       operator==(const allocator&, const allocator&) _GLIBCXX_NOTHROW
      |                  ^~~~~~~~~~~~~~~~
/usr/include/c++/13/system_error:449:3: note: candidate: ‘bool std::operator==(const error_code&, const error_code&)’
  449 |   operator==(const error_code& __lhs, const error_code& __rhs) noexcept
      |   ^~~~~~~~
/usr/include/c++/13/system_error:449:32: note:   no known conversion for argument 1 from ‘const std::string’ {aka ‘const std::__cxx11::basic_string<char>’} to ‘const std::error_code&’
  449 |   operator==(const error_code& __lhs, const error_code& __rhs) noexcept
      |              ~~~~~~~~~~~~~~~~~~^~~~~
/usr/include/c++/13/system_error:480:3: note: candidate: ‘bool std::operator==(const error_condition&, const error_condition&)’
  480 |   operator==(const error_condition& __lhs,
      |   ^~~~~~~~
/usr/include/c++/13/system_error:480:37: note:   no known conversion for argument 1 from ‘const std::string’ {aka ‘const std::__cxx11::basic_string<char>’} to ‘const std::error_condition&’
  480 |   operator==(const error_condition& __lhs,
      |              ~~~~~~~~~~~~~~~~~~~~~~~^~~~~
/usr/include/c++/13/variant:1273:18: note: candidate: ‘constexpr bool std::operator==(monostate, monostate)’
 1273 |   constexpr bool operator==(monostate, monostate) noexcept { return true; }
      |                  ^~~~~~~~
/usr/include/c++/13/variant:1273:29: note:   no known conversion for argument 1 from ‘const std::string’ {aka ‘const std::__cxx11::basic_string<char>’} to ‘std::monostate’
 1273 |   constexpr bool operator==(monostate, monostate) noexcept { return true; }
      |                             ^~~~~~~~~
