[0/2] Re-checking globbed directories...
[1/133] Building CXX object CMakeFiles/loom_core.dir/src/generalize/operators.cpp.o
[2/133] Building CXX object CMakeFiles/loom_tests.dir/tests/test_archive_text_policy.cpp.o
[3/133] Building CXX object CMakeFiles/loom_tests.dir/tests/test_batch_api.cpp.o
[4/133] Building CXX object CMakeFiles/loom_tests.dir/tests/test_capi_knowledge.cpp.o
[5/133] Building CXX object CMakeFiles/loom_tests.dir/tests/test_capi.cpp.o
[6/133] Linking CXX static library libloom_core.a
[7/133] Building CXX object CMakeFiles/loom_tests.dir/tests/test_capi_knowledge_latest_run.cpp.o
[8/133] Building CXX object CMakeFiles/loom_tests.dir/tests/test_catalog.cpp.o
[9/133] Linking CXX shared library libloom.so.0.1.0
[10/133] Building CXX object CMakeFiles/loom_tests.dir/tests/test_catalog_context.cpp.o
[11/133] Building CXX object CMakeFiles/loom_tests.dir/tests/test_catalog_eval.cpp.o
[12/133] Building CXX object CMakeFiles/loom_tests.dir/tests/test_catalog_links.cpp.o
[13/133] Building CXX object CMakeFiles/loom_tests.dir/tests/test_catalog_retention.cpp.o
[14/133] Building CXX object CMakeFiles/loom_tests.dir/tests/test_catalog_scale.cpp.o
[15/133] Building CXX object CMakeFiles/loom_tests.dir/tests/test_chat_active_task.cpp.o
[16/133] Building CXX object CMakeFiles/loom_tests.dir/tests/test_chat_active_task_acceptance_scale.cpp.o
[17/133] Building CXX object CMakeFiles/loom_tests.dir/tests/test_chat_active_task_acceptance_audit.cpp.o
[18/133] Building CXX object CMakeFiles/loom_tests.dir/tests/test_chat_active_task_acceptance_validation.cpp.o
[19/133] Building CXX object CMakeFiles/loom_tests.dir/tests/test_chat_active_task_durability.cpp.o
[20/133] Building CXX object CMakeFiles/loom_tests.dir/tests/test_chat_active_task_concurrency.cpp.o
[21/133] Building CXX object CMakeFiles/loom_tests.dir/tests/test_chat_active_task_durable_audit.cpp.o
[22/133] Building CXX object CMakeFiles/loom_tests.dir/tests/test_chat_active_task_exceptional.cpp.o
[23/133] Building CXX object CMakeFiles/loom_tests.dir/tests/test_chat_active_task_history_aba.cpp.o
[24/133] Building CXX object CMakeFiles/loom_tests.dir/tests/test_chat_active_task_reference.cpp.o
[25/133] Building CXX object CMakeFiles/loom_tests.dir/tests/test_chat_active_task_retention.cpp.o
[26/133] Building CXX object CMakeFiles/loom_tests.dir/tests/test_chat_active_task_revisions.cpp.o
[27/133] Building CXX object CMakeFiles/loom_tests.dir/tests/test_chat_active_task_scope_identity.cpp.o
[28/133] Building CXX object CMakeFiles/loom_tests.dir/tests/test_chat_engine.cpp.o
[29/133] Building CXX object CMakeFiles/loom_tests.dir/tests/test_chat_knowledge_context.cpp.o
[30/133] Building CXX object CMakeFiles/loom_tests.dir/tests/test_config.cpp.o
[31/133] Building CXX object CMakeFiles/loom_tests.dir/tests/test_chat_retrieval_plan.cpp.o
[32/133] Building CXX object CMakeFiles/loom_tests.dir/tests/test_context_channel_integration.cpp.o
[33/133] Building CXX object CMakeFiles/loom_tests.dir/tests/test_context_controls.cpp.o
[34/133] Building CXX object CMakeFiles/loom_tests.dir/tests/test_context_counter.cpp.o
[35/133] Building CXX object CMakeFiles/loom_tests.dir/tests/test_context_diagnostics.cpp.o
[36/133] Building CXX object CMakeFiles/loom_tests.dir/tests/test_context_engine.cpp.o
[37/133] Building CXX object CMakeFiles/loom_tests.dir/tests/test_context_eval.cpp.o
[38/133] Building CXX object CMakeFiles/loom_tests.dir/tests/test_context_native_consumer.cpp.o
[39/133] Building CXX object CMakeFiles/loom_tests.dir/tests/test_context_retrieval.cpp.o
[40/133] Building CXX object CMakeFiles/loom_tests.dir/tests/test_context_plan.cpp.o
[41/133] Building CXX object CMakeFiles/loom_tests.dir/tests/test_context_retrieval_dev.cpp.o
[42/133] Building CXX object CMakeFiles/loom_tests.dir/tests/test_crypto.cpp.o
[43/133] Building CXX object CMakeFiles/loom_tests.dir/tests/test_context_tfidf_reuse.cpp.o
[44/133] Building CXX object CMakeFiles/loom_tests.dir/tests/test_event_bus.cpp.o
[45/133] Building CXX object CMakeFiles/loom_tests.dir/tests/test_db.cpp.o
[46/133] Building CXX object CMakeFiles/loom_tests.dir/tests/test_db_annotations.cpp.o
[47/133] Building CXX object CMakeFiles/loom_tests.dir/tests/test_fts.cpp.o
[48/133] Building CXX object CMakeFiles/loom_tests.dir/tests/test_extract_eval.cpp.o
[49/133] Building CXX object CMakeFiles/loom_tests.dir/tests/test_extract.cpp.o
[50/133] Building CXX object CMakeFiles/loom_tests.dir/tests/test_generalize_eval.cpp.o
[51/133] Building CXX object CMakeFiles/loom_tests.dir/tests/test_generalize.cpp.o
[52/133] Building CXX object CMakeFiles/loom_tests.dir/tests/test_github.cpp.o
[53/133] Building CXX object CMakeFiles/loom_tests.dir/tests/test_graph.cpp.o
[54/133] Building CXX object CMakeFiles/loom_tests.dir/tests/test_import_audit.cpp.o
[55/133] Building CXX object CMakeFiles/loom_tests.dir/tests/test_import.cpp.o
[56/133] Building CXX object CMakeFiles/loom_tests.dir/tests/test_import_audit_presets.cpp.o
[57/133] Building CXX object CMakeFiles/loom_tests.dir/tests/test_import_aux_depth.cpp.o
[58/133] Building CXX object CMakeFiles/loom_tests.dir/tests/test_import_export_fidelity.cpp.o
[59/133] Building CXX object CMakeFiles/loom_tests.dir/tests/test_import_exports.cpp.o
[60/133] Building CXX object CMakeFiles/loom_tests.dir/tests/test_import_presets.cpp.o
[61/133] Building CXX object CMakeFiles/loom_tests.dir/tests/test_import_presets_binding.cpp.o
[62/133] Building CXX object CMakeFiles/loom_tests.dir/tests/test_import_screenshot.cpp.o
[63/133] Building CXX object CMakeFiles/loom_tests.dir/tests/test_import_stream.cpp.o
[64/133] Building CXX object CMakeFiles/loom_tests.dir/tests/test_import_resume.cpp.o
[65/133] Building CXX object CMakeFiles/loom_tests.dir/tests/test_import_source_materialization.cpp.o
[66/133] Building CXX object CMakeFiles/loom_tests.dir/tests/test_import_usage.cpp.o
[67/133] Building CXX object CMakeFiles/loom_tests.dir/tests/test_kb_pack.cpp.o
[68/133] Building CXX object CMakeFiles/loom_tests.dir/tests/test_knowledge.cpp.o
[69/133] Building CXX object CMakeFiles/loom_tests.dir/tests/test_knowledge_candidate_graph.cpp.o
[70/133] Building CXX object CMakeFiles/loom_tests.dir/tests/test_knowledge_candidates.cpp.o
[71/133] Building CXX object CMakeFiles/loom_tests.dir/tests/test_knowledge_profile.cpp.o
[72/133] Building CXX object CMakeFiles/loom_tests.dir/tests/test_knowledge_flow.cpp.o
[73/133] Building CXX object CMakeFiles/loom_tests.dir/tests/test_knowledge_semantic.cpp.o
[74/133] Building CXX object CMakeFiles/loom_tests.dir/tests/test_knowledge_semantic_graph.cpp.o
[75/133] Building CXX object CMakeFiles/loom_tests.dir/tests/test_knowledge_store.cpp.o
[76/133] Building CXX object CMakeFiles/loom_tests.dir/tests/test_materialize.cpp.o
[77/133] Building CXX object CMakeFiles/loom_tests.dir/tests/test_media.cpp.o
[78/133] Building CXX object CMakeFiles/loom_tests.dir/tests/test_memory.cpp.o
[79/133] Building CXX object CMakeFiles/loom_tests.dir/tests/test_memory_sort_profiles.cpp.o
[80/133] Building CXX object CMakeFiles/loom_tests.dir/tests/test_memory_visibility_profiles.cpp.o
[81/133] Building CXX object CMakeFiles/loom_tests.dir/tests/test_model_creation_profile.cpp.o
[82/133] Building CXX object CMakeFiles/loom_tests.dir/tests/test_model_profile.cpp.o
[83/133] Building CXX object CMakeFiles/loom_tests.dir/tests/test_model.cpp.o
[84/133] Building CXX object CMakeFiles/loom_tests.dir/tests/test_net_sse.cpp.o
[85/133] Building CXX object CMakeFiles/loom_tests.dir/tests/test_net_profile.cpp.o
[86/133] Building CXX object CMakeFiles/loom_tests.dir/tests/test_onboarding.cpp.o
[87/133] Building CXX object CMakeFiles/loom_tests.dir/tests/test_onboarding_graph.cpp.o
[88/133] Building CXX object CMakeFiles/loom_tests.dir/tests/test_onboarding_layers.cpp.o
[89/133] Building CXX object CMakeFiles/loom_tests.dir/tests/test_onboarding_presentation.cpp.o
[90/133] Building CXX object CMakeFiles/loom_tests.dir/tests/test_onboarding_presentation_layers.cpp.o
[91/133] Building CXX object CMakeFiles/loom_tests.dir/tests/test_onboarding_presentation_store.cpp.o
[92/133] Building CXX object CMakeFiles/loom_tests.dir/tests/test_pack_model.cpp.o
[93/133] Building CXX object CMakeFiles/loom_tests.dir/tests/test_packet.cpp.o
[94/133] Building CXX object CMakeFiles/loom_tests.dir/tests/test_onboarding_store.cpp.o
[95/133] Building CXX object CMakeFiles/loom_tests.dir/tests/test_provenance.cpp.o
[96/133] Building CXX object CMakeFiles/loom_tests.dir/tests/test_providers.cpp.o
[97/133] Building CXX object CMakeFiles/loom_tests.dir/tests/test_regex.cpp.o
[98/133] Building CXX object CMakeFiles/loom_tests.dir/tests/test_relations.cpp.o
[99/133] Building CXX object CMakeFiles/loom_tests.dir/tests/test_resolve.cpp.o
[100/133] Building CXX object CMakeFiles/loom_tests.dir/tests/test_resolve_attribution.cpp.o
[101/133] Building CXX object CMakeFiles/loom_tests.dir/tests/test_resolve_lineage.cpp.o
[102/133] Building CXX object CMakeFiles/loom_tests.dir/tests/test_runtime.cpp.o
[103/133] Building CXX object CMakeFiles/loom_tests.dir/tests/test_runtime_bootstrap_profiles.cpp.o
[104/133] Building CXX object CMakeFiles/loom_tests.dir/tests/test_runtime_profile.cpp.o
[105/133] Building CXX object CMakeFiles/loom_tests.dir/tests/test_selector.cpp.o
[106/133] Building CXX object CMakeFiles/loom_tests.dir/tests/test_runtime_recipe_consumers.cpp.o
[107/133] Building CXX object CMakeFiles/loom_tests.dir/tests/test_semantic_llm.cpp.o
[108/133] Building CXX object CMakeFiles/loom_tests.dir/tests/test_tasks.cpp.o
[109/133] Building CXX object CMakeFiles/loom_tests.dir/tests/test_semantic_worker.cpp.o
[110/133] Building CXX object CMakeFiles/loom_compat_tool.dir/tests/compat/main.cpp.o
[111/133] Building CXX object CMakeFiles/loom_tests.dir/tests/test_util.cpp.o
[112/133] Building CXX object CMakeFiles/loom_tests.dir/tests/test_util_profiles.cpp.o
[113/133] Building CXX object CMakeFiles/loom_compat_tool.dir/tests/compat/tool_active_task.cpp.o
[114/133] Building CXX object CMakeFiles/loom_compat_tool.dir/tests/compat/tool_chat.cpp.o
[115/133] Building CXX object CMakeFiles/loom_compat_tool.dir/tests/compat/tool_core.cpp.o
[116/133] Building CXX object CMakeFiles/loom_compat_tool.dir/tests/compat/tool_crypto.cpp.o
[117/133] Building CXX object CMakeFiles/loom_compat_tool.dir/tests/compat/tool_import.cpp.o
[118/133] Building CXX object CMakeFiles/loom_compat_tool.dir/tests/compat/tool_db.cpp.o
[119/133] Building CXX object CMakeFiles/loom_compat_tool.dir/tests/compat/tool_graph.cpp.o
[120/133] Building CXX object CMakeFiles/loom_compat_tool.dir/tests/compat/tool_selector.cpp.o
[121/133] Building CXX object CMakeFiles/loom_compat_tool.dir/tests/compat/tool_memory.cpp.o
[122/133] Building CXX object CMakeFiles/loom_compat_tool.dir/tests/compat/tool_semantic.cpp.o
[123/133] Building CXX object CMakeFiles/loom_candidate_graph_native_tool.dir/tests/compat/candidate_graph_native_tool.cpp.o
[124/133] Building CXX object server/CMakeFiles/loom-server.dir/src/main.cpp.o
[125/133] Creating library symlink libloom.so.0 libloom.so
[126/133] Building CXX object cli/CMakeFiles/loom_cli.dir/main.cpp.o
[127/133] Linking CXX executable loom_tests
FAILED: [code=1] loom_tests 
: && /usr/bin/c++ -g -Wl,--dependency-file=CMakeFiles/loom_tests.dir/link.d CMakeFiles/loom_tests.dir/tests/main.cpp.o CMakeFiles/loom_tests.dir/tests/test_archive.cpp.o CMakeFiles/loom_tests.dir/tests/test_archive_profiles.cpp.o CMakeFiles/loom_tests.dir/tests/test_archive_runtime_policy.cpp.o CMakeFiles/loom_tests.dir/tests/test_archive_synthesis_policy.cpp.o CMakeFiles/loom_tests.dir/tests/test_archive_text_policy.cpp.o CMakeFiles/loom_tests.dir/tests/test_batch_api.cpp.o CMakeFiles/loom_tests.dir/tests/test_capi.cpp.o CMakeFiles/loom_tests.dir/tests/test_capi_knowledge.cpp.o CMakeFiles/loom_tests.dir/tests/test_capi_knowledge_latest_run.cpp.o CMakeFiles/loom_tests.dir/tests/test_catalog.cpp.o CMakeFiles/loom_tests.dir/tests/test_catalog_context.cpp.o CMakeFiles/loom_tests.dir/tests/test_catalog_eval.cpp.o CMakeFiles/loom_tests.dir/tests/test_catalog_links.cpp.o CMakeFiles/loom_tests.dir/tests/test_catalog_retention.cpp.o CMakeFiles/loom_tests.dir/tests/test_catalog_scale.cpp.o CMakeFiles/loom_tests.dir/tests/test_chat_active_task.cpp.o CMakeFiles/loom_tests.dir/tests/test_chat_active_task_acceptance_audit.cpp.o CMakeFiles/loom_tests.dir/tests/test_chat_active_task_acceptance_scale.cpp.o CMakeFiles/loom_tests.dir/tests/test_chat_active_task_acceptance_validation.cpp.o CMakeFiles/loom_tests.dir/tests/test_chat_active_task_concurrency.cpp.o CMakeFiles/loom_tests.dir/tests/test_chat_active_task_durability.cpp.o CMakeFiles/loom_tests.dir/tests/test_chat_active_task_durable_audit.cpp.o CMakeFiles/loom_tests.dir/tests/test_chat_active_task_exceptional.cpp.o CMakeFiles/loom_tests.dir/tests/test_chat_active_task_history_aba.cpp.o CMakeFiles/loom_tests.dir/tests/test_chat_active_task_reference.cpp.o CMakeFiles/loom_tests.dir/tests/test_chat_active_task_retention.cpp.o CMakeFiles/loom_tests.dir/tests/test_chat_active_task_revisions.cpp.o CMakeFiles/loom_tests.dir/tests/test_chat_active_task_scope_identity.cpp.o CMakeFiles/loom_tests.dir/tests/test_chat_engine.cpp.o CMakeFiles/loom_tests.dir/tests/test_chat_knowledge_context.cpp.o CMakeFiles/loom_tests.dir/tests/test_chat_retrieval_plan.cpp.o CMakeFiles/loom_tests.dir/tests/test_config.cpp.o CMakeFiles/loom_tests.dir/tests/test_context_channel_integration.cpp.o CMakeFiles/loom_tests.dir/tests/test_context_controls.cpp.o CMakeFiles/loom_tests.dir/tests/test_context_counter.cpp.o CMakeFiles/loom_tests.dir/tests/test_context_diagnostics.cpp.o CMakeFiles/loom_tests.dir/tests/test_context_engine.cpp.o CMakeFiles/loom_tests.dir/tests/test_context_eval.cpp.o CMakeFiles/loom_tests.dir/tests/test_context_native_consumer.cpp.o CMakeFiles/loom_tests.dir/tests/test_context_plan.cpp.o CMakeFiles/loom_tests.dir/tests/test_context_retrieval.cpp.o CMakeFiles/loom_tests.dir/tests/test_context_retrieval_dev.cpp.o CMakeFiles/loom_tests.dir/tests/test_context_tfidf_reuse.cpp.o CMakeFiles/loom_tests.dir/tests/test_crypto.cpp.o CMakeFiles/loom_tests.dir/tests/test_db.cpp.o CMakeFiles/loom_tests.dir/tests/test_db_annotations.cpp.o CMakeFiles/loom_tests.dir/tests/test_event_bus.cpp.o CMakeFiles/loom_tests.dir/tests/test_extract.cpp.o CMakeFiles/loom_tests.dir/tests/test_extract_eval.cpp.o CMakeFiles/loom_tests.dir/tests/test_fts.cpp.o CMakeFiles/loom_tests.dir/tests/test_generalize.cpp.o CMakeFiles/loom_tests.dir/tests/test_generalize_eval.cpp.o CMakeFiles/loom_tests.dir/tests/test_github.cpp.o CMakeFiles/loom_tests.dir/tests/test_graph.cpp.o CMakeFiles/loom_tests.dir/tests/test_import.cpp.o CMakeFiles/loom_tests.dir/tests/test_import_audit.cpp.o CMakeFiles/loom_tests.dir/tests/test_import_audit_presets.cpp.o CMakeFiles/loom_tests.dir/tests/test_import_aux_depth.cpp.o CMakeFiles/loom_tests.dir/tests/test_import_export_fidelity.cpp.o CMakeFiles/loom_tests.dir/tests/test_import_exports.cpp.o CMakeFiles/loom_tests.dir/tests/test_import_presets.cpp.o CMakeFiles/loom_tests.dir/tests/test_import_presets_binding.cpp.o CMakeFiles/loom_tests.dir/tests/test_import_resume.cpp.o CMakeFiles/loom_tests.dir/tests/test_import_screenshot.cpp.o CMakeFiles/loom_tests.dir/tests/test_import_source_materialization.cpp.o CMakeFiles/loom_tests.dir/tests/test_import_stream.cpp.o CMakeFiles/loom_tests.dir/tests/test_import_usage.cpp.o CMakeFiles/loom_tests.dir/tests/test_kb_pack.cpp.o CMakeFiles/loom_tests.dir/tests/test_knowledge.cpp.o CMakeFiles/loom_tests.dir/tests/test_knowledge_candidate_graph.cpp.o CMakeFiles/loom_tests.dir/tests/test_knowledge_candidates.cpp.o CMakeFiles/loom_tests.dir/tests/test_knowledge_flow.cpp.o CMakeFiles/loom_tests.dir/tests/test_knowledge_profile.cpp.o CMakeFiles/loom_tests.dir/tests/test_knowledge_semantic.cpp.o CMakeFiles/loom_tests.dir/tests/test_knowledge_semantic_graph.cpp.o CMakeFiles/loom_tests.dir/tests/test_knowledge_store.cpp.o CMakeFiles/loom_tests.dir/tests/test_materialize.cpp.o CMakeFiles/loom_tests.dir/tests/test_media.cpp.o CMakeFiles/loom_tests.dir/tests/test_memory.cpp.o CMakeFiles/loom_tests.dir/tests/test_memory_sort_profiles.cpp.o CMakeFiles/loom_tests.dir/tests/test_memory_visibility_profiles.cpp.o CMakeFiles/loom_tests.dir/tests/test_model.cpp.o CMakeFiles/loom_tests.dir/tests/test_model_creation_profile.cpp.o CMakeFiles/loom_tests.dir/tests/test_model_profile.cpp.o CMakeFiles/loom_tests.dir/tests/test_net_profile.cpp.o CMakeFiles/loom_tests.dir/tests/test_net_sse.cpp.o CMakeFiles/loom_tests.dir/tests/test_onboarding.cpp.o CMakeFiles/loom_tests.dir/tests/test_onboarding_graph.cpp.o CMakeFiles/loom_tests.dir/tests/test_onboarding_layers.cpp.o CMakeFiles/loom_tests.dir/tests/test_onboarding_presentation.cpp.o CMakeFiles/loom_tests.dir/tests/test_onboarding_presentation_layers.cpp.o CMakeFiles/loom_tests.dir/tests/test_onboarding_presentation_store.cpp.o CMakeFiles/loom_tests.dir/tests/test_onboarding_store.cpp.o CMakeFiles/loom_tests.dir/tests/test_pack_model.cpp.o CMakeFiles/loom_tests.dir/tests/test_packet.cpp.o CMakeFiles/loom_tests.dir/tests/test_provenance.cpp.o CMakeFiles/loom_tests.dir/tests/test_providers.cpp.o CMakeFiles/loom_tests.dir/tests/test_regex.cpp.o CMakeFiles/loom_tests.dir/tests/test_relations.cpp.o CMakeFiles/loom_tests.dir/tests/test_resolve.cpp.o CMakeFiles/loom_tests.dir/tests/test_resolve_attribution.cpp.o CMakeFiles/loom_tests.dir/tests/test_resolve_lineage.cpp.o CMakeFiles/loom_tests.dir/tests/test_runtime.cpp.o CMakeFiles/loom_tests.dir/tests/test_runtime_bootstrap_profiles.cpp.o CMakeFiles/loom_tests.dir/tests/test_runtime_profile.cpp.o CMakeFiles/loom_tests.dir/tests/test_runtime_recipe_consumers.cpp.o CMakeFiles/loom_tests.dir/tests/test_selector.cpp.o CMakeFiles/loom_tests.dir/tests/test_semantic_llm.cpp.o CMakeFiles/loom_tests.dir/tests/test_semantic_worker.cpp.o CMakeFiles/loom_tests.dir/tests/test_tasks.cpp.o CMakeFiles/loom_tests.dir/tests/test_util.cpp.o CMakeFiles/loom_tests.dir/tests/test_util_profiles.cpp.o -o loom_tests  libloom_core.a  libloom_sqlite3_amalgamation.a  -ldl  -lm  libloom_miniz.a  /usr/lib/x86_64-linux-gnu/libssl.so  /usr/lib/x86_64-linux-gnu/libcrypto.so && :
collect2: fatal error: ld terminated with signal 9 [Killed]
compilation terminated.
[128/133] Linking CXX executable loom_compat_tool
[129/133] Building CXX object server/CMakeFiles/loom-server.dir/src/app.cpp.o
ninja: build stopped: subcommand failed.
