[0/2] Re-checking globbed directories...
[1/37] Building CXX object CMakeFiles/loom_core.dir/src/catalog/schema.cpp.o
[2/37] Building CXX object CMakeFiles/loom_core.dir/src/catalog/profile.cpp.o
[3/37] Building CXX object CMakeFiles/loom_core.dir/src/db/annotations.cpp.o
[4/37] Building CXX object CMakeFiles/loom_core.dir/src/db/fts.cpp.o
[5/37] Building CXX object CMakeFiles/loom_core.dir/src/db/db.cpp.o
[6/37] Building CXX object CMakeFiles/loom_core.dir/src/db/sqlite.cpp.o
[7/37] Building CXX object CMakeFiles/loom_core.dir/src/generalize/evidence.cpp.o
[8/37] Building CXX object CMakeFiles/loom_core.dir/src/extract/candidate_graph.cpp.o
[9/37] Building CXX object CMakeFiles/loom_core.dir/src/kb/evidence.cpp.o
[10/37] Building CXX object CMakeFiles/loom_core.dir/src/kb/normalize.cpp.o
[11/37] Building CXX object CMakeFiles/loom_core.dir/src/kb/graph_packet_store.cpp.o
[12/37] Building CXX object CMakeFiles/loom_core.dir/src/kb/schema.cpp.o
[13/37] Building CXX object CMakeFiles/loom_core.dir/src/kb/pack.cpp.o
[14/37] Building CXX object CMakeFiles/loom_core.dir/src/model/model_action.cpp.o
[15/37] Building CXX object CMakeFiles/loom_core.dir/src/kb/store.cpp.o
[16/37] Building CXX object CMakeFiles/loom_core.dir/src/model/model_core.cpp.o
[17/37] Building CXX object CMakeFiles/loom_core.dir/src/model/model_general.cpp.o
[18/37] Building CXX object CMakeFiles/loom_core.dir/src/model/runtime_profile.cpp.o
[19/37] Building CXX object CMakeFiles/loom_core.dir/src/onboarding/graph.cpp.o
[20/37] Building CXX object CMakeFiles/loom_core.dir/src/onboarding/layers.cpp.o
[21/37] Building CXX object CMakeFiles/loom_core.dir/src/onboarding/presentation.cpp.o
[22/37] Building CXX object CMakeFiles/loom_core.dir/src/onboarding/profile.cpp.o
[23/37] Building CXX object CMakeFiles/loom_core.dir/src/onboarding/runtime_adapter.cpp.o
[24/37] Building CXX object CMakeFiles/loom_core.dir/src/onboarding/store.cpp.o
[25/37] Building CXX object CMakeFiles/loom_core.dir/src/packet/packet.cpp.o
[26/37] Building CXX object CMakeFiles/loom_core.dir/src/packet/reply.cpp.o
[27/37] Building CXX object CMakeFiles/loom_core.dir/src/util/base64.cpp.o
[28/37] Building CXX object CMakeFiles/loom_core.dir/src/re/regex.cpp.o
[29/37] Building CXX object CMakeFiles/loom_core.dir/src/util/fs.cpp.o
[30/37] Building CXX object CMakeFiles/loom_core.dir/src/util/json.cpp.o
[31/37] Building CXX object CMakeFiles/loom_core.dir/src/util/log.cpp.o
[32/37] Building CXX object CMakeFiles/loom_core.dir/src/util/random_ids_time.cpp.o
[33/37] Building CXX object CMakeFiles/loom_core.dir/src/util/result.cpp.o
[34/37] Building CXX object CMakeFiles/loom_core.dir/src/util/unicode.cpp.o
[35/37] Building CXX object CMakeFiles/loom_core.dir/src/util/sha256.cpp.o
[36/37] Building CXX object CMakeFiles/loom_core.dir/src/util/utf8.cpp.o
