JUnit suite reports failures=15
unit.test_catalog_eval: truncated output cannot establish case coverage
unit.test_catalog_eval: missing or ambiguous doctest summary
unit.test_catalog_links: truncated output cannot establish case coverage
unit.test_catalog_links: missing or ambiguous doctest summary
unit.test_context_engine: requires positive cases and assertions; got 0/0
unit.test_context_retrieval_dev: truncated output cannot establish case coverage
unit.test_context_retrieval_dev: missing or ambiguous doctest summary
unit.test_extract_eval: truncated output cannot establish case coverage
unit.test_extract_eval: missing or ambiguous doctest summary
unit.test_generalize_eval: truncated output cannot establish case coverage
unit.test_generalize_eval: missing or ambiguous doctest summary
unit.test_knowledge: requires positive cases and assertions; got 0/0
unit.test_resolve_attribution: truncated output cannot establish case coverage
unit.test_resolve_attribution: missing or ambiguous doctest summary
unit.test_resolve_lineage: truncated output cannot establish case coverage
unit.test_resolve_lineage: requires positive cases and assertions; got 2/0
compat.test_active_task_compiler_compat: outer status is 'fail'
compat.test_active_task_compiler_compat: outer failure/error/skip
compat.test_active_task_compiler_compat: missing or ambiguous successful unittest summary
compat.test_chat_active_task_http: truncated output cannot establish case coverage
compat.test_chat_active_task_http: missing or ambiguous successful unittest summary
compat.test_chat_compat: outer status is 'fail'
compat.test_chat_compat: outer failure/error/skip
compat.test_chat_compat: missing or ambiguous successful unittest summary
compat.test_config_compat: outer status is 'fail'
compat.test_config_compat: outer failure/error/skip
compat.test_config_compat: missing or ambiguous successful unittest summary
compat.test_crypto_compat: outer status is 'fail'
compat.test_crypto_compat: outer failure/error/skip
compat.test_crypto_compat: missing or ambiguous successful unittest summary
compat.test_db_compat: outer status is 'fail'
compat.test_db_compat: outer failure/error/skip
compat.test_db_compat: missing or ambiguous successful unittest summary
compat.test_github_sync_defaults: outer status is 'fail'
compat.test_github_sync_defaults: outer failure/error/skip
compat.test_github_sync_defaults: missing or ambiguous successful unittest summary
compat.test_graph_compat: outer status is 'fail'
compat.test_graph_compat: outer failure/error/skip
compat.test_graph_compat: missing or ambiguous successful unittest summary
compat.test_graph_packet_store: truncated output cannot establish case coverage
compat.test_graph_packet_store: missing or ambiguous successful unittest summary
compat.test_import_compat: outer status is 'fail'
compat.test_import_compat: outer failure/error/skip
compat.test_import_compat: missing or ambiguous successful unittest summary
compat.test_memory_compat: outer status is 'fail'
compat.test_memory_compat: outer failure/error/skip
compat.test_memory_compat: missing or ambiguous successful unittest summary
compat.test_selector_compat: outer status is 'fail'
compat.test_selector_compat: outer failure/error/skip
compat.test_selector_compat: missing or ambiguous successful unittest summary
compat.test_semantic_compat: outer status is 'fail'
compat.test_semantic_compat: outer failure/error/skip
compat.test_semantic_compat: missing or ambiguous successful unittest summary
compat.test_semantic_recovery: outer status is 'fail'
compat.test_semantic_recovery: outer failure/error/skip
compat.test_semantic_recovery: missing or ambiguous successful unittest summary
compat.test_util_compat: outer status is 'fail'
compat.test_util_compat: outer failure/error/skip
compat.test_util_compat: missing or ambiguous successful unittest summary
research.structure: outer status is 'fail'
research.structure: outer failure/error/skip
research.structure: missing or ambiguous successful unittest summary
research.contracts: outer status is 'fail'
research.contracts: outer failure/error/skip
research.contracts: missing or ambiguous successful unittest summary
server.smoke: script reported SKIP
