[0/2] Re-checking globbed directories...
[1/106] Linking C static library libloom_miniz.a
[2/106] Linking CXX static library libloom_core.a
[3/106] Building CXX object CMakeFiles/loom_tests.dir/tests/main.cpp.o
[4/106] Building CXX object CMakeFiles/loom_tests.dir/tests/test_archive.cpp.o
[5/106] Building CXX object CMakeFiles/loom_tests.dir/tests/test_batch_api.cpp.o
[6/106] Building CXX object CMakeFiles/loom_tests.dir/tests/test_capi.cpp.o
[7/106] Building CXX object CMakeFiles/loom_tests.dir/tests/test_capi_knowledge.cpp.o
[8/106] Building CXX object CMakeFiles/loom_tests.dir/tests/test_capi_knowledge_latest_run.cpp.o
[9/106] Building CXX object CMakeFiles/loom_tests.dir/tests/test_catalog.cpp.o
[10/106] Building CXX object CMakeFiles/loom_tests.dir/tests/test_catalog_context.cpp.o
[11/106] Building CXX object CMakeFiles/loom_tests.dir/tests/test_catalog_eval.cpp.o
[12/106] Building CXX object CMakeFiles/loom_tests.dir/tests/test_catalog_links.cpp.o
[13/106] Building CXX object CMakeFiles/loom_tests.dir/tests/test_catalog_retention.cpp.o
[14/106] Building CXX object CMakeFiles/loom_tests.dir/tests/test_catalog_scale.cpp.o
[15/106] Building CXX object CMakeFiles/loom_tests.dir/tests/test_chat_active_task.cpp.o
[16/106] Building CXX object CMakeFiles/loom_tests.dir/tests/test_chat_active_task_acceptance_audit.cpp.o
[17/106] Building CXX object CMakeFiles/loom_tests.dir/tests/test_chat_active_task_acceptance_scale.cpp.o
[18/106] Building CXX object CMakeFiles/loom_tests.dir/tests/test_chat_active_task_acceptance_validation.cpp.o
[19/106] Building CXX object CMakeFiles/loom_tests.dir/tests/test_chat_active_task_concurrency.cpp.o
[20/106] Building CXX object CMakeFiles/loom_tests.dir/tests/test_chat_active_task_durability.cpp.o
[21/106] Building CXX object CMakeFiles/loom_tests.dir/tests/test_chat_active_task_durable_audit.cpp.o
[22/106] Building CXX object CMakeFiles/loom_tests.dir/tests/test_chat_active_task_exceptional.cpp.o
[23/106] Building CXX object CMakeFiles/loom_tests.dir/tests/test_chat_active_task_history_aba.cpp.o
[24/106] Building CXX object CMakeFiles/loom_tests.dir/tests/test_chat_active_task_reference.cpp.o
[25/106] Building CXX object CMakeFiles/loom_tests.dir/tests/test_chat_active_task_retention.cpp.o
[26/106] Building CXX object CMakeFiles/loom_tests.dir/tests/test_chat_active_task_revisions.cpp.o
[27/106] Building CXX object CMakeFiles/loom_tests.dir/tests/test_chat_active_task_scope_identity.cpp.o
[28/106] Building CXX object CMakeFiles/loom_tests.dir/tests/test_chat_engine.cpp.o
[29/106] Building CXX object CMakeFiles/loom_tests.dir/tests/test_chat_knowledge_context.cpp.o
[30/106] Building CXX object CMakeFiles/loom_tests.dir/tests/test_chat_retrieval_plan.cpp.o
[31/106] Building CXX object CMakeFiles/loom_tests.dir/tests/test_config.cpp.o
[32/106] Building CXX object CMakeFiles/loom_tests.dir/tests/test_context_channel_integration.cpp.o
[33/106] Building CXX object CMakeFiles/loom_tests.dir/tests/test_context_controls.cpp.o
[34/106] Building CXX object CMakeFiles/loom_tests.dir/tests/test_context_counter.cpp.o
[35/106] Building CXX object CMakeFiles/loom_tests.dir/tests/test_context_diagnostics.cpp.o
[36/106] Building CXX object CMakeFiles/loom_tests.dir/tests/test_context_engine.cpp.o
[37/106] Building CXX object CMakeFiles/loom_tests.dir/tests/test_context_eval.cpp.o
[38/106] Building CXX object CMakeFiles/loom_tests.dir/tests/test_context_native_consumer.cpp.o
[39/106] Building CXX object CMakeFiles/loom_tests.dir/tests/test_context_plan.cpp.o
[40/106] Building CXX object CMakeFiles/loom_tests.dir/tests/test_context_retrieval.cpp.o
[41/106] Building CXX object CMakeFiles/loom_tests.dir/tests/test_context_retrieval_dev.cpp.o
[42/106] Building CXX object CMakeFiles/loom_tests.dir/tests/test_context_tfidf_reuse.cpp.o
[43/106] Building CXX object CMakeFiles/loom_tests.dir/tests/test_crypto.cpp.o
[44/106] Building CXX object CMakeFiles/loom_tests.dir/tests/test_db.cpp.o
[45/106] Building CXX object CMakeFiles/loom_tests.dir/tests/test_event_bus.cpp.o
[46/106] Building CXX object CMakeFiles/loom_tests.dir/tests/test_extract.cpp.o
[47/106] Building CXX object CMakeFiles/loom_tests.dir/tests/test_extract_eval.cpp.o
[48/106] Building CXX object CMakeFiles/loom_tests.dir/tests/test_fts.cpp.o
[49/106] Building CXX object CMakeFiles/loom_tests.dir/tests/test_generalize.cpp.o
[50/106] Building CXX object CMakeFiles/loom_tests.dir/tests/test_generalize_eval.cpp.o
[51/106] Building CXX object CMakeFiles/loom_tests.dir/tests/test_github.cpp.o
[52/106] Building CXX object CMakeFiles/loom_tests.dir/tests/test_graph.cpp.o
[53/106] Building CXX object CMakeFiles/loom_tests.dir/tests/test_import.cpp.o
[54/106] Building CXX object CMakeFiles/loom_tests.dir/tests/test_import_export_fidelity.cpp.o
[55/106] Building CXX object CMakeFiles/loom_tests.dir/tests/test_import_exports.cpp.o
[56/106] Building CXX object CMakeFiles/loom_tests.dir/tests/test_import_source_materialization.cpp.o
[57/106] Building CXX object CMakeFiles/loom_tests.dir/tests/test_import_stream.cpp.o
[58/106] Building CXX object CMakeFiles/loom_tests.dir/tests/test_kb_pack.cpp.o
[59/106] Building CXX object CMakeFiles/loom_tests.dir/tests/test_knowledge.cpp.o
[60/106] Building CXX object CMakeFiles/loom_tests.dir/tests/test_knowledge_candidate_graph.cpp.o
[61/106] Building CXX object CMakeFiles/loom_tests.dir/tests/test_knowledge_candidates.cpp.o
[62/106] Building CXX object CMakeFiles/loom_tests.dir/tests/test_knowledge_flow.cpp.o
[63/106] Building CXX object CMakeFiles/loom_tests.dir/tests/test_knowledge_semantic.cpp.o
[64/106] Building CXX object CMakeFiles/loom_tests.dir/tests/test_knowledge_semantic_graph.cpp.o
[65/106] Building CXX object CMakeFiles/loom_tests.dir/tests/test_knowledge_store.cpp.o
[66/106] Building CXX object CMakeFiles/loom_tests.dir/tests/test_materialize.cpp.o
[67/106] Building CXX object CMakeFiles/loom_tests.dir/tests/test_media.cpp.o
[68/106] Building CXX object CMakeFiles/loom_tests.dir/tests/test_memory.cpp.o
[69/106] Building CXX object CMakeFiles/loom_tests.dir/tests/test_model.cpp.o
[70/106] Building CXX object CMakeFiles/loom_tests.dir/tests/test_net_sse.cpp.o
[71/106] Building CXX object CMakeFiles/loom_tests.dir/tests/test_pack_model.cpp.o
[72/106] Building CXX object CMakeFiles/loom_tests.dir/tests/test_packet.cpp.o
[73/106] Building CXX object CMakeFiles/loom_tests.dir/tests/test_provenance.cpp.o
[74/106] Building CXX object CMakeFiles/loom_tests.dir/tests/test_providers.cpp.o
[75/106] Building CXX object CMakeFiles/loom_tests.dir/tests/test_regex.cpp.o
[76/106] Building CXX object CMakeFiles/loom_tests.dir/tests/test_relations.cpp.o
[77/106] Building CXX object CMakeFiles/loom_tests.dir/tests/test_resolve.cpp.o
[78/106] Building CXX object CMakeFiles/loom_tests.dir/tests/test_resolve_attribution.cpp.o
[79/106] Building CXX object CMakeFiles/loom_tests.dir/tests/test_resolve_lineage.cpp.o
[80/106] Building CXX object CMakeFiles/loom_tests.dir/tests/test_runtime.cpp.o
[81/106] Building CXX object CMakeFiles/loom_tests.dir/tests/test_selector.cpp.o
[82/106] Building CXX object CMakeFiles/loom_tests.dir/tests/test_semantic_llm.cpp.o
[83/106] Building CXX object CMakeFiles/loom_tests.dir/tests/test_semantic_worker.cpp.o
[84/106] Building CXX object CMakeFiles/loom_tests.dir/tests/test_tasks.cpp.o
[85/106] Building CXX object CMakeFiles/loom_tests.dir/tests/test_util.cpp.o
[86/106] Building CXX object CMakeFiles/loom_compat_tool.dir/tests/compat/main.cpp.o
[87/106] Building CXX object CMakeFiles/loom_compat_tool.dir/tests/compat/tool_active_task.cpp.o
[88/106] Building CXX object CMakeFiles/loom_compat_tool.dir/tests/compat/tool_chat.cpp.o
[89/106] Building CXX object CMakeFiles/loom_compat_tool.dir/tests/compat/tool_core.cpp.o
[90/106] Building CXX object CMakeFiles/loom_compat_tool.dir/tests/compat/tool_crypto.cpp.o
[91/106] Building CXX object CMakeFiles/loom_compat_tool.dir/tests/compat/tool_db.cpp.o
[92/106] Building CXX object CMakeFiles/loom_compat_tool.dir/tests/compat/tool_graph.cpp.o
[93/106] Building CXX object CMakeFiles/loom_compat_tool.dir/tests/compat/tool_import.cpp.o
[94/106] Building CXX object CMakeFiles/loom_compat_tool.dir/tests/compat/tool_memory.cpp.o
[95/106] Building CXX object CMakeFiles/loom_compat_tool.dir/tests/compat/tool_selector.cpp.o
[96/106] Building CXX object CMakeFiles/loom_compat_tool.dir/tests/compat/tool_semantic.cpp.o
[97/106] Building CXX object CMakeFiles/loom_candidate_graph_native_tool.dir/tests/compat/candidate_graph_native_tool.cpp.o
[98/106] Building CXX object cli/CMakeFiles/loom_cli.dir/main.cpp.o
[99/106] Building CXX object server/CMakeFiles/loom-server.dir/src/main.cpp.o
[100/106] Building CXX object server/CMakeFiles/loom-server.dir/src/app.cpp.o
[101/106] Linking CXX executable loom_tests
[102/106] Linking CXX executable loom_compat_tool
[103/106] Linking CXX executable loom_candidate_graph_native_tool
[104/106] Linking CXX executable cli/loom
FAILED: [code=1] cli/loom 
: && /usr/bin/g++ -fsanitize=address,undefined -fno-omit-frame-pointer -fno-sanitize-recover=undefined -g1 -fsanitize=address,undefined -Wl,--dependency-file=cli/CMakeFiles/loom_cli.dir/link.d cli/CMakeFiles/loom_cli.dir/main.cpp.o -o cli/loom  -Wl,-rpath,/workspace/scratch/2a6e71927cf3/toolchain/usr/lib/x86_64-linux-gnu  libloom_core.a  /workspace/scratch/2a6e71927cf3/toolchain/usr/lib/x86_64-linux-gnu/libsqlite3.so  libloom_miniz.a  /usr/lib/x86_64-linux-gnu/libssl.so  /usr/lib/x86_64-linux-gnu/libcrypto.so && :
/usr/bin/ld: final link failed: No space left on device
collect2: error: ld returned 1 exit status
ninja: build stopped: subcommand failed.
