[0/2] Re-checking globbed directories...
[1/246] Building C object CMakeFiles/loom_miniz.dir/third_party/miniz/miniz.c.o
/workspace/scratch/2a6e71927cf3/chatadhd/loom/third_party/miniz/miniz.c:3185:9: note: ‘#pragma message: Using fopen, ftello, fseeko, stat() etc. path for file I/O - this path may not support large files.’
 3185 | #pragma message("Using fopen, ftello, fseeko, stat() etc. path for file I/O - this path may not support large files.")
      |         ^~~~~~~
[2/246] Linking C static library libloom_miniz.a
[3/246] Building CXX object CMakeFiles/loom_core.dir/src/archive/cluster.cpp.o
[4/246] Building CXX object CMakeFiles/loom_core.dir/src/archive/ingest_parse.cpp.o
[5/246] Building CXX object CMakeFiles/loom_core.dir/src/archive/ingest.cpp.o
[6/246] Building CXX object CMakeFiles/loom_core.dir/src/archive/items.cpp.o
[7/246] Building CXX object CMakeFiles/loom_core.dir/src/archive/synth.cpp.o
[8/246] Building CXX object CMakeFiles/loom_core.dir/src/archive/pipeline.cpp.o
[9/246] Building CXX object CMakeFiles/loom_core.dir/src/archive/text.cpp.o
[10/246] Building CXX object CMakeFiles/loom_core.dir/src/archive/vocab.cpp.o
[11/246] Building CXX object CMakeFiles/loom_core.dir/src/capi/capi_archive.cpp.o
[12/246] Building CXX object CMakeFiles/loom_core.dir/src/capi/capi_catalog.cpp.o
[13/246] Building CXX object CMakeFiles/loom_core.dir/src/capi/capi_chat.cpp.o
[14/246] Building CXX object CMakeFiles/loom_core.dir/src/capi/capi_config.cpp.o
[15/246] Building CXX object CMakeFiles/loom_core.dir/src/capi/capi_context.cpp.o
[16/246] Building CXX object CMakeFiles/loom_core.dir/src/capi/capi_core.cpp.o
[17/246] Building CXX object CMakeFiles/loom_core.dir/src/capi/capi_extract.cpp.o
[18/246] Building CXX object CMakeFiles/loom_core.dir/src/capi/capi_graph.cpp.o
[19/246] Building CXX object CMakeFiles/loom_core.dir/src/capi/capi_generalize.cpp.o
[20/246] Building CXX object CMakeFiles/loom_core.dir/src/capi/capi_http.cpp.o
[21/246] Building CXX object CMakeFiles/loom_core.dir/src/capi/capi_graph_packet_store.cpp.o
[22/246] Building CXX object CMakeFiles/loom_core.dir/src/capi/capi_import.cpp.o
[23/246] Building CXX object CMakeFiles/loom_core.dir/src/capi/capi_knowledge.cpp.o
[24/246] Building CXX object CMakeFiles/loom_core.dir/src/capi/capi_media.cpp.o
[25/246] Building CXX object CMakeFiles/loom_core.dir/src/catalog/alias.cpp.o
[26/246] Building CXX object CMakeFiles/loom_core.dir/src/capi/capi_packet.cpp.o
[27/246] Building CXX object CMakeFiles/loom_core.dir/src/catalog/extract_text.cpp.o
[28/246] Building CXX object CMakeFiles/loom_core.dir/src/catalog/catalog.cpp.o
[29/246] Building CXX object CMakeFiles/loom_core.dir/src/catalog/import.cpp.o
[30/246] Building CXX object CMakeFiles/loom_core.dir/src/catalog/profile.cpp.o
[31/246] Building CXX object CMakeFiles/loom_core.dir/src/catalog/links.cpp.o
[32/246] Building CXX object CMakeFiles/loom_core.dir/src/catalog/query.cpp.o
[33/246] Building CXX object CMakeFiles/loom_core.dir/src/catalog/scan.cpp.o
[34/246] Building CXX object CMakeFiles/loom_core.dir/src/catalog/schema.cpp.o
[35/246] Building CXX object CMakeFiles/loom_core.dir/src/catalog/score.cpp.o
[36/246] Building CXX object CMakeFiles/loom_core.dir/src/catalog/select.cpp.o
[37/246] Building CXX object CMakeFiles/loom_core.dir/src/catalog/semantic.cpp.o
[38/246] Building CXX object CMakeFiles/loom_core.dir/src/catalog/stream.cpp.o
[39/246] Building CXX object CMakeFiles/loom_core.dir/src/catalog/sketch.cpp.o
[40/246] Building CXX object CMakeFiles/loom_core.dir/src/chat/active_task_spec.cpp.o
[41/246] Building CXX object CMakeFiles/loom_core.dir/src/chat/active_task_acceptance.cpp.o
[42/246] Building CXX object CMakeFiles/loom_core.dir/src/chat/batch_api.cpp.o
[43/246] Building CXX object CMakeFiles/loom_core.dir/src/chat/chat_engine.cpp.o
FAILED: [code=1] CMakeFiles/loom_core.dir/src/chat/chat_engine.cpp.o 
/usr/bin/g++ -DCPPHTTPLIB_OPENSSL_SUPPORT=1 -DJSON_USE_IMPLICIT_CONVERSIONS=1 -DLOOM_BUILDING=1 -DLOOM_HAVE_OPENSSL=1 -DLOOM_VERSION_STRING=\"0.1.0\" -I/workspace/scratch/2a6e71927cf3/chatadhd/loom/include -I/workspace/scratch/2a6e71927cf3/chatadhd/loom/src -isystem /workspace/scratch/2a6e71927cf3/chatadhd/loom/third_party/nlohmann -isystem /workspace/scratch/2a6e71927cf3/chatadhd/loom/third_party/cpp-httplib -isystem /workspace/scratch/2a6e71927cf3/toolchain/usr/include -isystem /workspace/scratch/2a6e71927cf3/chatadhd/loom/third_party/miniz -fsanitize=address,undefined -fno-omit-frame-pointer -fno-sanitize-recover=undefined -g -std=c++20 -fPIC -fvisibility=hidden -fvisibility-inlines-hidden -Wall -Wextra -Wpedantic -Wshadow -Wnon-virtual-dtor -Wold-style-cast -Wcast-align -Woverloaded-virtual -Wnull-dereference -Wimplicit-fallthrough -Wno-unused-parameter -Werror -MD -MT CMakeFiles/loom_core.dir/src/chat/chat_engine.cpp.o -MF CMakeFiles/loom_core.dir/src/chat/chat_engine.cpp.o.d -o CMakeFiles/loom_core.dir/src/chat/chat_engine.cpp.o -c /workspace/scratch/2a6e71927cf3/chatadhd/loom/src/chat/chat_engine.cpp
g++: fatal error: Killed signal terminated program cc1plus
compilation terminated.
