[0/2] Re-checking globbed directories...
[1/242] Building CXX object CMakeFiles/loom_core.dir/src/archive/synth.cpp.o
[2/242] Building CXX object CMakeFiles/loom_core.dir/src/archive/text.cpp.o
[3/242] Building CXX object CMakeFiles/loom_core.dir/src/archive/vocab.cpp.o
[4/242] Building CXX object CMakeFiles/loom_core.dir/src/capi/capi_archive.cpp.o
[5/242] Building CXX object CMakeFiles/loom_core.dir/src/capi/capi_catalog.cpp.o
[6/242] Building CXX object CMakeFiles/loom_core.dir/src/capi/capi_chat.cpp.o
[7/242] Building CXX object CMakeFiles/loom_core.dir/src/capi/capi_config.cpp.o
[8/242] Building CXX object CMakeFiles/loom_core.dir/src/capi/capi_context.cpp.o
[9/242] Building CXX object CMakeFiles/loom_core.dir/src/capi/capi_core.cpp.o
[10/242] Building CXX object CMakeFiles/loom_core.dir/src/capi/capi_extract.cpp.o
[11/242] Building CXX object CMakeFiles/loom_core.dir/src/capi/capi_generalize.cpp.o
[12/242] Building CXX object CMakeFiles/loom_core.dir/src/capi/capi_graph.cpp.o
[13/242] Building CXX object CMakeFiles/loom_core.dir/src/capi/capi_graph_packet_store.cpp.o
[14/242] Building CXX object CMakeFiles/loom_core.dir/src/capi/capi_http.cpp.o
[15/242] Building CXX object CMakeFiles/loom_core.dir/src/capi/capi_import.cpp.o
[16/242] Building CXX object CMakeFiles/loom_core.dir/src/capi/capi_knowledge.cpp.o
[17/242] Building CXX object CMakeFiles/loom_core.dir/src/capi/capi_media.cpp.o
[18/242] Building CXX object CMakeFiles/loom_core.dir/src/capi/capi_packet.cpp.o
[19/242] Building CXX object CMakeFiles/loom_core.dir/src/catalog/alias.cpp.o
[20/242] Building CXX object CMakeFiles/loom_core.dir/src/catalog/catalog.cpp.o
[21/242] Building CXX object CMakeFiles/loom_core.dir/src/catalog/extract_text.cpp.o
[22/242] Building CXX object CMakeFiles/loom_core.dir/src/catalog/import.cpp.o
[23/242] Building CXX object CMakeFiles/loom_core.dir/src/catalog/links.cpp.o
[24/242] Building CXX object CMakeFiles/loom_core.dir/src/catalog/profile.cpp.o
[25/242] Building CXX object CMakeFiles/loom_core.dir/src/catalog/query.cpp.o
[26/242] Building CXX object CMakeFiles/loom_core.dir/src/catalog/scan.cpp.o
[27/242] Building CXX object CMakeFiles/loom_core.dir/src/catalog/schema.cpp.o
[28/242] Building CXX object CMakeFiles/loom_core.dir/src/catalog/score.cpp.o
[29/242] Building CXX object CMakeFiles/loom_core.dir/src/catalog/select.cpp.o
[30/242] Building CXX object CMakeFiles/loom_core.dir/src/catalog/semantic.cpp.o
[31/242] Building CXX object CMakeFiles/loom_core.dir/src/catalog/sketch.cpp.o
[32/242] Building CXX object CMakeFiles/loom_core.dir/src/catalog/stream.cpp.o
[33/242] Building CXX object CMakeFiles/loom_core.dir/src/chat/active_task_acceptance.cpp.o
[34/242] Building CXX object CMakeFiles/loom_core.dir/src/chat/active_task_spec.cpp.o
[35/242] Building CXX object CMakeFiles/loom_core.dir/src/chat/batch_api.cpp.o
[36/242] Building CXX object CMakeFiles/loom_core.dir/src/chat/chat_engine.cpp.o
[37/242] Building CXX object CMakeFiles/loom_core.dir/src/chat/graph_reply.cpp.o
[38/242] Building CXX object CMakeFiles/loom_core.dir/src/context/context_candidates.cpp.o
[39/242] Building CXX object CMakeFiles/loom_core.dir/src/context/context_diagnostics.cpp.o
[40/242] Building CXX object CMakeFiles/loom_core.dir/src/context/context_engine.cpp.o
[41/242] Building CXX object CMakeFiles/loom_core.dir/src/context/context_evidence.cpp.o
[42/242] Building CXX object CMakeFiles/loom_core.dir/src/context/context_plan.cpp.o
[43/242] Building CXX object CMakeFiles/loom_core.dir/src/context/context_request_ext.cpp.o
[44/242] Building CXX object CMakeFiles/loom_core.dir/src/context/ctx_common.cpp.o
[45/242] Building CXX object CMakeFiles/loom_core.dir/src/context/method_channels.cpp.o
[46/242] Building CXX object CMakeFiles/loom_core.dir/src/context/method_execution.cpp.o
[47/242] Building CXX object CMakeFiles/loom_core.dir/src/context/method_registry.cpp.o
[48/242] Building CXX object CMakeFiles/loom_core.dir/src/context/provider_vector.cpp.o
[49/242] Building CXX object CMakeFiles/loom_core.dir/src/context/retrieval.cpp.o
[50/242] Building CXX object CMakeFiles/loom_core.dir/src/context/unified_context.cpp.o
[51/242] Building CXX object CMakeFiles/loom_core.dir/src/core/config.cpp.o
[52/242] Building CXX object CMakeFiles/loom_core.dir/src/core/config_usage_policy.cpp.o
[53/242] Building CXX object CMakeFiles/loom_core.dir/src/core/event_bus.cpp.o
[54/242] Building CXX object CMakeFiles/loom_core.dir/src/core/provenance.cpp.o
[55/242] Building CXX object CMakeFiles/loom_core.dir/src/core/relations.cpp.o
[56/242] Building CXX object CMakeFiles/loom_core.dir/src/core/tasks.cpp.o
[57/242] Building CXX object CMakeFiles/loom_core.dir/src/crypto/crypto.cpp.o
[58/242] Building CXX object CMakeFiles/loom_core.dir/src/db/db.cpp.o
[59/242] Building CXX object CMakeFiles/loom_core.dir/src/db/fts.cpp.o
[60/242] Building CXX object CMakeFiles/loom_core.dir/src/db/sqlite.cpp.o
[61/242] Building CXX object CMakeFiles/loom_core.dir/src/extract/candidate_graph.cpp.o
[62/242] Building CXX object CMakeFiles/loom_core.dir/src/extract/extract.cpp.o
[63/242] Building CXX object CMakeFiles/loom_core.dir/src/extract/extractors.cpp.o
[64/242] Building CXX object CMakeFiles/loom_core.dir/src/extract/lexicon.cpp.o
[65/242] Building CXX object CMakeFiles/loom_core.dir/src/extract/semantic.cpp.o
[66/242] Building CXX object CMakeFiles/loom_core.dir/src/extract/sources.cpp.o
