[0/2] Re-checking globbed directories...
[1/92] Building CXX object CMakeFiles/loom_tests.dir/tests/test_chat_active_task_acceptance_audit.cpp.o
[2/92] Building CXX object CMakeFiles/loom_tests.dir/tests/test_chat_active_task_acceptance_scale.cpp.o
[3/92] Building CXX object CMakeFiles/loom_tests.dir/tests/test_chat_active_task_acceptance_validation.cpp.o
[4/92] Building CXX object CMakeFiles/loom_tests.dir/tests/test_chat_active_task_concurrency.cpp.o
[5/92] Building CXX object CMakeFiles/loom_tests.dir/tests/test_chat_active_task_durability.cpp.o
[6/92] Building CXX object CMakeFiles/loom_tests.dir/tests/test_chat_active_task_durable_audit.cpp.o
[7/92] Building CXX object CMakeFiles/loom_tests.dir/tests/test_chat_active_task_exceptional.cpp.o
[8/92] Building CXX object CMakeFiles/loom_tests.dir/tests/test_chat_active_task_history_aba.cpp.o
[9/92] Building CXX object CMakeFiles/loom_tests.dir/tests/test_chat_active_task_reference.cpp.o
[10/92] Building CXX object CMakeFiles/loom_tests.dir/tests/test_chat_active_task_retention.cpp.o
[11/92] Building CXX object CMakeFiles/loom_tests.dir/tests/test_chat_active_task_revisions.cpp.o
[12/92] Building CXX object CMakeFiles/loom_tests.dir/tests/test_chat_active_task_scope_identity.cpp.o
[13/92] Building CXX object CMakeFiles/loom_tests.dir/tests/test_chat_engine.cpp.o
[14/92] Building CXX object CMakeFiles/loom_tests.dir/tests/test_chat_knowledge_context.cpp.o
[15/92] Building CXX object CMakeFiles/loom_tests.dir/tests/test_chat_retrieval_plan.cpp.o
[16/92] Building CXX object CMakeFiles/loom_tests.dir/tests/test_config.cpp.o
[17/92] Building CXX object CMakeFiles/loom_tests.dir/tests/test_context_channel_integration.cpp.o
[18/92] Building CXX object CMakeFiles/loom_tests.dir/tests/test_context_controls.cpp.o
[19/92] Building CXX object CMakeFiles/loom_tests.dir/tests/test_context_counter.cpp.o
[20/92] Building CXX object CMakeFiles/loom_tests.dir/tests/test_context_diagnostics.cpp.o
[21/92] Building CXX object CMakeFiles/loom_tests.dir/tests/test_context_engine.cpp.o
[22/92] Building CXX object CMakeFiles/loom_tests.dir/tests/test_context_eval.cpp.o
[23/92] Building CXX object CMakeFiles/loom_tests.dir/tests/test_context_native_consumer.cpp.o
[24/92] Building CXX object CMakeFiles/loom_tests.dir/tests/test_context_plan.cpp.o
[25/92] Building CXX object CMakeFiles/loom_tests.dir/tests/test_context_retrieval.cpp.o
[26/92] Building CXX object CMakeFiles/loom_tests.dir/tests/test_context_retrieval_dev.cpp.o
[27/92] Building CXX object CMakeFiles/loom_tests.dir/tests/test_context_tfidf_reuse.cpp.o
[28/92] Building CXX object CMakeFiles/loom_tests.dir/tests/test_crypto.cpp.o
[29/92] Building CXX object CMakeFiles/loom_tests.dir/tests/test_db.cpp.o
[30/92] Building CXX object CMakeFiles/loom_tests.dir/tests/test_event_bus.cpp.o
[31/92] Building CXX object CMakeFiles/loom_tests.dir/tests/test_extract.cpp.o
[32/92] Building CXX object CMakeFiles/loom_tests.dir/tests/test_extract_eval.cpp.o
[33/92] Building CXX object CMakeFiles/loom_tests.dir/tests/test_fts.cpp.o
[34/92] Building CXX object CMakeFiles/loom_tests.dir/tests/test_generalize.cpp.o
[35/92] Building CXX object CMakeFiles/loom_tests.dir/tests/test_generalize_eval.cpp.o
[36/92] Building CXX object CMakeFiles/loom_tests.dir/tests/test_github.cpp.o
[37/92] Building CXX object CMakeFiles/loom_tests.dir/tests/test_graph.cpp.o
[38/92] Building CXX object CMakeFiles/loom_tests.dir/tests/test_import.cpp.o
[39/92] Building CXX object CMakeFiles/loom_tests.dir/tests/test_import_export_fidelity.cpp.o
[40/92] Building CXX object CMakeFiles/loom_tests.dir/tests/test_import_exports.cpp.o
[41/92] Building CXX object CMakeFiles/loom_tests.dir/tests/test_import_source_materialization.cpp.o
[42/92] Building CXX object CMakeFiles/loom_tests.dir/tests/test_import_stream.cpp.o
[43/92] Building CXX object CMakeFiles/loom_tests.dir/tests/test_kb_pack.cpp.o
[44/92] Building CXX object CMakeFiles/loom_tests.dir/tests/test_knowledge.cpp.o
[45/92] Building CXX object CMakeFiles/loom_tests.dir/tests/test_knowledge_candidate_graph.cpp.o
[46/92] Building CXX object CMakeFiles/loom_tests.dir/tests/test_knowledge_candidates.cpp.o
[47/92] Building CXX object CMakeFiles/loom_tests.dir/tests/test_knowledge_flow.cpp.o
[48/92] Building CXX object CMakeFiles/loom_tests.dir/tests/test_knowledge_semantic.cpp.o
[49/92] Building CXX object CMakeFiles/loom_tests.dir/tests/test_knowledge_semantic_graph.cpp.o
[50/92] Building CXX object CMakeFiles/loom_tests.dir/tests/test_knowledge_store.cpp.o
[51/92] Building CXX object CMakeFiles/loom_tests.dir/tests/test_materialize.cpp.o
[52/92] Building CXX object CMakeFiles/loom_tests.dir/tests/test_media.cpp.o
[53/92] Building CXX object CMakeFiles/loom_tests.dir/tests/test_memory.cpp.o
[54/92] Building CXX object CMakeFiles/loom_tests.dir/tests/test_model.cpp.o
[55/92] Building CXX object CMakeFiles/loom_tests.dir/tests/test_net_sse.cpp.o
[56/92] Building CXX object CMakeFiles/loom_tests.dir/tests/test_pack_model.cpp.o
[57/92] Building CXX object CMakeFiles/loom_tests.dir/tests/test_packet.cpp.o
[58/92] Building CXX object CMakeFiles/loom_tests.dir/tests/test_provenance.cpp.o
[59/92] Building CXX object CMakeFiles/loom_tests.dir/tests/test_providers.cpp.o
[60/92] Building CXX object CMakeFiles/loom_tests.dir/tests/test_regex.cpp.o
[61/92] Building CXX object CMakeFiles/loom_tests.dir/tests/test_relations.cpp.o
[62/92] Building CXX object CMakeFiles/loom_tests.dir/tests/test_resolve.cpp.o
[63/92] Building CXX object CMakeFiles/loom_tests.dir/tests/test_resolve_attribution.cpp.o
[64/92] Building CXX object CMakeFiles/loom_tests.dir/tests/test_resolve_lineage.cpp.o
[65/92] Building CXX object CMakeFiles/loom_tests.dir/tests/test_runtime.cpp.o
[66/92] Building CXX object CMakeFiles/loom_tests.dir/tests/test_selector.cpp.o
[67/92] Building CXX object CMakeFiles/loom_tests.dir/tests/test_semantic_llm.cpp.o
[68/92] Building CXX object CMakeFiles/loom_tests.dir/tests/test_semantic_worker.cpp.o
[69/92] Building CXX object CMakeFiles/loom_tests.dir/tests/test_tasks.cpp.o
[70/92] Building CXX object CMakeFiles/loom_tests.dir/tests/test_util.cpp.o
[71/92] Building CXX object CMakeFiles/loom_compat_tool.dir/tests/compat/main.cpp.o
[72/92] Building CXX object CMakeFiles/loom_compat_tool.dir/tests/compat/tool_active_task.cpp.o
[73/92] Building CXX object CMakeFiles/loom_compat_tool.dir/tests/compat/tool_chat.cpp.o
[74/92] Building CXX object CMakeFiles/loom_compat_tool.dir/tests/compat/tool_core.cpp.o
[75/92] Building CXX object CMakeFiles/loom_compat_tool.dir/tests/compat/tool_crypto.cpp.o
[76/92] Building CXX object CMakeFiles/loom_compat_tool.dir/tests/compat/tool_db.cpp.o
[77/92] Building CXX object CMakeFiles/loom_compat_tool.dir/tests/compat/tool_graph.cpp.o
[78/92] Building CXX object CMakeFiles/loom_compat_tool.dir/tests/compat/tool_import.cpp.o
[79/92] Building CXX object CMakeFiles/loom_compat_tool.dir/tests/compat/tool_memory.cpp.o
