[0/2] Re-checking globbed directories...
[1/235] Building C object CMakeFiles/loom_miniz.dir/third_party/miniz/miniz.c.o
/workspace/scratch/72fc60ad1cc5/chatadhd-baseline/loom/third_party/miniz/miniz.c:3185:9: note: ‘#pragma message: Using fopen, ftello, fseeko, stat() etc. path for file I/O - this path may not support large files.’
 3185 | #pragma message("Using fopen, ftello, fseeko, stat() etc. path for file I/O - this path may not support large files.")
      |         ^~~~~~~
[2/235] Linking C static library libloom_miniz.a
[3/235] Building CXX object CMakeFiles/loom_core.dir/src/archive/cluster.cpp.o
[4/235] Building CXX object CMakeFiles/loom_core.dir/src/archive/ingest.cpp.o
[5/235] Building C object CMakeFiles/loom_sqlite3_amalgamation.dir/third_party/sqlite/sqlite3.c.o
[6/235] Linking C static library libloom_sqlite3_amalgamation.a
[7/235] Building CXX object CMakeFiles/loom_core.dir/src/archive/ingest_parse.cpp.o
[8/235] Building CXX object CMakeFiles/loom_core.dir/src/archive/items.cpp.o
[9/235] Building CXX object CMakeFiles/loom_core.dir/src/archive/text.cpp.o
[10/235] Building CXX object CMakeFiles/loom_core.dir/src/archive/vocab.cpp.o
[11/235] Building CXX object CMakeFiles/loom_core.dir/src/capi/capi_archive.cpp.o
[12/235] Building CXX object CMakeFiles/loom_core.dir/src/archive/pipeline.cpp.o
[13/235] Building CXX object CMakeFiles/loom_core.dir/src/archive/synth.cpp.o
[14/235] Building CXX object CMakeFiles/loom_core.dir/src/capi/capi_catalog.cpp.o
[15/235] Building CXX object CMakeFiles/loom_core.dir/src/capi/capi_chat.cpp.o
[16/235] Building CXX object CMakeFiles/loom_core.dir/src/capi/capi_context.cpp.o
[17/235] Building CXX object CMakeFiles/loom_core.dir/src/capi/capi_extract.cpp.o
[18/235] Building CXX object CMakeFiles/loom_core.dir/src/capi/capi_core.cpp.o
[19/235] Building CXX object CMakeFiles/loom_core.dir/src/capi/capi_graph.cpp.o
[20/235] Building CXX object CMakeFiles/loom_core.dir/src/capi/capi_graph_packet_store.cpp.o
[21/235] Building CXX object CMakeFiles/loom_core.dir/src/capi/capi_generalize.cpp.o
[22/235] Building CXX object CMakeFiles/loom_core.dir/src/capi/capi_http.cpp.o
[23/235] Building CXX object CMakeFiles/loom_core.dir/src/capi/capi_import.cpp.o
[24/235] Building CXX object CMakeFiles/loom_core.dir/src/capi/capi_media.cpp.o
[25/235] Building CXX object CMakeFiles/loom_core.dir/src/capi/capi_knowledge.cpp.o
FAILED: [code=1] CMakeFiles/loom_core.dir/src/capi/capi_knowledge.cpp.o 
/usr/bin/c++ -DCPPHTTPLIB_OPENSSL_SUPPORT=1 -DJSON_USE_IMPLICIT_CONVERSIONS=1 -DLOOM_BUILDING=1 -DLOOM_HAVE_OPENSSL=1 -DLOOM_VENDORED_SQLITE=1 -DLOOM_VERSION_STRING=\"0.1.0\" -I/workspace/scratch/72fc60ad1cc5/chatadhd-baseline/loom/include -I/workspace/scratch/72fc60ad1cc5/chatadhd-baseline/loom/src -isystem /workspace/scratch/72fc60ad1cc5/chatadhd-baseline/loom/third_party/nlohmann -isystem /workspace/scratch/72fc60ad1cc5/chatadhd-baseline/loom/third_party/cpp-httplib -isystem /workspace/scratch/72fc60ad1cc5/chatadhd-baseline/loom/third_party/sqlite -isystem /workspace/scratch/72fc60ad1cc5/chatadhd-baseline/loom/third_party/miniz -g -std=c++20 -fPIC -fvisibility=hidden -fvisibility-inlines-hidden -Wall -Wextra -Wpedantic -Wshadow -Wnon-virtual-dtor -Wold-style-cast -Wcast-align -Woverloaded-virtual -Wnull-dereference -Wimplicit-fallthrough -Wno-unused-parameter -Werror -MD -MT CMakeFiles/loom_core.dir/src/capi/capi_knowledge.cpp.o -MF CMakeFiles/loom_core.dir/src/capi/capi_knowledge.cpp.o.d -o CMakeFiles/loom_core.dir/src/capi/capi_knowledge.cpp.o -c /workspace/scratch/72fc60ad1cc5/chatadhd-baseline/loom/src/capi/capi_knowledge.cpp
c++: fatal error: Killed signal terminated program cc1plus
compilation terminated.
[26/235] Building CXX object CMakeFiles/loom_core.dir/src/catalog/alias.cpp.o
[27/235] Building CXX object CMakeFiles/loom_core.dir/src/catalog/catalog.cpp.o
ninja: build stopped: subcommand failed.
