test_boolean_and_null_spellings_require_exact_classification (__main__.ProductLiteralGuardTests.test_boolean_and_null_spellings_require_exact_classification) ... ok
test_cpp_strings_characters_numbers_and_raw_strings_are_candidates (__main__.ProductLiteralGuardTests.test_cpp_strings_characters_numbers_and_raw_strings_are_candidates) ... ok
test_empty_product_source_is_valid (__main__.ProductLiteralGuardTests.test_empty_product_source_is_valid) ... ok
test_empty_scope_is_an_input_error (__main__.ProductLiteralGuardTests.test_empty_scope_is_an_input_error) ... ok
test_every_declared_category_accepts_an_exact_anchor (__main__.ProductLiteralGuardTests.test_every_declared_category_accepts_an_exact_anchor) ... ok
test_exclusions_are_policy_rules_not_implicit_scanner_shortcuts (__main__.ProductLiteralGuardTests.test_exclusions_are_policy_rules_not_implicit_scanner_shortcuts) ... ok
test_explicit_tests_and_fixtures_exclusions_are_recorded (__main__.ProductLiteralGuardTests.test_explicit_tests_and_fixtures_exclusions_are_recorded) ... ok
test_input_error_cannot_make_report_overwrite_product_source (__main__.ProductLiteralGuardTests.test_input_error_cannot_make_report_overwrite_product_source) ... FAIL
test_inserting_literal_requires_its_own_classification (__main__.ProductLiteralGuardTests.test_inserting_literal_requires_its_own_classification) ... ok
test_invalid_utf8_and_unterminated_tokens_fail_closed (__main__.ProductLiteralGuardTests.test_invalid_utf8_and_unterminated_tokens_fail_closed) ... ok
test_javascript_java_and_kotlin_plain_literals (__main__.ProductLiteralGuardTests.test_javascript_java_and_kotlin_plain_literals) ... ok
test_javascript_regex_and_templates_fail_closed (__main__.ProductLiteralGuardTests.test_javascript_regex_and_templates_fail_closed) ... ok
test_json_valid_but_invalid_value_schema_is_an_input_error (__main__.ProductLiteralGuardTests.test_json_valid_but_invalid_value_schema_is_an_input_error) ... ok
test_malformed_and_duplicate_pack_and_schema_are_input_errors (__main__.ProductLiteralGuardTests.test_malformed_and_duplicate_pack_and_schema_are_input_errors) ... ok
test_missing_allowlisted_source_is_stale (__main__.ProductLiteralGuardTests.test_missing_allowlisted_source_is_stale) ... ok
test_missing_pack_and_schema_are_input_errors (__main__.ProductLiteralGuardTests.test_missing_pack_and_schema_are_input_errors) ... ok
test_missing_required_scope_fails_closed (__main__.ProductLiteralGuardTests.test_missing_required_scope_fails_closed) ... ok
test_owner_rule_and_fallback_are_deterministic (__main__.ProductLiteralGuardTests.test_owner_rule_and_fallback_are_deterministic) ... ok
test_python_utf8_byte_anchors_triple_strings_and_numbers (__main__.ProductLiteralGuardTests.test_python_utf8_byte_anchors_triple_strings_and_numbers) ... ok
test_report_and_manifest_are_repeatable (__main__.ProductLiteralGuardTests.test_report_and_manifest_are_repeatable) ... ok
test_report_and_manifest_cannot_overwrite_product_source (__main__.ProductLiteralGuardTests.test_report_and_manifest_cannot_overwrite_product_source) ... ok
test_runtime_embedding_input_and_output_hash_tampering_blocks (__main__.ProductLiteralGuardTests.test_runtime_embedding_input_and_output_hash_tampering_blocks) ... ok
test_runtime_embedding_is_accepted_only_by_exact_generator_provenance (__main__.ProductLiteralGuardTests.test_runtime_embedding_is_accepted_only_by_exact_generator_provenance) ... ok
test_runtime_embedding_new_source_is_not_silently_adopted (__main__.ProductLiteralGuardTests.test_runtime_embedding_new_source_is_not_silently_adopted) ... ok
test_runtime_embedding_source_output_and_generator_changes_block (__main__.ProductLiteralGuardTests.test_runtime_embedding_source_output_and_generator_changes_block) ... ok
test_runtime_embedding_untrusted_operation_and_generator_path_are_input_errors (__main__.ProductLiteralGuardTests.test_runtime_embedding_untrusted_operation_and_generator_path_are_input_errors) ... ok
test_tampered_byte_and_literal_hash_anchors_are_stale (__main__.ProductLiteralGuardTests.test_tampered_byte_and_literal_hash_anchors_are_stale) ... ok
test_unknown_category_blank_reason_and_duplicate_anchor_are_input_errors (__main__.ProductLiteralGuardTests.test_unknown_category_blank_reason_and_duplicate_anchor_are_input_errors) ... ok
test_unknown_policy_fields_and_categories_are_input_errors (__main__.ProductLiteralGuardTests.test_unknown_policy_fields_and_categories_are_input_errors) ... 
  test_unknown_policy_fields_and_categories_are_input_errors (__main__.ProductLiteralGuardTests.test_unknown_policy_fields_and_categories_are_input_errors) (mutation='revision') ... FAIL
test_unknown_suffix_and_unsupported_markup_css_fail_closed (__main__.ProductLiteralGuardTests.test_unknown_suffix_and_unsupported_markup_css_fail_closed) ... ok
test_unsupported_interpolations_text_blocks_and_nested_comments_block (__main__.ProductLiteralGuardTests.test_unsupported_interpolations_text_blocks_and_nested_comments_block) ... ok
test_weakened_value_schema_is_an_input_error (__main__.ProductLiteralGuardTests.test_weakened_value_schema_is_an_input_error) ... ok
test_whole_source_hash_change_invalidates_unchanged_literal (__main__.ProductLiteralGuardTests.test_whole_source_hash_change_invalidates_unchanged_literal) ... ok

======================================================================
FAIL: test_input_error_cannot_make_report_overwrite_product_source (__main__.ProductLiteralGuardTests.test_input_error_cannot_make_report_overwrite_product_source)
----------------------------------------------------------------------
Traceback (most recent call last):
  File "/workspace/scratch/72fc60ad1cc5/chatadhd/loom/tests/compat/test_product_literal_guard.py", line 498, in test_input_error_cannot_make_report_overwrite_product_source
    self.assertEqual(path.read_bytes(), original)
AssertionError: b'{\n  "schema": "loom.product_literals_rep[834 chars]n}\n' != b'"preserved";\n'

======================================================================
FAIL: test_unknown_policy_fields_and_categories_are_input_errors (__main__.ProductLiteralGuardTests.test_unknown_policy_fields_and_categories_are_input_errors) (mutation='revision')
----------------------------------------------------------------------
Traceback (most recent call last):
  File "/workspace/scratch/72fc60ad1cc5/chatadhd/loom/tests/compat/test_product_literal_guard.py", line 435, in test_unknown_policy_fields_and_categories_are_input_errors
    report, _ = self.run_guard(2)
                ^^^^^^^^^^^^^^^^^
  File "/workspace/scratch/72fc60ad1cc5/chatadhd/loom/tests/compat/test_product_literal_guard.py", line 95, in run_guard
    self.assertEqual(result.returncode, expected,
AssertionError: 1 != 2 : {"counts": {"allowed": 0, "blocked_files": 0, "candidates": 0, "excluded_test_fixture_files": 0, "files": 0, "product_files": 0, "source_bytes": 0, "stale_allowlist": 0, "unclassified": 0, "verified_generated_files": 0}, "io": {"generator_output_writes": 0, "network_calls": 0, "source_writes": 0}, "schema": "loom.product_literals_report/1", "valid": false}
{"issue_codes": {"empty_product_scope": 1}, "issue_count": 1}


----------------------------------------------------------------------
Ran 33 tests in 30.598s

FAILED (failures=2)
