Test project /workspace/scratch/a371a1ca13b1/verification/native-dev
      Start 11: unit.test_chat_engine
      Start 12: unit.test_chat_knowledge_context
      Start 14: unit.test_context_controls
      Start 15: unit.test_context_engine
 1/10 Test #11: unit.test_chat_engine ..............   Passed    0.12 sec
      Start 25: unit.test_github
 2/10 Test #25: unit.test_github ...................   Passed    0.07 sec
      Start 26: unit.test_graph
 3/10 Test #26: unit.test_graph ....................   Passed    0.13 sec
      Start 37: unit.test_knowledge_store
 4/10 Test #37: unit.test_knowledge_store ..........   Passed    0.26 sec
      Start 48: unit.test_resolve
 5/10 Test #48: unit.test_resolve ..................   Passed    0.39 sec
      Start 57: compat.test_abi_compat
 6/10 Test #57: compat.test_abi_compat .............   Passed    0.45 sec
      Start 63: compat.test_github_sync_defaults
 7/10 Test #63: compat.test_github_sync_defaults ...   Passed    0.25 sec
 8/10 Test #12: unit.test_chat_knowledge_context ...   Passed    3.86 sec
 9/10 Test #14: unit.test_context_controls .........   Passed    3.89 sec
10/10 Test #15: unit.test_context_engine ...........   Passed   14.35 sec

100% tests passed out of 10

Total Test time (real) =  14.36 sec
