test_module_cli_accepts_snapshot_and_preserves_inputs_and_existing_output (loom.tools.structure.retrieval_exploration_v1.test_source_projection.CommandLineTests.test_module_cli_accepts_snapshot_and_preserves_inputs_and_existing_output) ... ok
test_all_12_control_projection_objects_match_saved_v2_receipt (loom.tools.structure.retrieval_exploration_v1.test_source_projection.HistoricalParityTests.test_all_12_control_projection_objects_match_saved_v2_receipt) ... ok
test_all_84_native_projection_objects_match_saved_v2_receipt (loom.tools.structure.retrieval_exploration_v1.test_source_projection.HistoricalParityTests.test_all_84_native_projection_objects_match_saved_v2_receipt) ... ok
test_actor_name_metadata_conflict_abstains (loom.tools.structure.retrieval_exploration_v1.test_source_projection.LegacyContractTests.test_actor_name_metadata_conflict_abstains) ... ok
test_actual_second_part_unknown_under_frozen_wrapper_policy (loom.tools.structure.retrieval_exploration_v1.test_source_projection.LegacyContractTests.test_actual_second_part_unknown_under_frozen_wrapper_policy) ... ok
test_bad_index_policy_is_explicit_error (loom.tools.structure.retrieval_exploration_v1.test_source_projection.LegacyContractTests.test_bad_index_policy_is_explicit_error) ... ok
test_colliding_turn_ids_remain_bound_to_distinct_source_hashes (loom.tools.structure.retrieval_exploration_v1.test_source_projection.LegacyContractTests.test_colliding_turn_ids_remain_bound_to_distinct_source_hashes) ... ok
test_conflicting_epoch_date_abstains (loom.tools.structure.retrieval_exploration_v1.test_source_projection.LegacyContractTests.test_conflicting_epoch_date_abstains) ... ok
test_explicit_alternative_part_policy_resolves_without_code_change (loom.tools.structure.retrieval_exploration_v1.test_source_projection.LegacyContractTests.test_explicit_alternative_part_policy_resolves_without_code_change) ... ok
test_inside_codepoint_is_unavailable (loom.tools.structure.retrieval_exploration_v1.test_source_projection.LegacyContractTests.test_inside_codepoint_is_unavailable) ... ok
test_invalid_actor_type_abstains (loom.tools.structure.retrieval_exploration_v1.test_source_projection.LegacyContractTests.test_invalid_actor_type_abstains) ... ok
test_known_at_none_is_unknown_without_epoch_imputation (loom.tools.structure.retrieval_exploration_v1.test_source_projection.LegacyContractTests.test_known_at_none_is_unknown_without_epoch_imputation) ... ok
test_leading_zero_index_is_not_silently_normalized (loom.tools.structure.retrieval_exploration_v1.test_source_projection.LegacyContractTests.test_leading_zero_index_is_not_silently_normalized) ... ok
test_malformed_locator_is_unavailable (loom.tools.structure.retrieval_exploration_v1.test_source_projection.LegacyContractTests.test_malformed_locator_is_unavailable) ... ok
test_malformed_pointer_scalar_is_unavailable (loom.tools.structure.retrieval_exploration_v1.test_source_projection.LegacyContractTests.test_malformed_pointer_scalar_is_unavailable) ... ok
test_missing_actor_does_not_fall_back_to_user_role (loom.tools.structure.retrieval_exploration_v1.test_source_projection.LegacyContractTests.test_missing_actor_does_not_fall_back_to_user_role) ... ok
test_missing_locator_is_unavailable (loom.tools.structure.retrieval_exploration_v1.test_source_projection.LegacyContractTests.test_missing_locator_is_unavailable) ... ok
test_missing_observation_date_is_explicit (loom.tools.structure.retrieval_exploration_v1.test_source_projection.LegacyContractTests.test_missing_observation_date_is_explicit) ... ok
test_mixed_source_ids_explicit_abstention (loom.tools.structure.retrieval_exploration_v1.test_source_projection.LegacyContractTests.test_mixed_source_ids_explicit_abstention) ... ok
test_narrow_quote_retains_message_actor (loom.tools.structure.retrieval_exploration_v1.test_source_projection.LegacyContractTests.test_narrow_quote_retains_message_actor) ... ok
test_negative_index_is_not_rfc6901_array_index (loom.tools.structure.retrieval_exploration_v1.test_source_projection.LegacyContractTests.test_negative_index_is_not_rfc6901_array_index) ... ok
test_one_raw_actor_source_can_resolve_without_second (loom.tools.structure.retrieval_exploration_v1.test_source_projection.LegacyContractTests.test_one_raw_actor_source_can_resolve_without_second) ... ok
test_projection_never_mutates_raw_or_observation (loom.tools.structure.retrieval_exploration_v1.test_source_projection.LegacyContractTests.test_projection_never_mutates_raw_or_observation) ... ok
test_same_recorded_actor_and_role_remain_separate (loom.tools.structure.retrieval_exploration_v1.test_source_projection.LegacyContractTests.test_same_recorded_actor_and_role_remain_separate) ... ok
test_source_hash_mismatch_is_unavailable (loom.tools.structure.retrieval_exploration_v1.test_source_projection.LegacyContractTests.test_source_hash_mismatch_is_unavailable) ... ok
test_span_outside_source_does_not_accept_empty_quote (loom.tools.structure.retrieval_exploration_v1.test_source_projection.LegacyContractTests.test_span_outside_source_does_not_accept_empty_quote) ... ok
test_turn_id_source_fields_conflict (loom.tools.structure.retrieval_exploration_v1.test_source_projection.LegacyContractTests.test_turn_id_source_fields_conflict) ... ok
test_unsupported_identity_policy_is_not_silently_ignored (loom.tools.structure.retrieval_exploration_v1.test_source_projection.LegacyContractTests.test_unsupported_identity_policy_is_not_silently_ignored) ... ok
test_unsupported_pointer_is_not_guessed (loom.tools.structure.retrieval_exploration_v1.test_source_projection.LegacyContractTests.test_unsupported_pointer_is_not_guessed) ... ok
test_unsupported_resolution_policy_is_not_silently_ignored (loom.tools.structure.retrieval_exploration_v1.test_source_projection.LegacyContractTests.test_unsupported_resolution_policy_is_not_silently_ignored) ... ok
test_batch_decodes_one_source_once_and_preserves_order (loom.tools.structure.retrieval_exploration_v1.test_source_projection.SourceBoundaryTests.test_batch_decodes_one_source_once_and_preserves_order) ... ok
test_batch_preserves_distinct_source_namespace_and_hash_mismatch (loom.tools.structure.retrieval_exploration_v1.test_source_projection.SourceBoundaryTests.test_batch_preserves_distinct_source_namespace_and_hash_mismatch) ... ok
test_bool_epoch_is_not_a_timestamp_even_if_it_matches (loom.tools.structure.retrieval_exploration_v1.test_source_projection.SourceBoundaryTests.test_bool_epoch_is_not_a_timestamp_even_if_it_matches) ... ok
test_boolean_span_values_are_not_integer_byte_offsets (loom.tools.structure.retrieval_exploration_v1.test_source_projection.SourceBoundaryTests.test_boolean_span_values_are_not_integer_byte_offsets) ... ok
test_custom_metadata_paths_remain_recipe_data (loom.tools.structure.retrieval_exploration_v1.test_source_projection.SourceBoundaryTests.test_custom_metadata_paths_remain_recipe_data) ... ok
test_duplicate_actor_key_abstains_without_erasing_role_or_quote (loom.tools.structure.retrieval_exploration_v1.test_source_projection.SourceBoundaryTests.test_duplicate_actor_key_abstains_without_erasing_role_or_quote) ... ok
test_duplicate_epoch_abstains_only_for_source_known_at (loom.tools.structure.retrieval_exploration_v1.test_source_projection.SourceBoundaryTests.test_duplicate_epoch_abstains_only_for_source_known_at) ... ok
test_duplicate_message_ancestor_makes_source_binding_ambiguous (loom.tools.structure.retrieval_exploration_v1.test_source_projection.SourceBoundaryTests.test_duplicate_message_ancestor_makes_source_binding_ambiguous) ... ok
test_duplicate_text_part_container_makes_quote_ambiguous (loom.tools.structure.retrieval_exploration_v1.test_source_projection.SourceBoundaryTests.test_duplicate_text_part_container_makes_quote_ambiguous) ... ok
test_escaped_duplicate_json_key_cannot_hide_ambiguity (loom.tools.structure.retrieval_exploration_v1.test_source_projection.SourceBoundaryTests.test_escaped_duplicate_json_key_cannot_hide_ambiguity) ... ok
test_huge_epoch_and_platform_failure_are_explicit (loom.tools.structure.retrieval_exploration_v1.test_source_projection.SourceBoundaryTests.test_huge_epoch_and_platform_failure_are_explicit) ... ok
test_invalid_pointer_escape_is_not_an_exact_binding (loom.tools.structure.retrieval_exploration_v1.test_source_projection.SourceBoundaryTests.test_invalid_pointer_escape_is_not_an_exact_binding) ... ok
test_lone_surrogate_actor_abstains_for_that_field (loom.tools.structure.retrieval_exploration_v1.test_source_projection.SourceBoundaryTests.test_lone_surrogate_actor_abstains_for_that_field) ... ok
test_lone_surrogate_text_is_an_unavailable_projection (loom.tools.structure.retrieval_exploration_v1.test_source_projection.SourceBoundaryTests.test_lone_surrogate_text_is_an_unavailable_projection) ... ok
test_malformed_policy_path_and_unknown_format_fail_explicitly (loom.tools.structure.retrieval_exploration_v1.test_source_projection.SourceBoundaryTests.test_malformed_policy_path_and_unknown_format_fail_explicitly) ... ok
test_mapping_and_content_parts_container_types_are_verified (loom.tools.structure.retrieval_exploration_v1.test_source_projection.SourceBoundaryTests.test_mapping_and_content_parts_container_types_are_verified) ... ok
test_non_json_numeric_constants_are_not_silently_decoded (loom.tools.structure.retrieval_exploration_v1.test_source_projection.SourceBoundaryTests.test_non_json_numeric_constants_are_not_silently_decoded) ... ok
test_same_duplicate_values_still_have_no_unique_pointer (loom.tools.structure.retrieval_exploration_v1.test_source_projection.SourceBoundaryTests.test_same_duplicate_values_still_have_no_unique_pointer) ... ok
test_scalar_parent_is_invalid_field_structure_not_missing (loom.tools.structure.retrieval_exploration_v1.test_source_projection.SourceBoundaryTests.test_scalar_parent_is_invalid_field_structure_not_missing) ... ok
test_truncated_or_non_utf_json_is_an_unavailable_projection (loom.tools.structure.retrieval_exploration_v1.test_source_projection.SourceBoundaryTests.test_truncated_or_non_utf_json_is_an_unavailable_projection) ... ok
test_unrelated_duplicate_key_does_not_veto_source_evidence (loom.tools.structure.retrieval_exploration_v1.test_source_projection.SourceBoundaryTests.test_unrelated_duplicate_key_does_not_veto_source_evidence) ... ok
test_valid_escaped_slash_tilde_and_empty_token_keep_literal_identity (loom.tools.structure.retrieval_exploration_v1.test_source_projection.SourceBoundaryTests.test_valid_escaped_slash_tilde_and_empty_token_keep_literal_identity) ... ok

----------------------------------------------------------------------
Ran 52 tests in 0.167s

OK
