Verified 1 executed CTest entries; 0 explicitly unexecuted entries.
test_aggregated_outer_skip_and_invalid_xml_root_fail (test_verify_ctest.EvidenceGateTests.test_aggregated_outer_skip_and_invalid_xml_root_fail) ... ok
test_asan_exception_does_not_allow_partial_or_other_skips (test_verify_ctest.EvidenceGateTests.test_asan_exception_does_not_allow_partial_or_other_skips) ... ok
test_asan_existing_shared_library_unavailability_is_explicit (test_verify_ctest.EvidenceGateTests.test_asan_existing_shared_library_unavailability_is_explicit) ... ok
test_asan_named_exception_requires_documented_unavailability (test_verify_ctest.EvidenceGateTests.test_asan_named_exception_requires_documented_unavailability) ... ok
test_cli_writes_reviewable_evidence_and_nonzero_exit (test_verify_ctest.EvidenceGateTests.test_cli_writes_reviewable_evidence_and_nonzero_exit) ... ok
test_empty_manifest_and_outer_failure_or_skip_fail (test_verify_ctest.EvidenceGateTests.test_empty_manifest_and_outer_failure_or_skip_fail) ... ok
test_enabled_scale_must_have_real_assertions (test_verify_ctest.EvidenceGateTests.test_enabled_scale_must_have_real_assertions) ... ok
test_historical_zero_success_is_rejected (test_verify_ctest.EvidenceGateTests.test_historical_zero_success_is_rejected) ... ok
test_manifest_duplicate_missing_and_extra_entries_fail (test_verify_ctest.EvidenceGateTests.test_manifest_duplicate_missing_and_extra_entries_fail) ... ok
test_missing_truncated_and_duplicate_summaries_fail (test_verify_ctest.EvidenceGateTests.test_missing_truncated_and_duplicate_summaries_fail) ... ok
test_outer_suite_failure_counts_fail_even_without_child (test_verify_ctest.EvidenceGateTests.test_outer_suite_failure_counts_fail_even_without_child) ... ok
test_positive_cases_with_no_assertions_do_not_establish_verification (test_verify_ctest.EvidenceGateTests.test_positive_cases_with_no_assertions_do_not_establish_verification) ... ok
test_positive_inner_cases_are_counted_separately_from_entries (test_verify_ctest.EvidenceGateTests.test_positive_inner_cases_are_counted_separately_from_entries) ... ok
test_python_zero_missing_and_unexpected_skips_fail (test_verify_ctest.EvidenceGateTests.test_python_zero_missing_and_unexpected_skips_fail) ... ok
test_scale_opt_in_is_classified_unexecuted (test_verify_ctest.EvidenceGateTests.test_scale_opt_in_is_classified_unexecuted) ... ok
test_smoke_explicit_skip_is_not_success (test_verify_ctest.EvidenceGateTests.test_smoke_explicit_skip_is_not_success) ... ok
test_declared_unavailability_requires_exact_name_and_matching_reason (test_verify_ctest.PolicyLoaderTests.test_declared_unavailability_requires_exact_name_and_matching_reason) ... ok
test_duplicate_and_conflicting_policy_bindings_are_rejected (test_verify_ctest.PolicyLoaderTests.test_duplicate_and_conflicting_policy_bindings_are_rejected) ... ok
test_duplicate_json_keys_and_missing_files_do_not_fall_back (test_verify_ctest.PolicyLoaderTests.test_duplicate_json_keys_and_missing_files_do_not_fall_back) ... ok
test_explicit_policy_cli_accepts_declared_preset (test_verify_ctest.PolicyLoaderTests.test_explicit_policy_cli_accepts_declared_preset) ... ok
test_invalid_policy_cli_writes_failure_evidence (test_verify_ctest.PolicyLoaderTests.test_invalid_policy_cli_writes_failure_evidence) ... ok
test_loaded_policy_cannot_drift_after_hashing (test_verify_ctest.PolicyLoaderTests.test_loaded_policy_cannot_drift_after_hashing) ... ok
test_malformed_policy_schema_cli_writes_negative_evidence (test_verify_ctest.PolicyLoaderTests.test_malformed_policy_schema_cli_writes_negative_evidence) ... ok
test_malformed_schema_values_and_generic_ignore_are_rejected (test_verify_ctest.PolicyLoaderTests.test_malformed_schema_values_and_generic_ignore_are_rejected) ... ok
test_new_declared_preset_and_runner_need_no_code_branch (test_verify_ctest.PolicyLoaderTests.test_new_declared_preset_and_runner_need_no_code_branch) ... ok
test_policy_exception_cannot_hide_outer_failure_or_missing_manifest_entry (test_verify_ctest.PolicyLoaderTests.test_policy_exception_cannot_hide_outer_failure_or_missing_manifest_entry) ... ok
test_valid_policy_provenance_survives_missing_test_input (test_verify_ctest.PolicyLoaderTests.test_valid_policy_provenance_survives_missing_test_input) ... ok
test_version_and_exact_bytes_are_in_evidence (test_verify_ctest.PolicyLoaderTests.test_version_and_exact_bytes_are_in_evidence) ... ok

----------------------------------------------------------------------
Ran 28 tests in 1.060s

OK
