[0/2] Re-checking globbed directories...
[1/237] Building C object CMakeFiles/loom_miniz.dir/third_party/miniz/miniz.c.o
/workspace/scratch/2a6e71927cf3/chatadhd/loom/third_party/miniz/miniz.c:3185:9: note: ‘#pragma message: Using fopen, ftello, fseeko, stat() etc. path for file I/O - this path may not support large files.’
 3185 | #pragma message("Using fopen, ftello, fseeko, stat() etc. path for file I/O - this path may not support large files.")
      |         ^~~~~~~
[2/237] Linking C static library libloom_miniz.a
[3/237] Building CXX object CMakeFiles/loom_core.dir/src/archive/cluster.cpp.o
[4/237] Building C object CMakeFiles/loom_sqlite3_amalgamation.dir/third_party/sqlite/sqlite3.c.o
[5/237] Linking C static library libloom_sqlite3_amalgamation.a
[6/237] Building CXX object CMakeFiles/loom_core.dir/src/archive/ingest_parse.cpp.o
[7/237] Building CXX object CMakeFiles/loom_core.dir/src/archive/ingest.cpp.o
[8/237] Building CXX object CMakeFiles/loom_core.dir/src/archive/items.cpp.o
[9/237] Building CXX object CMakeFiles/loom_core.dir/src/archive/synth.cpp.o
[10/237] Building CXX object CMakeFiles/loom_core.dir/src/archive/pipeline.cpp.o
[11/237] Building CXX object CMakeFiles/loom_core.dir/src/archive/text.cpp.o
[12/237] Building CXX object CMakeFiles/loom_core.dir/src/archive/vocab.cpp.o
[13/237] Building CXX object CMakeFiles/loom_core.dir/src/capi/capi_archive.cpp.o
[14/237] Building CXX object CMakeFiles/loom_core.dir/src/capi/capi_catalog.cpp.o
[15/237] Building CXX object CMakeFiles/loom_core.dir/src/capi/capi_chat.cpp.o
[16/237] Building CXX object CMakeFiles/loom_core.dir/src/capi/capi_context.cpp.o
FAILED: [code=1] CMakeFiles/loom_core.dir/src/capi/capi_context.cpp.o 
/usr/bin/c++ -DCPPHTTPLIB_OPENSSL_SUPPORT=1 -DJSON_USE_IMPLICIT_CONVERSIONS=1 -DLOOM_BUILDING=1 -DLOOM_HAVE_OPENSSL=1 -DLOOM_VENDORED_SQLITE=1 -DLOOM_VERSION_STRING=\"0.1.0\" -I/workspace/scratch/2a6e71927cf3/chatadhd/loom/include -I/workspace/scratch/2a6e71927cf3/chatadhd/loom/src -isystem /workspace/scratch/2a6e71927cf3/chatadhd/loom/third_party/nlohmann -isystem /workspace/scratch/2a6e71927cf3/chatadhd/loom/third_party/cpp-httplib -isystem /workspace/scratch/2a6e71927cf3/chatadhd/loom/third_party/sqlite -isystem /workspace/scratch/2a6e71927cf3/chatadhd/loom/third_party/miniz -O0 -g0 -std=c++20 -fPIC -fvisibility=hidden -fvisibility-inlines-hidden -Wall -Wextra -Wpedantic -Wshadow -Wnon-virtual-dtor -Wold-style-cast -Wcast-align -Woverloaded-virtual -Wnull-dereference -Wimplicit-fallthrough -Wno-unused-parameter -Werror -MD -MT CMakeFiles/loom_core.dir/src/capi/capi_context.cpp.o -MF CMakeFiles/loom_core.dir/src/capi/capi_context.cpp.o.d -o CMakeFiles/loom_core.dir/src/capi/capi_context.cpp.o -c /workspace/scratch/2a6e71927cf3/chatadhd/loom/src/capi/capi_context.cpp
/workspace/scratch/2a6e71927cf3/chatadhd/loom/src/capi/capi_context.cpp:64:1: fatal error: error writing to /tmp/ccM2shWq.s: No space left on device
   64 | }  // extern "C"
      | ^
compilation terminated.
[17/237] Building CXX object CMakeFiles/loom_core.dir/src/capi/capi_core.cpp.o
ninja: build stopped: subcommand failed.
