[0/2] Re-checking globbed directories...
[1/148] Building CXX object CMakeFiles/loom_core.dir/src/kb/candidates.cpp.o
[2/148] Building CXX object CMakeFiles/loom_core.dir/src/import/importer_zip.cpp.o
[3/148] Building CXX object CMakeFiles/loom_core.dir/src/kb/evidence.cpp.o
[4/148] Building CXX object CMakeFiles/loom_core.dir/src/kb/normalize.cpp.o
[5/148] Building CXX object CMakeFiles/loom_core.dir/src/kb/graph_packet_store.cpp.o
[6/148] Building CXX object CMakeFiles/loom_core.dir/src/kb/schema.cpp.o
[7/148] Building CXX object CMakeFiles/loom_core.dir/src/kb/pack.cpp.o
[8/148] Building CXX object CMakeFiles/loom_core.dir/src/kb/store.cpp.o
[9/148] Building CXX object CMakeFiles/loom_core.dir/src/knowledge/engine.cpp.o
[10/148] Building CXX object CMakeFiles/loom_core.dir/src/media/media_providers.cpp.o
[11/148] Building CXX object CMakeFiles/loom_core.dir/src/materialize/materialize.cpp.o
[12/148] Building CXX object CMakeFiles/loom_core.dir/src/memory/memory_engine.cpp.o
[13/148] Building CXX object CMakeFiles/loom_core.dir/src/model/model_action.cpp.o
[14/148] Building CXX object CMakeFiles/loom_core.dir/src/model/model_general.cpp.o
[15/148] Building CXX object CMakeFiles/loom_core.dir/src/model/model_core.cpp.o
[16/148] Building CXX object CMakeFiles/loom_core.dir/src/model/model_pack.cpp.o
[17/148] Building CXX object CMakeFiles/loom_core.dir/src/net/http_common.cpp.o
[18/148] Building CXX object CMakeFiles/loom_core.dir/src/net/sse.cpp.o
[19/148] Building CXX object CMakeFiles/loom_core.dir/src/providers/providers.cpp.o
[20/148] Building CXX object CMakeFiles/loom_core.dir/src/re/regex.cpp.o
[21/148] Building CXX object CMakeFiles/loom_core.dir/src/net/http_default.cpp.o
[22/148] Building CXX object CMakeFiles/loom_core.dir/src/resolve/assess.cpp.o
[23/148] Building CXX object CMakeFiles/loom_core.dir/src/resolve/lineage.cpp.o
[24/148] Building CXX object CMakeFiles/loom_core.dir/src/resolve/attribution.cpp.o
[25/148] Building CXX object CMakeFiles/loom_core.dir/src/resolve/resolver.cpp.o
[26/148] Building CXX object CMakeFiles/loom_core.dir/src/resolve/stage.cpp.o
[27/148] Building CXX object CMakeFiles/loom_core.dir/src/resolve/vectors.cpp.o
[28/148] Building CXX object CMakeFiles/loom_core.dir/src/search/selector.cpp.o
[29/148] Building CXX object CMakeFiles/loom_core.dir/src/runtime.cpp.o
[30/148] Building CXX object CMakeFiles/loom_core.dir/src/semantic/analyzer.cpp.o
[31/148] Building CXX object CMakeFiles/loom_core.dir/src/util/base64.cpp.o
[32/148] Building CXX object CMakeFiles/loom_core.dir/src/util/fs.cpp.o
[33/148] Building CXX object CMakeFiles/loom_core.dir/src/semantic/semantic_llm.cpp.o
[34/148] Building CXX object CMakeFiles/loom_core.dir/src/util/json.cpp.o
[35/148] Building CXX object CMakeFiles/loom_core.dir/src/util/log.cpp.o
[36/148] Building CXX object CMakeFiles/loom_core.dir/src/util/result.cpp.o
[37/148] Building CXX object CMakeFiles/loom_core.dir/src/util/random_ids_time.cpp.o
[38/148] Building CXX object CMakeFiles/loom_core.dir/src/util/sha256.cpp.o
[39/148] Building CXX object CMakeFiles/loom_core.dir/src/util/unicode.cpp.o
[40/148] Building CXX object CMakeFiles/loom_core.dir/src/util/utf8.cpp.o
[41/148] Building C object CMakeFiles/loom.dir/src/capi/shared_anchor.c.o
[42/148] Building CXX object CMakeFiles/loom_tests.dir/tests/main.cpp.o
[43/148] Building CXX object CMakeFiles/loom_core.dir/src/worker/semantic_worker.cpp.o
[44/148] Linking CXX static library libloom_core.a
[45/148] Linking CXX shared library libloom.so.0.1.0
FAILED: [code=1] libloom.so.0.1.0 
: && /usr/bin/c++ -fPIC -O0 -g0  -shared -Wl,--no-undefined -Wl,--dependency-file=CMakeFiles/loom.dir/link.d -Wl,-soname,libloom.so.0 -o libloom.so.0.1.0 CMakeFiles/loom.dir/src/capi/shared_anchor.c.o  -Wl,--push-state,--whole-archive  libloom_core.a  -Wl,--pop-state  libloom_sqlite3_amalgamation.a  -ldl  -lm  libloom_miniz.a  /usr/lib/x86_64-linux-gnu/libssl.so  /usr/lib/x86_64-linux-gnu/libcrypto.so && :
/usr/bin/ld: libloom_core.a: member libloom_core.a(fts.cpp.o) in archive is not an object
collect2: error: ld returned 1 exit status
[46/148] Building CXX object CMakeFiles/loom_tests.dir/tests/test_archive.cpp.o
ninja: build stopped: subcommand failed.
