-- The C compiler identification is GNU 13.3.0
-- The CXX compiler identification is GNU 13.3.0
-- Detecting C compiler ABI info
-- Detecting C compiler ABI info - done
-- Check for working C compiler: /usr/bin/cc - skipped
-- Detecting C compile features
-- Detecting C compile features - done
-- Detecting CXX compiler ABI info
-- Detecting CXX compiler ABI info - done
-- Check for working CXX compiler: /usr/bin/c++ - skipped
-- Detecting CXX compile features
-- Detecting CXX compile features - done
-- Performing Test CMAKE_HAVE_LIBC_PTHREAD
-- Performing Test CMAKE_HAVE_LIBC_PTHREAD - Success
-- Found Threads: TRUE
CMake Error at /root/.local/lib/python3.12/site-packages/cmake/data/share/cmake-4.4/Modules/FindPackageHandleStandardArgs.cmake:290 (message):
  Could NOT find SQLite3 (missing: SQLite3_LIBRARY SQLite3_INCLUDE_DIR)
Call Stack (most recent call first):
  /root/.local/lib/python3.12/site-packages/cmake/data/share/cmake-4.4/Modules/FindPackageHandleStandardArgs.cmake:654 (_FPHSA_FAILURE_MESSAGE)
  /root/.local/lib/python3.12/site-packages/cmake/data/share/cmake-4.4/Modules/FindSQLite3.cmake:108 (find_package_handle_standard_args)
  CMakeLists.txt:67 (find_package)


-- Configuring incomplete, errors occurred!
